[2022-12-31T20:12:30.905+0900][gc,heap] Heap region size: 1M
[2022-12-31T20:12:30.911+0900][gc     ] Using G1
[2022-12-31T20:12:30.911+0900][gc,heap,coops] Heap address: 0x00000007c0000000, size: 1024 MB, Compressed Oops mode: Zero based, Oop shift amount: 3
[2022-12-31T20:12:37.073+0900][gc,start     ] GC(0) Pause Young (Concurrent Start) (Metadata GC Threshold)
[2022-12-31T20:12:37.073+0900][gc,task      ] GC(0) Using 8 workers of 8 for evacuation
[2022-12-31T20:12:37.084+0900][gc,phases    ] GC(0)   Pre Evacuate Collection Set: 0.0ms
[2022-12-31T20:12:37.084+0900][gc,phases    ] GC(0)   Evacuate Collection Set: 9.9ms
[2022-12-31T20:12:37.084+0900][gc,phases    ] GC(0)   Post Evacuate Collection Set: 0.4ms
[2022-12-31T20:12:37.084+0900][gc,phases    ] GC(0)   Other: 0.6ms
[2022-12-31T20:12:37.084+0900][gc,heap      ] GC(0) Eden regions: 47->0(44)
[2022-12-31T20:12:37.084+0900][gc,heap      ] GC(0) Survivor regions: 0->7(7)
[2022-12-31T20:12:37.084+0900][gc,heap      ] GC(0) Old regions: 0->0
[2022-12-31T20:12:37.084+0900][gc,heap      ] GC(0) Humongous regions: 0->0
[2022-12-31T20:12:37.084+0900][gc,metaspace ] GC(0) Metaspace: 20569K->20569K(1069056K)
[2022-12-31T20:12:37.084+0900][gc           ] GC(0) Pause Young (Concurrent Start) (Metadata GC Threshold) 46M->6M(1024M) 11.053ms
[2022-12-31T20:12:37.084+0900][gc,cpu       ] GC(0) User=0.03s Sys=0.01s Real=0.01s
[2022-12-31T20:12:37.084+0900][gc           ] GC(1) Concurrent Cycle
[2022-12-31T20:12:37.084+0900][gc,marking   ] GC(1) Concurrent Clear Claimed Marks
[2022-12-31T20:12:37.084+0900][gc,marking   ] GC(1) Concurrent Clear Claimed Marks 0.036ms
[2022-12-31T20:12:37.084+0900][gc,marking   ] GC(1) Concurrent Scan Root Regions
[2022-12-31T20:12:37.086+0900][gc,marking   ] GC(1) Concurrent Scan Root Regions 2.037ms
[2022-12-31T20:12:37.086+0900][gc,marking   ] GC(1) Concurrent Mark (6.190s)
[2022-12-31T20:12:37.086+0900][gc,marking   ] GC(1) Concurrent Mark From Roots
[2022-12-31T20:12:37.086+0900][gc,task      ] GC(1) Using 2 workers of 2 for marking
[2022-12-31T20:12:37.086+0900][gc,marking   ] GC(1) Concurrent Mark From Roots 0.155ms
[2022-12-31T20:12:37.086+0900][gc,marking   ] GC(1) Concurrent Preclean
[2022-12-31T20:12:37.086+0900][gc,marking   ] GC(1) Concurrent Preclean 0.026ms
[2022-12-31T20:12:37.086+0900][gc,marking   ] GC(1) Concurrent Mark (6.190s, 6.191s) 0.214ms
[2022-12-31T20:12:37.087+0900][gc,start     ] GC(1) Pause Remark
[2022-12-31T20:12:37.091+0900][gc,stringtable] GC(1) Cleaned string and symbol table, strings: 7137 processed, 0 removed, symbols: 64515 processed, 32 removed
[2022-12-31T20:12:37.091+0900][gc            ] GC(1) Pause Remark 7M->7M(1024M) 4.339ms
[2022-12-31T20:12:37.091+0900][gc,cpu        ] GC(1) User=0.01s Sys=0.00s Real=0.01s
[2022-12-31T20:12:37.092+0900][gc,marking    ] GC(1) Concurrent Rebuild Remembered Sets
[2022-12-31T20:12:37.092+0900][gc,marking    ] GC(1) Concurrent Rebuild Remembered Sets 0.035ms
[2022-12-31T20:12:37.092+0900][gc,start      ] GC(1) Pause Cleanup
[2022-12-31T20:12:37.092+0900][gc            ] GC(1) Pause Cleanup 7M->7M(1024M) 0.079ms
[2022-12-31T20:12:37.092+0900][gc,cpu        ] GC(1) User=0.00s Sys=0.00s Real=0.00s
[2022-12-31T20:12:37.092+0900][gc,marking    ] GC(1) Concurrent Cleanup for Next Mark
[2022-12-31T20:12:37.095+0900][gc,marking    ] GC(1) Concurrent Cleanup for Next Mark 2.968ms
[2022-12-31T20:12:37.095+0900][gc            ] GC(1) Concurrent Cycle 10.906ms
[2022-12-31T20:12:38.096+0900][gc,start      ] GC(2) Pause Young (Normal) (G1 Evacuation Pause)
[2022-12-31T20:12:38.096+0900][gc,task       ] GC(2) Using 8 workers of 8 for evacuation
[2022-12-31T20:12:38.112+0900][gc,phases     ] GC(2)   Pre Evacuate Collection Set: 0.0ms
[2022-12-31T20:12:38.112+0900][gc,phases     ] GC(2)   Evacuate Collection Set: 15.5ms
[2022-12-31T20:12:38.112+0900][gc,phases     ] GC(2)   Post Evacuate Collection Set: 0.4ms
[2022-12-31T20:12:38.112+0900][gc,phases     ] GC(2)   Other: 0.1ms
[2022-12-31T20:12:38.112+0900][gc,heap       ] GC(2) Eden regions: 44->0(48)
[2022-12-31T20:12:38.112+0900][gc,heap       ] GC(2) Survivor regions: 7->3(7)
[2022-12-31T20:12:38.112+0900][gc,heap       ] GC(2) Old regions: 0->7
[2022-12-31T20:12:38.112+0900][gc,heap       ] GC(2) Humongous regions: 129->129
[2022-12-31T20:12:38.112+0900][gc,metaspace  ] GC(2) Metaspace: 29185K->29185K(1075200K)
[2022-12-31T20:12:38.112+0900][gc            ] GC(2) Pause Young (Normal) (G1 Evacuation Pause) 179M->137M(1024M) 16.113ms
[2022-12-31T20:12:38.112+0900][gc,cpu        ] GC(2) User=0.06s Sys=0.02s Real=0.02s
[2022-12-31T20:12:38.542+0900][gc,start      ] GC(3) Pause Young (Concurrent Start) (Metadata GC Threshold)
[2022-12-31T20:12:38.542+0900][gc,task       ] GC(3) Using 8 workers of 8 for evacuation
[2022-12-31T20:12:38.547+0900][gc,phases     ] GC(3)   Pre Evacuate Collection Set: 0.1ms
[2022-12-31T20:12:38.547+0900][gc,phases     ] GC(3)   Evacuate Collection Set: 4.0ms
[2022-12-31T20:12:38.547+0900][gc,phases     ] GC(3)   Post Evacuate Collection Set: 0.3ms
[2022-12-31T20:12:38.547+0900][gc,phases     ] GC(3)   Other: 0.2ms
[2022-12-31T20:12:38.547+0900][gc,heap       ] GC(3) Eden regions: 33->0(47)
[2022-12-31T20:12:38.547+0900][gc,heap       ] GC(3) Survivor regions: 3->4(7)
[2022-12-31T20:12:38.547+0900][gc,heap       ] GC(3) Old regions: 7->7
[2022-12-31T20:12:38.547+0900][gc,heap       ] GC(3) Humongous regions: 129->129
[2022-12-31T20:12:38.547+0900][gc,metaspace  ] GC(3) Metaspace: 34778K->34778K(1081344K)
[2022-12-31T20:12:38.547+0900][gc            ] GC(3) Pause Young (Concurrent Start) (Metadata GC Threshold) 170M->139M(1024M) 4.611ms
[2022-12-31T20:12:38.547+0900][gc,cpu        ] GC(3) User=0.02s Sys=0.00s Real=0.00s
[2022-12-31T20:12:38.547+0900][gc            ] GC(4) Concurrent Cycle
[2022-12-31T20:12:38.547+0900][gc,marking    ] GC(4) Concurrent Clear Claimed Marks
[2022-12-31T20:12:38.547+0900][gc,marking    ] GC(4) Concurrent Clear Claimed Marks 0.079ms
[2022-12-31T20:12:38.547+0900][gc,marking    ] GC(4) Concurrent Scan Root Regions
[2022-12-31T20:12:38.549+0900][gc,marking    ] GC(4) Concurrent Scan Root Regions 1.401ms
[2022-12-31T20:12:38.549+0900][gc,marking    ] GC(4) Concurrent Mark (7.653s)
[2022-12-31T20:12:38.549+0900][gc,marking    ] GC(4) Concurrent Mark From Roots
[2022-12-31T20:12:38.549+0900][gc,task       ] GC(4) Using 2 workers of 2 for marking
[2022-12-31T20:12:38.556+0900][gc,marking    ] GC(4) Concurrent Mark From Roots 7.328ms
[2022-12-31T20:12:38.556+0900][gc,marking    ] GC(4) Concurrent Preclean
[2022-12-31T20:12:38.556+0900][gc,marking    ] GC(4) Concurrent Preclean 0.045ms
[2022-12-31T20:12:38.556+0900][gc,marking    ] GC(4) Concurrent Mark (7.653s, 7.660s) 7.434ms
[2022-12-31T20:12:38.556+0900][gc,start      ] GC(4) Pause Remark
[2022-12-31T20:12:38.564+0900][gc,stringtable] GC(4) Cleaned string and symbol table, strings: 11470 processed, 10 removed, symbols: 96805 processed, 21 removed
[2022-12-31T20:12:38.564+0900][gc            ] GC(4) Pause Remark 140M->140M(1024M) 7.404ms
[2022-12-31T20:12:38.564+0900][gc,cpu        ] GC(4) User=0.01s Sys=0.00s Real=0.01s
[2022-12-31T20:12:38.564+0900][gc,marking    ] GC(4) Concurrent Rebuild Remembered Sets
[2022-12-31T20:12:38.566+0900][gc,marking    ] GC(4) Concurrent Rebuild Remembered Sets 2.103ms
[2022-12-31T20:12:38.566+0900][gc,start      ] GC(4) Pause Cleanup
[2022-12-31T20:12:38.566+0900][gc            ] GC(4) Pause Cleanup 140M->140M(1024M) 0.162ms
[2022-12-31T20:12:38.566+0900][gc,cpu        ] GC(4) User=0.00s Sys=0.00s Real=0.00s
[2022-12-31T20:12:38.566+0900][gc,marking    ] GC(4) Concurrent Cleanup for Next Mark
[2022-12-31T20:12:38.570+0900][gc,marking    ] GC(4) Concurrent Cleanup for Next Mark 3.835ms
[2022-12-31T20:12:38.570+0900][gc            ] GC(4) Concurrent Cycle 23.380ms
[2022-12-31T20:13:07.996+0900][gc,start      ] GC(5) Pause Young (Normal) (G1 Evacuation Pause)
[2022-12-31T20:13:07.996+0900][gc,task       ] GC(5) Using 8 workers of 8 for evacuation
[2022-12-31T20:13:08.012+0900][gc,phases     ] GC(5)   Pre Evacuate Collection Set: 0.5ms
[2022-12-31T20:13:08.012+0900][gc,phases     ] GC(5)   Evacuate Collection Set: 14.5ms
[2022-12-31T20:13:08.012+0900][gc,phases     ] GC(5)   Post Evacuate Collection Set: 1.0ms
[2022-12-31T20:13:08.012+0900][gc,phases     ] GC(5)   Other: 0.5ms
[2022-12-31T20:13:08.012+0900][gc,heap       ] GC(5) Eden regions: 47->0(45)
[2022-12-31T20:13:08.012+0900][gc,heap       ] GC(5) Survivor regions: 4->6(7)
[2022-12-31T20:13:08.012+0900][gc,heap       ] GC(5) Old regions: 7->9
[2022-12-31T20:13:08.012+0900][gc,heap       ] GC(5) Humongous regions: 129->129
[2022-12-31T20:13:08.012+0900][gc,metaspace  ] GC(5) Metaspace: 42715K->42715K(1087488K)
[2022-12-31T20:13:08.012+0900][gc            ] GC(5) Pause Young (Normal) (G1 Evacuation Pause) 186M->142M(1024M) 16.512ms
[2022-12-31T20:13:08.012+0900][gc,cpu        ] GC(5) User=0.04s Sys=0.02s Real=0.02s
[2022-12-31T20:16:38.194+0900][gc,heap,exit  ] Heap
[2022-12-31T20:16:38.194+0900][gc,heap,exit  ]  garbage-first heap   total 1048576K, used 160352K [0x00000007c0000000, 0x0000000800000000)
[2022-12-31T20:16:38.194+0900][gc,heap,exit  ]   region size 1024K, 21 young (21504K), 6 survivors (6144K)
[2022-12-31T20:16:38.194+0900][gc,heap,exit  ]  Metaspace       used 44071K, capacity 45711K, committed 45824K, reserved 1089536K
[2022-12-31T20:16:38.194+0900][gc,heap,exit  ]   class space    used 5258K, capacity 6053K, committed 6144K, reserved 1048576K
