[2022-12-31T19:44:52.545+0900][gc,heap] Heap region size: 1M
[2022-12-31T19:44:52.552+0900][gc     ] Using G1
[2022-12-31T19:44:52.552+0900][gc,heap,coops] Heap address: 0x00000007c0000000, size: 1024 MB, Compressed Oops mode: Zero based, Oop shift amount: 3
[2022-12-31T19:44:58.773+0900][gc,start     ] GC(0) Pause Young (Concurrent Start) (Metadata GC Threshold)
[2022-12-31T19:44:58.773+0900][gc,task      ] GC(0) Using 8 workers of 8 for evacuation
[2022-12-31T19:44:58.784+0900][gc,phases    ] GC(0)   Pre Evacuate Collection Set: 0.0ms
[2022-12-31T19:44:58.784+0900][gc,phases    ] GC(0)   Evacuate Collection Set: 9.9ms
[2022-12-31T19:44:58.784+0900][gc,phases    ] GC(0)   Post Evacuate Collection Set: 0.4ms
[2022-12-31T19:44:58.784+0900][gc,phases    ] GC(0)   Other: 0.6ms
[2022-12-31T19:44:58.784+0900][gc,heap      ] GC(0) Eden regions: 47->0(44)
[2022-12-31T19:44:58.784+0900][gc,heap      ] GC(0) Survivor regions: 0->7(7)
[2022-12-31T19:44:58.784+0900][gc,heap      ] GC(0) Old regions: 0->0
[2022-12-31T19:44:58.784+0900][gc,heap      ] GC(0) Humongous regions: 0->0
[2022-12-31T19:44:58.784+0900][gc,metaspace ] GC(0) Metaspace: 20675K->20675K(1069056K)
[2022-12-31T19:44:58.784+0900][gc           ] GC(0) Pause Young (Concurrent Start) (Metadata GC Threshold) 47M->6M(1024M) 11.083ms
[2022-12-31T19:44:58.784+0900][gc,cpu       ] GC(0) User=0.03s Sys=0.01s Real=0.01s
[2022-12-31T19:44:58.785+0900][gc           ] GC(1) Concurrent Cycle
[2022-12-31T19:44:58.785+0900][gc,marking   ] GC(1) Concurrent Clear Claimed Marks
[2022-12-31T19:44:58.785+0900][gc,marking   ] GC(1) Concurrent Clear Claimed Marks 0.039ms
[2022-12-31T19:44:58.785+0900][gc,marking   ] GC(1) Concurrent Scan Root Regions
[2022-12-31T19:44:58.786+0900][gc,marking   ] GC(1) Concurrent Scan Root Regions 1.395ms
[2022-12-31T19:44:58.786+0900][gc,marking   ] GC(1) Concurrent Mark (6.250s)
[2022-12-31T19:44:58.786+0900][gc,marking   ] GC(1) Concurrent Mark From Roots
[2022-12-31T19:44:58.786+0900][gc,task      ] GC(1) Using 2 workers of 2 for marking
[2022-12-31T19:44:58.786+0900][gc,marking   ] GC(1) Concurrent Mark From Roots 0.148ms
[2022-12-31T19:44:58.786+0900][gc,marking   ] GC(1) Concurrent Preclean
[2022-12-31T19:44:58.786+0900][gc,marking   ] GC(1) Concurrent Preclean 0.024ms
[2022-12-31T19:44:58.786+0900][gc,marking   ] GC(1) Concurrent Mark (6.250s, 6.251s) 0.202ms
[2022-12-31T19:44:58.787+0900][gc,start     ] GC(1) Pause Remark
[2022-12-31T19:44:58.791+0900][gc,stringtable] GC(1) Cleaned string and symbol table, strings: 7141 processed, 0 removed, symbols: 65474 processed, 30 removed
[2022-12-31T19:44:58.792+0900][gc            ] GC(1) Pause Remark 7M->7M(1024M) 4.442ms
[2022-12-31T19:44:58.792+0900][gc,cpu        ] GC(1) User=0.01s Sys=0.01s Real=0.01s
[2022-12-31T19:44:58.792+0900][gc,marking    ] GC(1) Concurrent Rebuild Remembered Sets
[2022-12-31T19:44:58.792+0900][gc,marking    ] GC(1) Concurrent Rebuild Remembered Sets 0.083ms
[2022-12-31T19:44:58.792+0900][gc,start      ] GC(1) Pause Cleanup
[2022-12-31T19:44:58.792+0900][gc            ] GC(1) Pause Cleanup 7M->7M(1024M) 0.076ms
[2022-12-31T19:44:58.792+0900][gc,cpu        ] GC(1) User=0.00s Sys=0.00s Real=0.00s
[2022-12-31T19:44:58.792+0900][gc,marking    ] GC(1) Concurrent Cleanup for Next Mark
[2022-12-31T19:44:58.795+0900][gc,marking    ] GC(1) Concurrent Cleanup for Next Mark 2.787ms
[2022-12-31T19:44:58.795+0900][gc            ] GC(1) Concurrent Cycle 10.607ms
[2022-12-31T19:45:00.110+0900][gc,start      ] GC(2) Pause Young (Normal) (G1 Evacuation Pause)
[2022-12-31T19:45:00.110+0900][gc,task       ] GC(2) Using 8 workers of 8 for evacuation
[2022-12-31T19:45:00.125+0900][gc,phases     ] GC(2)   Pre Evacuate Collection Set: 0.0ms
[2022-12-31T19:45:00.125+0900][gc,phases     ] GC(2)   Evacuate Collection Set: 13.9ms
[2022-12-31T19:45:00.125+0900][gc,phases     ] GC(2)   Post Evacuate Collection Set: 0.4ms
[2022-12-31T19:45:00.125+0900][gc,phases     ] GC(2)   Other: 0.2ms
[2022-12-31T19:45:00.125+0900][gc,heap       ] GC(2) Eden regions: 44->0(48)
[2022-12-31T19:45:00.125+0900][gc,heap       ] GC(2) Survivor regions: 7->3(7)
[2022-12-31T19:45:00.125+0900][gc,heap       ] GC(2) Old regions: 0->7
[2022-12-31T19:45:00.125+0900][gc,heap       ] GC(2) Humongous regions: 129->129
[2022-12-31T19:45:00.125+0900][gc,metaspace  ] GC(2) Metaspace: 29232K->29232K(1075200K)
[2022-12-31T19:45:00.125+0900][gc            ] GC(2) Pause Young (Normal) (G1 Evacuation Pause) 179M->137M(1024M) 14.554ms
[2022-12-31T19:45:00.125+0900][gc,cpu        ] GC(2) User=0.07s Sys=0.02s Real=0.01s
[2022-12-31T19:45:00.583+0900][gc,start      ] GC(3) Pause Young (Concurrent Start) (Metadata GC Threshold)
[2022-12-31T19:45:00.583+0900][gc,task       ] GC(3) Using 8 workers of 8 for evacuation
[2022-12-31T19:45:00.588+0900][gc,phases     ] GC(3)   Pre Evacuate Collection Set: 0.1ms
[2022-12-31T19:45:00.588+0900][gc,phases     ] GC(3)   Evacuate Collection Set: 4.0ms
[2022-12-31T19:45:00.588+0900][gc,phases     ] GC(3)   Post Evacuate Collection Set: 0.3ms
[2022-12-31T19:45:00.588+0900][gc,phases     ] GC(3)   Other: 0.2ms
[2022-12-31T19:45:00.588+0900][gc,heap       ] GC(3) Eden regions: 34->0(46)
[2022-12-31T19:45:00.588+0900][gc,heap       ] GC(3) Survivor regions: 3->5(7)
[2022-12-31T19:45:00.588+0900][gc,heap       ] GC(3) Old regions: 7->7
[2022-12-31T19:45:00.588+0900][gc,heap       ] GC(3) Humongous regions: 129->129
[2022-12-31T19:45:00.588+0900][gc,metaspace  ] GC(3) Metaspace: 34862K->34862K(1081344K)
[2022-12-31T19:45:00.588+0900][gc            ] GC(3) Pause Young (Concurrent Start) (Metadata GC Threshold) 170M->139M(1024M) 4.579ms
[2022-12-31T19:45:00.588+0900][gc,cpu        ] GC(3) User=0.02s Sys=0.00s Real=0.00s
[2022-12-31T19:45:00.588+0900][gc            ] GC(4) Concurrent Cycle
[2022-12-31T19:45:00.588+0900][gc,marking    ] GC(4) Concurrent Clear Claimed Marks
[2022-12-31T19:45:00.588+0900][gc,marking    ] GC(4) Concurrent Clear Claimed Marks 0.074ms
[2022-12-31T19:45:00.588+0900][gc,marking    ] GC(4) Concurrent Scan Root Regions
[2022-12-31T19:45:00.589+0900][gc,marking    ] GC(4) Concurrent Scan Root Regions 1.403ms
[2022-12-31T19:45:00.589+0900][gc,marking    ] GC(4) Concurrent Mark (8.054s)
[2022-12-31T19:45:00.589+0900][gc,marking    ] GC(4) Concurrent Mark From Roots
[2022-12-31T19:45:00.589+0900][gc,task       ] GC(4) Using 2 workers of 2 for marking
[2022-12-31T19:45:00.593+0900][gc,marking    ] GC(4) Concurrent Mark From Roots 3.361ms
[2022-12-31T19:45:00.593+0900][gc,marking    ] GC(4) Concurrent Preclean
[2022-12-31T19:45:00.593+0900][gc,marking    ] GC(4) Concurrent Preclean 0.042ms
[2022-12-31T19:45:00.593+0900][gc,marking    ] GC(4) Concurrent Mark (8.054s, 8.057s) 3.449ms
[2022-12-31T19:45:00.593+0900][gc,start      ] GC(4) Pause Remark
[2022-12-31T19:45:00.600+0900][gc,stringtable] GC(4) Cleaned string and symbol table, strings: 11558 processed, 11 removed, symbols: 97297 processed, 23 removed
[2022-12-31T19:45:00.600+0900][gc            ] GC(4) Pause Remark 140M->140M(1024M) 7.060ms
[2022-12-31T19:45:00.600+0900][gc,cpu        ] GC(4) User=0.01s Sys=0.01s Real=0.01s
[2022-12-31T19:45:00.600+0900][gc,marking    ] GC(4) Concurrent Rebuild Remembered Sets
[2022-12-31T19:45:00.602+0900][gc,marking    ] GC(4) Concurrent Rebuild Remembered Sets 2.138ms
[2022-12-31T19:45:00.603+0900][gc,start      ] GC(4) Pause Cleanup
[2022-12-31T19:45:00.603+0900][gc            ] GC(4) Pause Cleanup 140M->140M(1024M) 0.081ms
[2022-12-31T19:45:00.603+0900][gc,cpu        ] GC(4) User=0.00s Sys=0.00s Real=0.00s
[2022-12-31T19:45:00.603+0900][gc,marking    ] GC(4) Concurrent Cleanup for Next Mark
[2022-12-31T19:45:00.606+0900][gc,marking    ] GC(4) Concurrent Cleanup for Next Mark 2.826ms
[2022-12-31T19:45:00.606+0900][gc            ] GC(4) Concurrent Cycle 17.985ms
[2022-12-31T19:45:14.406+0900][gc,start      ] GC(5) Pause Young (Normal) (G1 Evacuation Pause)
[2022-12-31T19:45:14.407+0900][gc,task       ] GC(5) Using 8 workers of 8 for evacuation
[2022-12-31T19:45:14.426+0900][gc,phases     ] GC(5)   Pre Evacuate Collection Set: 0.1ms
[2022-12-31T19:45:14.426+0900][gc,phases     ] GC(5)   Evacuate Collection Set: 17.7ms
[2022-12-31T19:45:14.426+0900][gc,phases     ] GC(5)   Post Evacuate Collection Set: 0.9ms
[2022-12-31T19:45:14.426+0900][gc,phases     ] GC(5)   Other: 1.2ms
[2022-12-31T19:45:14.426+0900][gc,heap       ] GC(5) Eden regions: 46->0(45)
[2022-12-31T19:45:14.426+0900][gc,heap       ] GC(5) Survivor regions: 5->6(7)
[2022-12-31T19:45:14.426+0900][gc,heap       ] GC(5) Old regions: 7->9
[2022-12-31T19:45:14.426+0900][gc,heap       ] GC(5) Humongous regions: 129->129
[2022-12-31T19:45:14.426+0900][gc,metaspace  ] GC(5) Metaspace: 42675K->42675K(1087488K)
[2022-12-31T19:45:14.426+0900][gc            ] GC(5) Pause Young (Normal) (G1 Evacuation Pause) 185M->142M(1024M) 20.172ms
[2022-12-31T19:45:14.426+0900][gc,cpu        ] GC(5) User=0.04s Sys=0.01s Real=0.02s
[2022-12-31T20:02:58.755+0900][gc,heap,exit  ] Heap
[2022-12-31T20:02:58.756+0900][gc,heap,exit  ]  garbage-first heap   total 1048576K, used 165449K [0x00000007c0000000, 0x0000000800000000)
[2022-12-31T20:02:58.756+0900][gc,heap,exit  ]   region size 1024K, 26 young (26624K), 6 survivors (6144K)
[2022-12-31T20:02:58.756+0900][gc,heap,exit  ]  Metaspace       used 44006K, capacity 45629K, committed 45696K, reserved 1089536K
[2022-12-31T20:02:58.756+0900][gc,heap,exit  ]   class space    used 5210K, capacity 5981K, committed 6016K, reserved 1048576K
