[2022-12-31T20:36:03.006+0900][gc,heap] Heap region size: 1M
[2022-12-31T20:36:03.012+0900][gc     ] Using G1
[2022-12-31T20:36:03.012+0900][gc,heap,coops] Heap address: 0x00000007c0000000, size: 1024 MB, Compressed Oops mode: Zero based, Oop shift amount: 3
[2022-12-31T20:36:09.873+0900][gc,start     ] GC(0) Pause Young (Concurrent Start) (Metadata GC Threshold)
[2022-12-31T20:36:09.873+0900][gc,task      ] GC(0) Using 8 workers of 8 for evacuation
[2022-12-31T20:36:09.888+0900][gc,phases    ] GC(0)   Pre Evacuate Collection Set: 0.0ms
[2022-12-31T20:36:09.888+0900][gc,phases    ] GC(0)   Evacuate Collection Set: 13.4ms
[2022-12-31T20:36:09.888+0900][gc,phases    ] GC(0)   Post Evacuate Collection Set: 0.6ms
[2022-12-31T20:36:09.888+0900][gc,phases    ] GC(0)   Other: 1.0ms
[2022-12-31T20:36:09.888+0900][gc,heap      ] GC(0) Eden regions: 47->0(44)
[2022-12-31T20:36:09.888+0900][gc,heap      ] GC(0) Survivor regions: 0->7(7)
[2022-12-31T20:36:09.888+0900][gc,heap      ] GC(0) Old regions: 0->0
[2022-12-31T20:36:09.888+0900][gc,heap      ] GC(0) Humongous regions: 0->0
[2022-12-31T20:36:09.888+0900][gc,metaspace ] GC(0) Metaspace: 20670K->20670K(1069056K)
[2022-12-31T20:36:09.888+0900][gc           ] GC(0) Pause Young (Concurrent Start) (Metadata GC Threshold) 47M->6M(1024M) 15.107ms
[2022-12-31T20:36:09.888+0900][gc,cpu       ] GC(0) User=0.04s Sys=0.02s Real=0.01s
[2022-12-31T20:36:09.889+0900][gc           ] GC(1) Concurrent Cycle
[2022-12-31T20:36:09.889+0900][gc,marking   ] GC(1) Concurrent Clear Claimed Marks
[2022-12-31T20:36:09.889+0900][gc,marking   ] GC(1) Concurrent Clear Claimed Marks 0.064ms
[2022-12-31T20:36:09.889+0900][gc,marking   ] GC(1) Concurrent Scan Root Regions
[2022-12-31T20:36:09.890+0900][gc,marking   ] GC(1) Concurrent Scan Root Regions 1.668ms
[2022-12-31T20:36:09.890+0900][gc,marking   ] GC(1) Concurrent Mark (6.896s)
[2022-12-31T20:36:09.890+0900][gc,marking   ] GC(1) Concurrent Mark From Roots
[2022-12-31T20:36:09.890+0900][gc,task      ] GC(1) Using 2 workers of 2 for marking
[2022-12-31T20:36:09.891+0900][gc,marking   ] GC(1) Concurrent Mark From Roots 0.216ms
[2022-12-31T20:36:09.893+0900][gc,marking   ] GC(1) Concurrent Preclean
[2022-12-31T20:36:09.893+0900][gc,marking   ] GC(1) Concurrent Preclean 0.050ms
[2022-12-31T20:36:09.893+0900][gc,marking   ] GC(1) Concurrent Mark (6.896s, 6.899s) 2.762ms
[2022-12-31T20:36:09.893+0900][gc,start     ] GC(1) Pause Remark
[2022-12-31T20:36:09.898+0900][gc,stringtable] GC(1) Cleaned string and symbol table, strings: 7130 processed, 0 removed, symbols: 65469 processed, 27 removed
[2022-12-31T20:36:09.899+0900][gc            ] GC(1) Pause Remark 7M->7M(1024M) 5.202ms
[2022-12-31T20:36:09.899+0900][gc,cpu        ] GC(1) User=0.01s Sys=0.00s Real=0.00s
[2022-12-31T20:36:09.899+0900][gc,marking    ] GC(1) Concurrent Rebuild Remembered Sets
[2022-12-31T20:36:09.899+0900][gc,marking    ] GC(1) Concurrent Rebuild Remembered Sets 0.045ms
[2022-12-31T20:36:09.899+0900][gc,start      ] GC(1) Pause Cleanup
[2022-12-31T20:36:09.899+0900][gc            ] GC(1) Pause Cleanup 7M->7M(1024M) 0.107ms
[2022-12-31T20:36:09.899+0900][gc,cpu        ] GC(1) User=0.00s Sys=0.00s Real=0.00s
[2022-12-31T20:36:09.899+0900][gc,marking    ] GC(1) Concurrent Cleanup for Next Mark
[2022-12-31T20:36:09.902+0900][gc,marking    ] GC(1) Concurrent Cleanup for Next Mark 3.211ms
[2022-12-31T20:36:09.902+0900][gc            ] GC(1) Concurrent Cycle 13.750ms
[2022-12-31T20:36:29.154+0900][gc,heap,exit  ] Heap
[2022-12-31T20:36:29.154+0900][gc,heap,exit  ]  garbage-first heap   total 1048576K, used 17399K [0x00000007c0000000, 0x0000000800000000)
[2022-12-31T20:36:29.154+0900][gc,heap,exit  ]   region size 1024K, 18 young (18432K), 7 survivors (7168K)
[2022-12-31T20:36:29.154+0900][gc,heap,exit  ]  Metaspace       used 22151K, capacity 22651K, committed 22784K, reserved 1069056K
[2022-12-31T20:36:29.154+0900][gc,heap,exit  ]   class space    used 2558K, capacity 2743K, committed 2816K, reserved 1048576K
