[2023-01-02T16:13:11.496+0900][gc,heap] Heap region size: 1M
[2023-01-02T16:13:11.502+0900][gc     ] Using G1
[2023-01-02T16:13:11.502+0900][gc,heap,coops] Heap address: 0x00000007c0000000, size: 1024 MB, Compressed Oops mode: Zero based, Oop shift amount: 3
[2023-01-02T16:13:17.721+0900][gc,start     ] GC(0) Pause Young (Concurrent Start) (Metadata GC Threshold)
[2023-01-02T16:13:17.721+0900][gc,task      ] GC(0) Using 8 workers of 8 for evacuation
[2023-01-02T16:13:17.731+0900][gc,phases    ] GC(0)   Pre Evacuate Collection Set: 0.0ms
[2023-01-02T16:13:17.731+0900][gc,phases    ] GC(0)   Evacuate Collection Set: 9.2ms
[2023-01-02T16:13:17.731+0900][gc,phases    ] GC(0)   Post Evacuate Collection Set: 0.4ms
[2023-01-02T16:13:17.732+0900][gc,phases    ] GC(0)   Other: 0.7ms
[2023-01-02T16:13:17.732+0900][gc,heap      ] GC(0) Eden regions: 47->0(44)
[2023-01-02T16:13:17.732+0900][gc,heap      ] GC(0) Survivor regions: 0->7(7)
[2023-01-02T16:13:17.732+0900][gc,heap      ] GC(0) Old regions: 0->1
[2023-01-02T16:13:17.732+0900][gc,heap      ] GC(0) Humongous regions: 0->0
[2023-01-02T16:13:17.732+0900][gc,metaspace ] GC(0) Metaspace: 20673K->20673K(1069056K)
[2023-01-02T16:13:17.732+0900][gc           ] GC(0) Pause Young (Concurrent Start) (Metadata GC Threshold) 47M->7M(1024M) 10.466ms
[2023-01-02T16:13:17.732+0900][gc,cpu       ] GC(0) User=0.03s Sys=0.02s Real=0.01s
[2023-01-02T16:13:17.732+0900][gc           ] GC(1) Concurrent Cycle
[2023-01-02T16:13:17.732+0900][gc,marking   ] GC(1) Concurrent Clear Claimed Marks
[2023-01-02T16:13:17.732+0900][gc,marking   ] GC(1) Concurrent Clear Claimed Marks 0.036ms
[2023-01-02T16:13:17.732+0900][gc,marking   ] GC(1) Concurrent Scan Root Regions
[2023-01-02T16:13:17.733+0900][gc,marking   ] GC(1) Concurrent Scan Root Regions 1.353ms
[2023-01-02T16:13:17.733+0900][gc,marking   ] GC(1) Concurrent Mark (6.248s)
[2023-01-02T16:13:17.733+0900][gc,marking   ] GC(1) Concurrent Mark From Roots
[2023-01-02T16:13:17.733+0900][gc,task      ] GC(1) Using 2 workers of 2 for marking
[2023-01-02T16:13:17.734+0900][gc,marking   ] GC(1) Concurrent Mark From Roots 0.445ms
[2023-01-02T16:13:17.734+0900][gc,marking   ] GC(1) Concurrent Preclean
[2023-01-02T16:13:17.734+0900][gc,marking   ] GC(1) Concurrent Preclean 0.026ms
[2023-01-02T16:13:17.734+0900][gc,marking   ] GC(1) Concurrent Mark (6.248s, 6.248s) 0.510ms
[2023-01-02T16:13:17.734+0900][gc,start     ] GC(1) Pause Remark
[2023-01-02T16:13:17.738+0900][gc,stringtable] GC(1) Cleaned string and symbol table, strings: 7144 processed, 0 removed, symbols: 65473 processed, 30 removed
[2023-01-02T16:13:17.739+0900][gc            ] GC(1) Pause Remark 7M->7M(1024M) 4.299ms
[2023-01-02T16:13:17.739+0900][gc,cpu        ] GC(1) User=0.00s Sys=0.00s Real=0.00s
[2023-01-02T16:13:17.739+0900][gc,marking    ] GC(1) Concurrent Rebuild Remembered Sets
[2023-01-02T16:13:17.739+0900][gc,marking    ] GC(1) Concurrent Rebuild Remembered Sets 0.233ms
[2023-01-02T16:13:17.739+0900][gc,start      ] GC(1) Pause Cleanup
[2023-01-02T16:13:17.739+0900][gc            ] GC(1) Pause Cleanup 7M->7M(1024M) 0.083ms
[2023-01-02T16:13:17.739+0900][gc,cpu        ] GC(1) User=0.00s Sys=0.00s Real=0.00s
[2023-01-02T16:13:17.739+0900][gc,marking    ] GC(1) Concurrent Cleanup for Next Mark
[2023-01-02T16:13:17.742+0900][gc,marking    ] GC(1) Concurrent Cleanup for Next Mark 2.981ms
[2023-01-02T16:13:17.742+0900][gc            ] GC(1) Concurrent Cycle 10.458ms
[2023-01-02T16:13:19.021+0900][gc,start      ] GC(2) Pause Young (Normal) (G1 Evacuation Pause)
[2023-01-02T16:13:19.022+0900][gc,task       ] GC(2) Using 8 workers of 8 for evacuation
[2023-01-02T16:13:19.036+0900][gc,phases     ] GC(2)   Pre Evacuate Collection Set: 0.0ms
[2023-01-02T16:13:19.036+0900][gc,phases     ] GC(2)   Evacuate Collection Set: 14.3ms
[2023-01-02T16:13:19.036+0900][gc,phases     ] GC(2)   Post Evacuate Collection Set: 0.4ms
[2023-01-02T16:13:19.036+0900][gc,phases     ] GC(2)   Other: 0.2ms
[2023-01-02T16:13:19.036+0900][gc,heap       ] GC(2) Eden regions: 44->0(48)
[2023-01-02T16:13:19.036+0900][gc,heap       ] GC(2) Survivor regions: 7->3(7)
[2023-01-02T16:13:19.036+0900][gc,heap       ] GC(2) Old regions: 1->7
[2023-01-02T16:13:19.036+0900][gc,heap       ] GC(2) Humongous regions: 129->129
[2023-01-02T16:13:19.036+0900][gc,metaspace  ] GC(2) Metaspace: 29230K->29230K(1075200K)
[2023-01-02T16:13:19.036+0900][gc            ] GC(2) Pause Young (Normal) (G1 Evacuation Pause) 180M->137M(1024M) 14.936ms
[2023-01-02T16:13:19.036+0900][gc,cpu        ] GC(2) User=0.06s Sys=0.02s Real=0.01s
[2023-01-02T16:13:19.507+0900][gc,start      ] GC(3) Pause Young (Concurrent Start) (Metadata GC Threshold)
[2023-01-02T16:13:19.507+0900][gc,task       ] GC(3) Using 8 workers of 8 for evacuation
[2023-01-02T16:13:19.512+0900][gc,phases     ] GC(3)   Pre Evacuate Collection Set: 0.1ms
[2023-01-02T16:13:19.512+0900][gc,phases     ] GC(3)   Evacuate Collection Set: 4.2ms
[2023-01-02T16:13:19.512+0900][gc,phases     ] GC(3)   Post Evacuate Collection Set: 0.3ms
[2023-01-02T16:13:19.512+0900][gc,phases     ] GC(3)   Other: 0.1ms
[2023-01-02T16:13:19.512+0900][gc,heap       ] GC(3) Eden regions: 34->0(46)
[2023-01-02T16:13:19.512+0900][gc,heap       ] GC(3) Survivor regions: 3->5(7)
[2023-01-02T16:13:19.512+0900][gc,heap       ] GC(3) Old regions: 7->7
[2023-01-02T16:13:19.512+0900][gc,heap       ] GC(3) Humongous regions: 129->129
[2023-01-02T16:13:19.512+0900][gc,metaspace  ] GC(3) Metaspace: 34856K->34856K(1081344K)
[2023-01-02T16:13:19.512+0900][gc            ] GC(3) Pause Young (Concurrent Start) (Metadata GC Threshold) 171M->139M(1024M) 4.774ms
[2023-01-02T16:13:19.512+0900][gc,cpu        ] GC(3) User=0.02s Sys=0.01s Real=0.01s
[2023-01-02T16:13:19.512+0900][gc            ] GC(4) Concurrent Cycle
[2023-01-02T16:13:19.512+0900][gc,marking    ] GC(4) Concurrent Clear Claimed Marks
[2023-01-02T16:13:19.512+0900][gc,marking    ] GC(4) Concurrent Clear Claimed Marks 0.049ms
[2023-01-02T16:13:19.512+0900][gc,marking    ] GC(4) Concurrent Scan Root Regions
[2023-01-02T16:13:19.513+0900][gc,marking    ] GC(4) Concurrent Scan Root Regions 1.403ms
[2023-01-02T16:13:19.513+0900][gc,marking    ] GC(4) Concurrent Mark (8.028s)
[2023-01-02T16:13:19.513+0900][gc,marking    ] GC(4) Concurrent Mark From Roots
[2023-01-02T16:13:19.513+0900][gc,task       ] GC(4) Using 2 workers of 2 for marking
[2023-01-02T16:13:19.516+0900][gc,marking    ] GC(4) Concurrent Mark From Roots 3.171ms
[2023-01-02T16:13:19.516+0900][gc,marking    ] GC(4) Concurrent Preclean
[2023-01-02T16:13:19.517+0900][gc,marking    ] GC(4) Concurrent Preclean 0.039ms
[2023-01-02T16:13:19.517+0900][gc,marking    ] GC(4) Concurrent Mark (8.028s, 8.031s) 3.249ms
[2023-01-02T16:13:19.517+0900][gc,start      ] GC(4) Pause Remark
[2023-01-02T16:13:19.524+0900][gc,stringtable] GC(4) Cleaned string and symbol table, strings: 11571 processed, 11 removed, symbols: 97294 processed, 23 removed
[2023-01-02T16:13:19.524+0900][gc            ] GC(4) Pause Remark 140M->140M(1024M) 7.433ms
[2023-01-02T16:13:19.524+0900][gc,cpu        ] GC(4) User=0.02s Sys=0.00s Real=0.01s
[2023-01-02T16:13:19.524+0900][gc,marking    ] GC(4) Concurrent Rebuild Remembered Sets
[2023-01-02T16:13:19.529+0900][gc,marking    ] GC(4) Concurrent Rebuild Remembered Sets 4.636ms
[2023-01-02T16:13:19.529+0900][gc,start      ] GC(4) Pause Cleanup
[2023-01-02T16:13:19.529+0900][gc            ] GC(4) Pause Cleanup 140M->140M(1024M) 0.082ms
[2023-01-02T16:13:19.529+0900][gc,cpu        ] GC(4) User=0.00s Sys=0.00s Real=0.00s
[2023-01-02T16:13:19.529+0900][gc,marking    ] GC(4) Concurrent Cleanup for Next Mark
[2023-01-02T16:13:19.534+0900][gc,marking    ] GC(4) Concurrent Cleanup for Next Mark 4.387ms
[2023-01-02T16:13:19.534+0900][gc            ] GC(4) Concurrent Cycle 22.063ms
[2023-01-02T16:13:20.703+0900][gc,start      ] GC(5) Pause Young (Normal) (G1 Evacuation Pause)
[2023-01-02T16:13:20.703+0900][gc,task       ] GC(5) Using 8 workers of 8 for evacuation
[2023-01-02T16:13:20.711+0900][gc,phases     ] GC(5)   Pre Evacuate Collection Set: 0.0ms
[2023-01-02T16:13:20.711+0900][gc,phases     ] GC(5)   Evacuate Collection Set: 7.7ms
[2023-01-02T16:13:20.711+0900][gc,phases     ] GC(5)   Post Evacuate Collection Set: 0.3ms
[2023-01-02T16:13:20.711+0900][gc,phases     ] GC(5)   Other: 0.1ms
[2023-01-02T16:13:20.711+0900][gc,heap       ] GC(5) Eden regions: 46->0(45)
[2023-01-02T16:13:20.711+0900][gc,heap       ] GC(5) Survivor regions: 5->6(7)
[2023-01-02T16:13:20.711+0900][gc,heap       ] GC(5) Old regions: 7->9
[2023-01-02T16:13:20.711+0900][gc,heap       ] GC(5) Humongous regions: 129->129
[2023-01-02T16:13:20.711+0900][gc,metaspace  ] GC(5) Metaspace: 42756K->42756K(1087488K)
[2023-01-02T16:13:20.711+0900][gc            ] GC(5) Pause Young (Normal) (G1 Evacuation Pause) 185M->142M(1024M) 8.325ms
[2023-01-02T16:13:20.711+0900][gc,cpu        ] GC(5) User=0.04s Sys=0.01s Real=0.01s
[2023-01-02T16:17:23.031+0900][gc,start      ] GC(6) Pause Young (Normal) (G1 Evacuation Pause)
[2023-01-02T16:17:23.031+0900][gc,task       ] GC(6) Using 8 workers of 8 for evacuation
[2023-01-02T16:17:23.040+0900][gc,phases     ] GC(6)   Pre Evacuate Collection Set: 0.1ms
[2023-01-02T16:17:23.040+0900][gc,phases     ] GC(6)   Evacuate Collection Set: 8.3ms
[2023-01-02T16:17:23.040+0900][gc,phases     ] GC(6)   Post Evacuate Collection Set: 0.5ms
[2023-01-02T16:17:23.040+0900][gc,phases     ] GC(6)   Other: 0.3ms
[2023-01-02T16:17:23.040+0900][gc,heap       ] GC(6) Eden regions: 45->0(45)
[2023-01-02T16:17:23.040+0900][gc,heap       ] GC(6) Survivor regions: 6->6(7)
[2023-01-02T16:17:23.040+0900][gc,heap       ] GC(6) Old regions: 9->11
[2023-01-02T16:17:23.040+0900][gc,heap       ] GC(6) Humongous regions: 129->129
[2023-01-02T16:17:23.040+0900][gc,metaspace  ] GC(6) Metaspace: 48092K->48092K(1093632K)
[2023-01-02T16:17:23.040+0900][gc            ] GC(6) Pause Young (Normal) (G1 Evacuation Pause) 187M->145M(1024M) 9.337ms
[2023-01-02T16:17:23.040+0900][gc,cpu        ] GC(6) User=0.03s Sys=0.02s Real=0.01s
[2023-01-02T16:19:23.652+0900][gc,start      ] GC(7) Pause Young (Normal) (G1 Evacuation Pause)
[2023-01-02T16:19:23.653+0900][gc,task       ] GC(7) Using 8 workers of 8 for evacuation
[2023-01-02T16:19:23.683+0900][gc,mmu        ] GC(7) MMU target violated: 21.0ms (20.0ms/21.0ms)
[2023-01-02T16:19:23.683+0900][gc,phases     ] GC(7)   Pre Evacuate Collection Set: 0.1ms
[2023-01-02T16:19:23.683+0900][gc,phases     ] GC(7)   Evacuate Collection Set: 28.6ms
[2023-01-02T16:19:23.683+0900][gc,phases     ] GC(7)   Post Evacuate Collection Set: 0.9ms
[2023-01-02T16:19:23.683+0900][gc,phases     ] GC(7)   Other: 1.8ms
[2023-01-02T16:19:23.683+0900][gc,heap       ] GC(7) Eden regions: 45->0(44)
[2023-01-02T16:19:23.683+0900][gc,heap       ] GC(7) Survivor regions: 6->7(7)
[2023-01-02T16:19:23.683+0900][gc,heap       ] GC(7) Old regions: 11->14
[2023-01-02T16:19:23.683+0900][gc,heap       ] GC(7) Humongous regions: 129->129
[2023-01-02T16:19:23.683+0900][gc,metaspace  ] GC(7) Metaspace: 50580K->50580K(1095680K)
[2023-01-02T16:19:23.683+0900][gc            ] GC(7) Pause Young (Normal) (G1 Evacuation Pause) 190M->148M(1024M) 31.607ms
[2023-01-02T16:19:23.683+0900][gc,cpu        ] GC(7) User=0.09s Sys=0.03s Real=0.03s
[2023-01-02T16:22:54.999+0900][gc,start      ] GC(8) Pause Young (Normal) (G1 Evacuation Pause)
[2023-01-02T16:22:54.999+0900][gc,task       ] GC(8) Using 8 workers of 8 for evacuation
[2023-01-02T16:22:55.027+0900][gc,mmu        ] GC(8) MMU target violated: 21.0ms (20.0ms/21.0ms)
[2023-01-02T16:22:55.027+0900][gc,phases     ] GC(8)   Pre Evacuate Collection Set: 0.1ms
[2023-01-02T16:22:55.027+0900][gc,phases     ] GC(8)   Evacuate Collection Set: 26.6ms
[2023-01-02T16:22:55.027+0900][gc,phases     ] GC(8)   Post Evacuate Collection Set: 1.0ms
[2023-01-02T16:22:55.028+0900][gc,phases     ] GC(8)   Other: 1.1ms
[2023-01-02T16:22:55.028+0900][gc,heap       ] GC(8) Eden regions: 44->0(46)
[2023-01-02T16:22:55.028+0900][gc,heap       ] GC(8) Survivor regions: 7->5(7)
[2023-01-02T16:22:55.028+0900][gc,heap       ] GC(8) Old regions: 14->17
[2023-01-02T16:22:55.028+0900][gc,heap       ] GC(8) Humongous regions: 129->129
[2023-01-02T16:22:55.028+0900][gc,metaspace  ] GC(8) Metaspace: 50661K->50661K(1095680K)
[2023-01-02T16:22:55.028+0900][gc            ] GC(8) Pause Young (Normal) (G1 Evacuation Pause) 192M->150M(1024M) 29.020ms
[2023-01-02T16:22:55.028+0900][gc,cpu        ] GC(8) User=0.10s Sys=0.02s Real=0.03s
[2023-01-02T16:26:07.665+0900][gc,start      ] GC(9) Pause Young (Normal) (G1 Evacuation Pause)
[2023-01-02T16:26:07.665+0900][gc,task       ] GC(9) Using 8 workers of 8 for evacuation
[2023-01-02T16:26:07.685+0900][gc,phases     ] GC(9)   Pre Evacuate Collection Set: 1.7ms
[2023-01-02T16:26:07.685+0900][gc,phases     ] GC(9)   Evacuate Collection Set: 16.1ms
[2023-01-02T16:26:07.685+0900][gc,phases     ] GC(9)   Post Evacuate Collection Set: 0.7ms
[2023-01-02T16:26:07.685+0900][gc,phases     ] GC(9)   Other: 1.5ms
[2023-01-02T16:26:07.685+0900][gc,heap       ] GC(9) Eden regions: 46->0(47)
[2023-01-02T16:26:07.685+0900][gc,heap       ] GC(9) Survivor regions: 5->4(7)
[2023-01-02T16:26:07.685+0900][gc,heap       ] GC(9) Old regions: 17->19
[2023-01-02T16:26:07.685+0900][gc,heap       ] GC(9) Humongous regions: 129->129
[2023-01-02T16:26:07.685+0900][gc,metaspace  ] GC(9) Metaspace: 50887K->50887K(1095680K)
[2023-01-02T16:26:07.685+0900][gc            ] GC(9) Pause Young (Normal) (G1 Evacuation Pause) 196M->151M(1024M) 20.171ms
[2023-01-02T16:26:07.685+0900][gc,cpu        ] GC(9) User=0.05s Sys=0.01s Real=0.02s
[2023-01-02T16:29:32.169+0900][gc,start      ] GC(10) Pause Young (Normal) (G1 Evacuation Pause)
[2023-01-02T16:29:32.170+0900][gc,task       ] GC(10) Using 8 workers of 8 for evacuation
[2023-01-02T16:29:32.182+0900][gc,phases     ] GC(10)   Pre Evacuate Collection Set: 0.1ms
[2023-01-02T16:29:32.183+0900][gc,phases     ] GC(10)   Evacuate Collection Set: 11.7ms
[2023-01-02T16:29:32.183+0900][gc,phases     ] GC(10)   Post Evacuate Collection Set: 0.5ms
[2023-01-02T16:29:32.183+0900][gc,phases     ] GC(10)   Other: 1.6ms
[2023-01-02T16:29:32.183+0900][gc,heap       ] GC(10) Eden regions: 47->0(44)
[2023-01-02T16:29:32.183+0900][gc,heap       ] GC(10) Survivor regions: 4->7(7)
[2023-01-02T16:29:32.183+0900][gc,heap       ] GC(10) Old regions: 19->19
[2023-01-02T16:29:32.183+0900][gc,heap       ] GC(10) Humongous regions: 129->129
[2023-01-02T16:29:32.183+0900][gc,metaspace  ] GC(10) Metaspace: 50938K->50938K(1095680K)
[2023-01-02T16:29:32.183+0900][gc            ] GC(10) Pause Young (Normal) (G1 Evacuation Pause) 198M->154M(1024M) 14.192ms
[2023-01-02T16:29:32.183+0900][gc,cpu        ] GC(10) User=0.05s Sys=0.01s Real=0.02s
[2023-01-02T16:32:45.793+0900][gc,start      ] GC(11) Pause Young (Normal) (G1 Evacuation Pause)
[2023-01-02T16:32:45.794+0900][gc,task       ] GC(11) Using 8 workers of 8 for evacuation
[2023-01-02T16:32:45.814+0900][gc,mmu        ] GC(11) MMU target violated: 20.2ms (20.0ms/21.0ms)
[2023-01-02T16:32:45.814+0900][gc,phases     ] GC(11)   Pre Evacuate Collection Set: 0.2ms
[2023-01-02T16:32:45.814+0900][gc,phases     ] GC(11)   Evacuate Collection Set: 19.3ms
[2023-01-02T16:32:45.814+0900][gc,phases     ] GC(11)   Post Evacuate Collection Set: 0.3ms
[2023-01-02T16:32:45.814+0900][gc,phases     ] GC(11)   Other: 2.0ms
[2023-01-02T16:32:45.814+0900][gc,heap       ] GC(11) Eden regions: 44->0(47)
[2023-01-02T16:32:45.814+0900][gc,heap       ] GC(11) Survivor regions: 7->4(7)
[2023-01-02T16:32:45.814+0900][gc,heap       ] GC(11) Old regions: 19->24
[2023-01-02T16:32:45.814+0900][gc,heap       ] GC(11) Humongous regions: 129->129
[2023-01-02T16:32:45.814+0900][gc,metaspace  ] GC(11) Metaspace: 50960K->50960K(1095680K)
[2023-01-02T16:32:45.814+0900][gc            ] GC(11) Pause Young (Normal) (G1 Evacuation Pause) 198M->156M(1024M) 21.789ms
[2023-01-02T16:32:45.814+0900][gc,cpu        ] GC(11) User=0.06s Sys=0.01s Real=0.02s
[2023-01-02T16:36:11.722+0900][gc,start      ] GC(12) Pause Young (Normal) (G1 Evacuation Pause)
[2023-01-02T16:36:11.723+0900][gc,task       ] GC(12) Using 8 workers of 8 for evacuation
[2023-01-02T16:36:11.743+0900][gc,phases     ] GC(12)   Pre Evacuate Collection Set: 0.9ms
[2023-01-02T16:36:11.743+0900][gc,phases     ] GC(12)   Evacuate Collection Set: 18.1ms
[2023-01-02T16:36:11.743+0900][gc,phases     ] GC(12)   Post Evacuate Collection Set: 0.7ms
[2023-01-02T16:36:11.743+0900][gc,phases     ] GC(12)   Other: 1.7ms
[2023-01-02T16:36:11.743+0900][gc,heap       ] GC(12) Eden regions: 47->0(47)
[2023-01-02T16:36:11.743+0900][gc,heap       ] GC(12) Survivor regions: 4->4(7)
[2023-01-02T16:36:11.743+0900][gc,heap       ] GC(12) Old regions: 24->26
[2023-01-02T16:36:11.743+0900][gc,heap       ] GC(12) Humongous regions: 129->129
[2023-01-02T16:36:11.743+0900][gc,metaspace  ] GC(12) Metaspace: 51011K->51011K(1095680K)
[2023-01-02T16:36:11.743+0900][gc            ] GC(12) Pause Young (Normal) (G1 Evacuation Pause) 203M->157M(1024M) 21.630ms
[2023-01-02T16:36:11.743+0900][gc,cpu        ] GC(12) User=0.05s Sys=0.02s Real=0.02s
[2023-01-02T16:39:40.297+0900][gc,start      ] GC(13) Pause Young (Normal) (G1 Evacuation Pause)
[2023-01-02T16:39:40.299+0900][gc,task       ] GC(13) Using 8 workers of 8 for evacuation
[2023-01-02T16:39:40.319+0900][gc,phases     ] GC(13)   Pre Evacuate Collection Set: 0.9ms
[2023-01-02T16:39:40.319+0900][gc,phases     ] GC(13)   Evacuate Collection Set: 18.0ms
[2023-01-02T16:39:40.319+0900][gc,phases     ] GC(13)   Post Evacuate Collection Set: 0.6ms
[2023-01-02T16:39:40.319+0900][gc,phases     ] GC(13)   Other: 2.1ms
[2023-01-02T16:39:40.319+0900][gc,heap       ] GC(13) Eden regions: 47->0(44)
[2023-01-02T16:39:40.319+0900][gc,heap       ] GC(13) Survivor regions: 4->7(7)
[2023-01-02T16:39:40.319+0900][gc,heap       ] GC(13) Old regions: 26->26
[2023-01-02T16:39:40.319+0900][gc,heap       ] GC(13) Humongous regions: 129->129
[2023-01-02T16:39:40.319+0900][gc,metaspace  ] GC(13) Metaspace: 51030K->51030K(1095680K)
[2023-01-02T16:39:40.319+0900][gc            ] GC(13) Pause Young (Normal) (G1 Evacuation Pause) 204M->161M(1024M) 21.789ms
[2023-01-02T16:39:40.319+0900][gc,cpu        ] GC(13) User=0.06s Sys=0.03s Real=0.02s
[2023-01-02T16:42:54.077+0900][gc,start      ] GC(14) Pause Young (Normal) (G1 Evacuation Pause)
[2023-01-02T16:42:54.079+0900][gc,task       ] GC(14) Using 8 workers of 8 for evacuation
[2023-01-02T16:42:54.106+0900][gc,mmu        ] GC(14) MMU target violated: 21.0ms (20.0ms/21.0ms)
[2023-01-02T16:42:54.106+0900][gc,phases     ] GC(14)   Pre Evacuate Collection Set: 1.3ms
[2023-01-02T16:42:54.106+0900][gc,phases     ] GC(14)   Evacuate Collection Set: 23.4ms
[2023-01-02T16:42:54.106+0900][gc,phases     ] GC(14)   Post Evacuate Collection Set: 1.7ms
[2023-01-02T16:42:54.106+0900][gc,phases     ] GC(14)   Other: 2.1ms
[2023-01-02T16:42:54.106+0900][gc,heap       ] GC(14) Eden regions: 44->0(47)
[2023-01-02T16:42:54.106+0900][gc,heap       ] GC(14) Survivor regions: 7->4(7)
[2023-01-02T16:42:54.106+0900][gc,heap       ] GC(14) Old regions: 26->31
[2023-01-02T16:42:54.106+0900][gc,heap       ] GC(14) Humongous regions: 129->129
[2023-01-02T16:42:54.106+0900][gc,metaspace  ] GC(14) Metaspace: 51036K->51036K(1095680K)
[2023-01-02T16:42:54.106+0900][gc            ] GC(14) Pause Young (Normal) (G1 Evacuation Pause) 205M->163M(1024M) 28.512ms
[2023-01-02T16:42:54.106+0900][gc,cpu        ] GC(14) User=0.07s Sys=0.03s Real=0.03s
[2023-01-02T16:46:40.389+0900][gc,start      ] GC(15) Pause Young (Normal) (G1 Evacuation Pause)
[2023-01-02T16:46:40.389+0900][gc,task       ] GC(15) Using 8 workers of 8 for evacuation
[2023-01-02T16:46:40.409+0900][gc,phases     ] GC(15)   Pre Evacuate Collection Set: 0.9ms
[2023-01-02T16:46:40.409+0900][gc,phases     ] GC(15)   Evacuate Collection Set: 17.7ms
[2023-01-02T16:46:40.409+0900][gc,phases     ] GC(15)   Post Evacuate Collection Set: 0.7ms
[2023-01-02T16:46:40.409+0900][gc,phases     ] GC(15)   Other: 1.0ms
[2023-01-02T16:46:40.409+0900][gc,heap       ] GC(15) Eden regions: 47->0(44)
[2023-01-02T16:46:40.410+0900][gc,heap       ] GC(15) Survivor regions: 4->7(7)
[2023-01-02T16:46:40.410+0900][gc,heap       ] GC(15) Old regions: 31->31
[2023-01-02T16:46:40.410+0900][gc,heap       ] GC(15) Humongous regions: 129->129
[2023-01-02T16:46:40.410+0900][gc,metaspace  ] GC(15) Metaspace: 51438K->51438K(1095680K)
[2023-01-02T16:46:40.410+0900][gc            ] GC(15) Pause Young (Normal) (G1 Evacuation Pause) 210M->166M(1024M) 20.768ms
[2023-01-02T16:46:40.410+0900][gc,cpu        ] GC(15) User=0.04s Sys=0.01s Real=0.03s
[2023-01-02T16:50:19.900+0900][gc,start      ] GC(16) Pause Young (Normal) (G1 Evacuation Pause)
[2023-01-02T16:50:19.901+0900][gc,task       ] GC(16) Using 8 workers of 8 for evacuation
[2023-01-02T16:50:19.929+0900][gc,mmu        ] GC(16) MMU target violated: 21.0ms (20.0ms/21.0ms)
[2023-01-02T16:50:19.929+0900][gc,phases     ] GC(16)   Pre Evacuate Collection Set: 0.6ms
[2023-01-02T16:50:19.929+0900][gc,phases     ] GC(16)   Evacuate Collection Set: 26.9ms
[2023-01-02T16:50:19.929+0900][gc,phases     ] GC(16)   Post Evacuate Collection Set: 0.5ms
[2023-01-02T16:50:19.929+0900][gc,phases     ] GC(16)   Other: 0.9ms
[2023-01-02T16:50:19.929+0900][gc,heap       ] GC(16) Eden regions: 44->0(45)
[2023-01-02T16:50:19.929+0900][gc,heap       ] GC(16) Survivor regions: 7->6(7)
[2023-01-02T16:50:19.929+0900][gc,heap       ] GC(16) Old regions: 31->36
[2023-01-02T16:50:19.929+0900][gc,heap       ] GC(16) Humongous regions: 129->129
[2023-01-02T16:50:19.929+0900][gc,metaspace  ] GC(16) Metaspace: 51471K->51471K(1095680K)
[2023-01-02T16:50:19.929+0900][gc            ] GC(16) Pause Young (Normal) (G1 Evacuation Pause) 210M->169M(1024M) 28.843ms
[2023-01-02T16:50:19.929+0900][gc,cpu        ] GC(16) User=0.05s Sys=0.05s Real=0.02s
[2023-01-02T16:54:05.823+0900][gc,start      ] GC(17) Pause Young (Normal) (G1 Evacuation Pause)
[2023-01-02T16:54:05.824+0900][gc,task       ] GC(17) Using 8 workers of 8 for evacuation
[2023-01-02T16:54:05.840+0900][gc,phases     ] GC(17)   Pre Evacuate Collection Set: 0.6ms
[2023-01-02T16:54:05.840+0900][gc,phases     ] GC(17)   Evacuate Collection Set: 13.8ms
[2023-01-02T16:54:05.840+0900][gc,phases     ] GC(17)   Post Evacuate Collection Set: 0.7ms
[2023-01-02T16:54:05.840+0900][gc,phases     ] GC(17)   Other: 1.7ms
[2023-01-02T16:54:05.840+0900][gc,heap       ] GC(17) Eden regions: 45->0(47)
[2023-01-02T16:54:05.840+0900][gc,heap       ] GC(17) Survivor regions: 6->4(7)
[2023-01-02T16:54:05.840+0900][gc,heap       ] GC(17) Old regions: 36->38
[2023-01-02T16:54:05.840+0900][gc,heap       ] GC(17) Humongous regions: 129->129
[2023-01-02T16:54:05.840+0900][gc,metaspace  ] GC(17) Metaspace: 51495K->51495K(1095680K)
[2023-01-02T16:54:05.840+0900][gc            ] GC(17) Pause Young (Normal) (G1 Evacuation Pause) 214M->170M(1024M) 16.986ms
[2023-01-02T16:54:05.840+0900][gc,cpu        ] GC(17) User=0.04s Sys=0.02s Real=0.02s
[2023-01-02T16:58:02.433+0900][gc,start      ] GC(18) Pause Young (Normal) (G1 Evacuation Pause)
[2023-01-02T16:58:02.434+0900][gc,task       ] GC(18) Using 8 workers of 8 for evacuation
[2023-01-02T16:58:02.452+0900][gc,phases     ] GC(18)   Pre Evacuate Collection Set: 1.0ms
[2023-01-02T16:58:02.452+0900][gc,phases     ] GC(18)   Evacuate Collection Set: 15.6ms
[2023-01-02T16:58:02.452+0900][gc,phases     ] GC(18)   Post Evacuate Collection Set: 0.5ms
[2023-01-02T16:58:02.452+0900][gc,phases     ] GC(18)   Other: 2.0ms
[2023-01-02T16:58:02.452+0900][gc,heap       ] GC(18) Eden regions: 47->0(45)
[2023-01-02T16:58:02.452+0900][gc,heap       ] GC(18) Survivor regions: 4->7(7)
[2023-01-02T16:58:02.452+0900][gc,heap       ] GC(18) Old regions: 38->38
[2023-01-02T16:58:02.452+0900][gc,heap       ] GC(18) Humongous regions: 129->129
[2023-01-02T16:58:02.452+0900][gc,metaspace  ] GC(18) Metaspace: 51521K->51521K(1095680K)
[2023-01-02T16:58:02.452+0900][gc            ] GC(18) Pause Young (Normal) (G1 Evacuation Pause) 217M->173M(1024M) 19.263ms
[2023-01-02T16:58:02.452+0900][gc,cpu        ] GC(18) User=0.06s Sys=0.04s Real=0.02s
[2023-01-02T17:01:43.215+0900][gc,start      ] GC(19) Pause Young (Normal) (G1 Evacuation Pause)
[2023-01-02T17:01:43.216+0900][gc,task       ] GC(19) Using 8 workers of 8 for evacuation
[2023-01-02T17:01:43.237+0900][gc,mmu        ] GC(19) MMU target violated: 20.6ms (20.0ms/21.0ms)
[2023-01-02T17:01:43.237+0900][gc,phases     ] GC(19)   Pre Evacuate Collection Set: 1.3ms
[2023-01-02T17:01:43.237+0900][gc,phases     ] GC(19)   Evacuate Collection Set: 18.2ms
[2023-01-02T17:01:43.237+0900][gc,phases     ] GC(19)   Post Evacuate Collection Set: 0.7ms
[2023-01-02T17:01:43.237+0900][gc,phases     ] GC(19)   Other: 2.3ms
[2023-01-02T17:01:43.237+0900][gc,heap       ] GC(19) Eden regions: 44->0(50)
[2023-01-02T17:01:43.237+0900][gc,heap       ] GC(19) Survivor regions: 7->3(7)
[2023-01-02T17:01:43.237+0900][gc,heap       ] GC(19) Old regions: 38->42
[2023-01-02T17:01:43.237+0900][gc,heap       ] GC(19) Humongous regions: 129->129
[2023-01-02T17:01:43.237+0900][gc,metaspace  ] GC(19) Metaspace: 51534K->51534K(1095680K)
[2023-01-02T17:01:43.237+0900][gc            ] GC(19) Pause Young (Normal) (G1 Evacuation Pause) 217M->173M(1024M) 22.514ms
[2023-01-02T17:01:43.237+0900][gc,cpu        ] GC(19) User=0.05s Sys=0.03s Real=0.02s
[2023-01-02T17:05:54.536+0900][gc,start      ] GC(20) Pause Young (Normal) (G1 Evacuation Pause)
[2023-01-02T17:05:54.537+0900][gc,task       ] GC(20) Using 8 workers of 8 for evacuation
[2023-01-02T17:05:54.555+0900][gc,phases     ] GC(20)   Pre Evacuate Collection Set: 0.9ms
[2023-01-02T17:05:54.555+0900][gc,phases     ] GC(20)   Evacuate Collection Set: 16.4ms
[2023-01-02T17:05:54.555+0900][gc,phases     ] GC(20)   Post Evacuate Collection Set: 0.7ms
[2023-01-02T17:05:54.555+0900][gc,phases     ] GC(20)   Other: 1.6ms
[2023-01-02T17:05:54.555+0900][gc,heap       ] GC(20) Eden regions: 50->0(49)
[2023-01-02T17:05:54.555+0900][gc,heap       ] GC(20) Survivor regions: 3->7(7)
[2023-01-02T17:05:54.555+0900][gc,heap       ] GC(20) Old regions: 42->42
[2023-01-02T17:05:54.555+0900][gc,heap       ] GC(20) Humongous regions: 129->129
[2023-01-02T17:05:54.555+0900][gc,metaspace  ] GC(20) Metaspace: 51536K->51536K(1095680K)
[2023-01-02T17:05:54.555+0900][gc            ] GC(20) Pause Young (Normal) (G1 Evacuation Pause) 223M->176M(1024M) 19.646ms
[2023-01-02T17:05:54.556+0900][gc,cpu        ] GC(20) User=0.05s Sys=0.05s Real=0.02s
[2023-01-02T17:09:45.507+0900][gc,start      ] GC(21) Pause Young (Normal) (G1 Evacuation Pause)
[2023-01-02T17:09:45.509+0900][gc,task       ] GC(21) Using 8 workers of 8 for evacuation
[2023-01-02T17:09:45.538+0900][gc,mmu        ] GC(21) MMU target violated: 21.0ms (20.0ms/21.0ms)
[2023-01-02T17:09:45.539+0900][gc,phases     ] GC(21)   Pre Evacuate Collection Set: 0.7ms
[2023-01-02T17:09:45.539+0900][gc,phases     ] GC(21)   Evacuate Collection Set: 27.9ms
[2023-01-02T17:09:45.539+0900][gc,phases     ] GC(21)   Post Evacuate Collection Set: 0.8ms
[2023-01-02T17:09:45.539+0900][gc,phases     ] GC(21)   Other: 1.7ms
[2023-01-02T17:09:45.539+0900][gc,heap       ] GC(21) Eden regions: 46->0(45)
[2023-01-02T17:09:45.539+0900][gc,heap       ] GC(21) Survivor regions: 7->6(7)
[2023-01-02T17:09:45.539+0900][gc,heap       ] GC(21) Old regions: 42->47
[2023-01-02T17:09:45.539+0900][gc,heap       ] GC(21) Humongous regions: 129->129
[2023-01-02T17:09:45.539+0900][gc,metaspace  ] GC(21) Metaspace: 51573K->51573K(1095680K)
[2023-01-02T17:09:45.539+0900][gc            ] GC(21) Pause Young (Normal) (G1 Evacuation Pause) 222M->180M(1024M) 31.206ms
[2023-01-02T17:09:45.539+0900][gc,cpu        ] GC(21) User=0.06s Sys=0.04s Real=0.03s
[2023-01-02T17:13:19.613+0900][gc,start      ] GC(22) Pause Young (Normal) (G1 Evacuation Pause)
[2023-01-02T17:13:19.614+0900][gc,task       ] GC(22) Using 8 workers of 8 for evacuation
[2023-01-02T17:13:19.621+0900][gc,phases     ] GC(22)   Pre Evacuate Collection Set: 0.3ms
[2023-01-02T17:13:19.621+0900][gc,phases     ] GC(22)   Evacuate Collection Set: 6.1ms
[2023-01-02T17:13:19.621+0900][gc,phases     ] GC(22)   Post Evacuate Collection Set: 0.4ms
[2023-01-02T17:13:19.621+0900][gc,phases     ] GC(22)   Other: 1.1ms
[2023-01-02T17:13:19.621+0900][gc,heap       ] GC(22) Eden regions: 45->0(54)
[2023-01-02T17:13:19.621+0900][gc,heap       ] GC(22) Survivor regions: 6->5(7)
[2023-01-02T17:13:19.621+0900][gc,heap       ] GC(22) Old regions: 47->49
[2023-01-02T17:13:19.621+0900][gc,heap       ] GC(22) Humongous regions: 129->129
[2023-01-02T17:13:19.621+0900][gc,metaspace  ] GC(22) Metaspace: 51595K->51595K(1095680K)
[2023-01-02T17:13:19.621+0900][gc            ] GC(22) Pause Young (Normal) (G1 Evacuation Pause) 225M->182M(1024M) 8.016ms
[2023-01-02T17:13:19.621+0900][gc,cpu        ] GC(22) User=0.03s Sys=0.02s Real=0.01s
[2023-01-02T17:17:30.620+0900][gc,start      ] GC(23) Pause Young (Normal) (G1 Evacuation Pause)
[2023-01-02T17:17:30.621+0900][gc,task       ] GC(23) Using 8 workers of 8 for evacuation
[2023-01-02T17:17:30.648+0900][gc,mmu        ] GC(23) MMU target violated: 21.0ms (20.0ms/21.0ms)
[2023-01-02T17:17:30.649+0900][gc,phases     ] GC(23)   Pre Evacuate Collection Set: 0.9ms
[2023-01-02T17:17:30.649+0900][gc,phases     ] GC(23)   Evacuate Collection Set: 24.4ms
[2023-01-02T17:17:30.649+0900][gc,phases     ] GC(23)   Post Evacuate Collection Set: 1.2ms
[2023-01-02T17:17:30.649+0900][gc,phases     ] GC(23)   Other: 2.7ms
[2023-01-02T17:17:30.649+0900][gc,heap       ] GC(23) Eden regions: 51->0(47)
[2023-01-02T17:17:30.649+0900][gc,heap       ] GC(23) Survivor regions: 5->4(7)
[2023-01-02T17:17:30.649+0900][gc,heap       ] GC(23) Old regions: 49->52
[2023-01-02T17:17:30.649+0900][gc,heap       ] GC(23) Humongous regions: 129->129
[2023-01-02T17:17:30.649+0900][gc,metaspace  ] GC(23) Metaspace: 51638K->51638K(1095680K)
[2023-01-02T17:17:30.649+0900][gc            ] GC(23) Pause Young (Normal) (G1 Evacuation Pause) 233M->183M(1024M) 29.472ms
[2023-01-02T17:17:30.649+0900][gc,cpu        ] GC(23) User=0.04s Sys=0.03s Real=0.02s
[2023-01-02T17:21:25.324+0900][gc,start      ] GC(24) Pause Young (Normal) (G1 Evacuation Pause)
[2023-01-02T17:21:25.326+0900][gc,task       ] GC(24) Using 8 workers of 8 for evacuation
[2023-01-02T17:21:25.340+0900][gc,phases     ] GC(24)   Pre Evacuate Collection Set: 1.1ms
[2023-01-02T17:21:25.340+0900][gc,phases     ] GC(24)   Evacuate Collection Set: 12.0ms
[2023-01-02T17:21:25.340+0900][gc,phases     ] GC(24)   Post Evacuate Collection Set: 0.7ms
[2023-01-02T17:21:25.340+0900][gc,phases     ] GC(24)   Other: 2.0ms
[2023-01-02T17:21:25.340+0900][gc,heap       ] GC(24) Eden regions: 47->0(50)
[2023-01-02T17:21:25.340+0900][gc,heap       ] GC(24) Survivor regions: 4->5(7)
[2023-01-02T17:21:25.340+0900][gc,heap       ] GC(24) Old regions: 52->52
[2023-01-02T17:21:25.340+0900][gc,heap       ] GC(24) Humongous regions: 129->129
[2023-01-02T17:21:25.340+0900][gc,metaspace  ] GC(24) Metaspace: 51646K->51646K(1095680K)
[2023-01-02T17:21:25.340+0900][gc            ] GC(24) Pause Young (Normal) (G1 Evacuation Pause) 230M->184M(1024M) 16.003ms
[2023-01-02T17:21:25.340+0900][gc,cpu        ] GC(24) User=0.03s Sys=0.02s Real=0.02s
[2023-01-02T17:25:36.498+0900][gc,start      ] GC(25) Pause Young (Normal) (G1 Evacuation Pause)
[2023-01-02T17:25:36.499+0900][gc,task       ] GC(25) Using 8 workers of 8 for evacuation
[2023-01-02T17:25:36.516+0900][gc,phases     ] GC(25)   Pre Evacuate Collection Set: 0.1ms
[2023-01-02T17:25:36.516+0900][gc,phases     ] GC(25)   Evacuate Collection Set: 15.4ms
[2023-01-02T17:25:36.516+0900][gc,phases     ] GC(25)   Post Evacuate Collection Set: 0.8ms
[2023-01-02T17:25:36.516+0900][gc,phases     ] GC(25)   Other: 2.2ms
[2023-01-02T17:25:36.516+0900][gc,heap       ] GC(25) Eden regions: 50->0(52)
[2023-01-02T17:25:36.517+0900][gc,heap       ] GC(25) Survivor regions: 5->7(7)
[2023-01-02T17:25:36.517+0900][gc,heap       ] GC(25) Old regions: 52->53
[2023-01-02T17:25:36.517+0900][gc,heap       ] GC(25) Humongous regions: 129->129
[2023-01-02T17:25:36.517+0900][gc,metaspace  ] GC(25) Metaspace: 51650K->51650K(1095680K)
[2023-01-02T17:25:36.517+0900][gc            ] GC(25) Pause Young (Normal) (G1 Evacuation Pause) 234M->188M(1024M) 18.857ms
[2023-01-02T17:25:36.517+0900][gc,cpu        ] GC(25) User=0.05s Sys=0.01s Real=0.02s
[2023-01-02T17:29:46.964+0900][gc,start      ] GC(26) Pause Young (Normal) (G1 Evacuation Pause)
[2023-01-02T17:29:46.966+0900][gc,task       ] GC(26) Using 8 workers of 8 for evacuation
[2023-01-02T17:29:46.990+0900][gc,mmu        ] GC(26) MMU target violated: 21.0ms (20.0ms/21.0ms)
[2023-01-02T17:29:46.991+0900][gc,phases     ] GC(26)   Pre Evacuate Collection Set: 1.4ms
[2023-01-02T17:29:46.991+0900][gc,phases     ] GC(26)   Evacuate Collection Set: 21.2ms
[2023-01-02T17:29:46.991+0900][gc,phases     ] GC(26)   Post Evacuate Collection Set: 1.6ms
[2023-01-02T17:29:46.991+0900][gc,phases     ] GC(26)   Other: 2.4ms
[2023-01-02T17:29:46.991+0900][gc,heap       ] GC(26) Eden regions: 50->0(52)
[2023-01-02T17:29:46.991+0900][gc,heap       ] GC(26) Survivor regions: 7->5(8)
[2023-01-02T17:29:46.991+0900][gc,heap       ] GC(26) Old regions: 53->55
[2023-01-02T17:29:46.991+0900][gc,heap       ] GC(26) Humongous regions: 129->129
[2023-01-02T17:29:46.991+0900][gc,metaspace  ] GC(26) Metaspace: 51654K->51654K(1095680K)
[2023-01-02T17:29:46.991+0900][gc            ] GC(26) Pause Young (Normal) (G1 Evacuation Pause) 238M->188M(1024M) 26.798ms
[2023-01-02T17:29:46.991+0900][gc,cpu        ] GC(26) User=0.04s Sys=0.02s Real=0.03s
[2023-01-02T17:33:36.742+0900][gc,start      ] GC(27) Pause Young (Normal) (G1 Evacuation Pause)
[2023-01-02T17:33:36.743+0900][gc,task       ] GC(27) Using 8 workers of 8 for evacuation
[2023-01-02T17:33:36.757+0900][gc,phases     ] GC(27)   Pre Evacuate Collection Set: 0.1ms
[2023-01-02T17:33:36.757+0900][gc,phases     ] GC(27)   Evacuate Collection Set: 13.4ms
[2023-01-02T17:33:36.757+0900][gc,phases     ] GC(27)   Post Evacuate Collection Set: 0.5ms
[2023-01-02T17:33:36.757+0900][gc,phases     ] GC(27)   Other: 1.0ms
[2023-01-02T17:33:36.757+0900][gc,heap       ] GC(27) Eden regions: 46->0(49)
[2023-01-02T17:33:36.757+0900][gc,heap       ] GC(27) Survivor regions: 5->6(7)
[2023-01-02T17:33:36.757+0900][gc,heap       ] GC(27) Old regions: 55->58
[2023-01-02T17:33:36.757+0900][gc,heap       ] GC(27) Humongous regions: 129->129
[2023-01-02T17:33:36.757+0900][gc,metaspace  ] GC(27) Metaspace: 51655K->51655K(1095680K)
[2023-01-02T17:33:36.758+0900][gc            ] GC(27) Pause Young (Normal) (G1 Evacuation Pause) 234M->192M(1024M) 15.261ms
[2023-01-02T17:33:36.758+0900][gc,cpu        ] GC(27) User=0.04s Sys=0.01s Real=0.01s
[2023-01-02T17:37:31.756+0900][gc,start      ] GC(28) Pause Young (Normal) (G1 Evacuation Pause)
[2023-01-02T17:37:31.757+0900][gc,task       ] GC(28) Using 8 workers of 8 for evacuation
[2023-01-02T17:37:31.791+0900][gc,mmu        ] GC(28) MMU target violated: 21.0ms (20.0ms/21.0ms)
[2023-01-02T17:37:31.791+0900][gc,phases     ] GC(28)   Pre Evacuate Collection Set: 1.1ms
[2023-01-02T17:37:31.791+0900][gc,phases     ] GC(28)   Evacuate Collection Set: 30.3ms
[2023-01-02T17:37:31.791+0900][gc,phases     ] GC(28)   Post Evacuate Collection Set: 1.7ms
[2023-01-02T17:37:31.791+0900][gc,phases     ] GC(28)   Other: 2.1ms
[2023-01-02T17:37:31.791+0900][gc,heap       ] GC(28) Eden regions: 47->0(44)
[2023-01-02T17:37:31.791+0900][gc,heap       ] GC(28) Survivor regions: 6->7(7)
[2023-01-02T17:37:31.791+0900][gc,heap       ] GC(28) Old regions: 58->60
[2023-01-02T17:37:31.791+0900][gc,heap       ] GC(28) Humongous regions: 129->129
[2023-01-02T17:37:31.791+0900][gc,metaspace  ] GC(28) Metaspace: 51656K->51656K(1095680K)
[2023-01-02T17:37:31.791+0900][gc            ] GC(28) Pause Young (Normal) (G1 Evacuation Pause) 239M->195M(1024M) 35.113ms
[2023-01-02T17:37:31.791+0900][gc,cpu        ] GC(28) User=0.07s Sys=0.05s Real=0.04s
[2023-01-02T17:41:13.599+0900][gc,start      ] GC(29) Pause Young (Normal) (G1 Evacuation Pause)
[2023-01-02T17:41:13.600+0900][gc,task       ] GC(29) Using 8 workers of 8 for evacuation
[2023-01-02T17:41:13.626+0900][gc,mmu        ] GC(29) MMU target violated: 21.0ms (20.0ms/21.0ms)
[2023-01-02T17:41:13.626+0900][gc,phases     ] GC(29)   Pre Evacuate Collection Set: 1.2ms
[2023-01-02T17:41:13.626+0900][gc,phases     ] GC(29)   Evacuate Collection Set: 22.8ms
[2023-01-02T17:41:13.626+0900][gc,phases     ] GC(29)   Post Evacuate Collection Set: 0.9ms
[2023-01-02T17:41:13.626+0900][gc,phases     ] GC(29)   Other: 1.9ms
[2023-01-02T17:41:13.626+0900][gc,heap       ] GC(29) Eden regions: 44->0(48)
[2023-01-02T17:41:13.626+0900][gc,heap       ] GC(29) Survivor regions: 7->3(7)
[2023-01-02T17:41:13.626+0900][gc,heap       ] GC(29) Old regions: 60->65
[2023-01-02T17:41:13.626+0900][gc,heap       ] GC(29) Humongous regions: 129->129
[2023-01-02T17:41:13.626+0900][gc,metaspace  ] GC(29) Metaspace: 51658K->51658K(1095680K)
[2023-01-02T17:41:13.626+0900][gc            ] GC(29) Pause Young (Normal) (G1 Evacuation Pause) 239M->196M(1024M) 26.915ms
[2023-01-02T17:41:13.626+0900][gc,cpu        ] GC(29) User=0.06s Sys=0.03s Real=0.03s
[2023-01-02T17:45:15.557+0900][gc,start      ] GC(30) Pause Young (Normal) (G1 Evacuation Pause)
[2023-01-02T17:45:15.558+0900][gc,task       ] GC(30) Using 8 workers of 8 for evacuation
[2023-01-02T17:45:15.578+0900][gc,phases     ] GC(30)   Pre Evacuate Collection Set: 1.2ms
[2023-01-02T17:45:15.578+0900][gc,phases     ] GC(30)   Evacuate Collection Set: 16.8ms
[2023-01-02T17:45:15.578+0900][gc,phases     ] GC(30)   Post Evacuate Collection Set: 0.6ms
[2023-01-02T17:45:15.578+0900][gc,phases     ] GC(30)   Other: 2.3ms
[2023-01-02T17:45:15.578+0900][gc,heap       ] GC(30) Eden regions: 48->0(45)
[2023-01-02T17:45:15.578+0900][gc,heap       ] GC(30) Survivor regions: 3->6(7)
[2023-01-02T17:45:15.578+0900][gc,heap       ] GC(30) Old regions: 65->65
[2023-01-02T17:45:15.578+0900][gc,heap       ] GC(30) Humongous regions: 129->129
[2023-01-02T17:45:15.578+0900][gc,metaspace  ] GC(30) Metaspace: 51661K->51661K(1095680K)
[2023-01-02T17:45:15.578+0900][gc            ] GC(30) Pause Young (Normal) (G1 Evacuation Pause) 244M->199M(1024M) 21.090ms
[2023-01-02T17:45:15.578+0900][gc,cpu        ] GC(30) User=0.05s Sys=0.03s Real=0.02s
[2023-01-02T17:49:02.619+0900][gc,start      ] GC(31) Pause Young (Normal) (G1 Evacuation Pause)
[2023-01-02T17:49:02.620+0900][gc,task       ] GC(31) Using 8 workers of 8 for evacuation
[2023-01-02T17:49:02.647+0900][gc,mmu        ] GC(31) MMU target violated: 21.0ms (20.0ms/21.0ms)
[2023-01-02T17:49:02.647+0900][gc,phases     ] GC(31)   Pre Evacuate Collection Set: 1.5ms
[2023-01-02T17:49:02.647+0900][gc,phases     ] GC(31)   Evacuate Collection Set: 23.7ms
[2023-01-02T17:49:02.647+0900][gc,phases     ] GC(31)   Post Evacuate Collection Set: 0.6ms
[2023-01-02T17:49:02.647+0900][gc,phases     ] GC(31)   Other: 2.4ms
[2023-01-02T17:49:02.647+0900][gc,heap       ] GC(31) Eden regions: 45->0(46)
[2023-01-02T17:49:02.647+0900][gc,heap       ] GC(31) Survivor regions: 6->5(7)
[2023-01-02T17:49:02.647+0900][gc,heap       ] GC(31) Old regions: 65->69
[2023-01-02T17:49:02.647+0900][gc,heap       ] GC(31) Humongous regions: 129->129
[2023-01-02T17:49:02.647+0900][gc,metaspace  ] GC(31) Metaspace: 51667K->51667K(1095680K)
[2023-01-02T17:49:02.647+0900][gc            ] GC(31) Pause Young (Normal) (G1 Evacuation Pause) 244M->202M(1024M) 28.294ms
[2023-01-02T17:49:02.647+0900][gc,cpu        ] GC(31) User=0.07s Sys=0.04s Real=0.03s
[2023-01-02T17:52:52.326+0900][gc,start      ] GC(32) Pause Young (Normal) (G1 Evacuation Pause)
[2023-01-02T17:52:52.327+0900][gc,task       ] GC(32) Using 8 workers of 8 for evacuation
[2023-01-02T17:52:52.340+0900][gc,phases     ] GC(32)   Pre Evacuate Collection Set: 0.8ms
[2023-01-02T17:52:52.340+0900][gc,phases     ] GC(32)   Evacuate Collection Set: 11.4ms
[2023-01-02T17:52:52.340+0900][gc,phases     ] GC(32)   Post Evacuate Collection Set: 0.7ms
[2023-01-02T17:52:52.340+0900][gc,phases     ] GC(32)   Other: 1.9ms
[2023-01-02T17:52:52.341+0900][gc,heap       ] GC(32) Eden regions: 46->0(50)
[2023-01-02T17:52:52.341+0900][gc,heap       ] GC(32) Survivor regions: 5->4(7)
[2023-01-02T17:52:52.341+0900][gc,heap       ] GC(32) Old regions: 69->71
[2023-01-02T17:52:52.341+0900][gc,heap       ] GC(32) Humongous regions: 129->129
[2023-01-02T17:52:52.341+0900][gc,metaspace  ] GC(32) Metaspace: 51684K->51684K(1095680K)
[2023-01-02T17:52:52.341+0900][gc            ] GC(32) Pause Young (Normal) (G1 Evacuation Pause) 248M->202M(1024M) 14.944ms
[2023-01-02T17:52:52.341+0900][gc,cpu        ] GC(32) User=0.04s Sys=0.02s Real=0.02s
[2023-01-02T17:53:15.714+0900][gc,heap,exit  ] Heap
[2023-01-02T17:53:15.715+0900][gc,heap,exit  ]  garbage-first heap   total 1048576K, used 221155K [0x00000007c0000000, 0x0000000800000000)
[2023-01-02T17:53:15.715+0900][gc,heap,exit  ]   region size 1024K, 19 young (19456K), 4 survivors (4096K)
[2023-01-02T17:53:15.715+0900][gc,heap,exit  ]  Metaspace       used 52483K, capacity 55529K, committed 55808K, reserved 1097728K
[2023-01-02T17:53:15.715+0900][gc,heap,exit  ]   class space    used 6659K, capacity 8143K, committed 8192K, reserved 1048576K
