[2022-12-31T20:04:21.928+0900][gc,heap] Heap region size: 1M
[2022-12-31T20:04:21.935+0900][gc     ] Using G1
[2022-12-31T20:04:21.935+0900][gc,heap,coops] Heap address: 0x00000007c0000000, size: 1024 MB, Compressed Oops mode: Zero based, Oop shift amount: 3
[2022-12-31T20:04:28.167+0900][gc,start     ] GC(0) Pause Young (Concurrent Start) (Metadata GC Threshold)
[2022-12-31T20:04:28.167+0900][gc,task      ] GC(0) Using 8 workers of 8 for evacuation
[2022-12-31T20:04:28.178+0900][gc,phases    ] GC(0)   Pre Evacuate Collection Set: 0.0ms
[2022-12-31T20:04:28.178+0900][gc,phases    ] GC(0)   Evacuate Collection Set: 10.0ms
[2022-12-31T20:04:28.178+0900][gc,phases    ] GC(0)   Post Evacuate Collection Set: 0.4ms
[2022-12-31T20:04:28.178+0900][gc,phases    ] GC(0)   Other: 0.6ms
[2022-12-31T20:04:28.178+0900][gc,heap      ] GC(0) Eden regions: 47->0(44)
[2022-12-31T20:04:28.178+0900][gc,heap      ] GC(0) Survivor regions: 0->7(7)
[2022-12-31T20:04:28.178+0900][gc,heap      ] GC(0) Old regions: 0->0
[2022-12-31T20:04:28.178+0900][gc,heap      ] GC(0) Humongous regions: 0->0
[2022-12-31T20:04:28.178+0900][gc,metaspace ] GC(0) Metaspace: 20571K->20571K(1069056K)
[2022-12-31T20:04:28.178+0900][gc           ] GC(0) Pause Young (Concurrent Start) (Metadata GC Threshold) 46M->6M(1024M) 11.174ms
[2022-12-31T20:04:28.178+0900][gc,cpu       ] GC(0) User=0.03s Sys=0.01s Real=0.01s
[2022-12-31T20:04:28.178+0900][gc           ] GC(1) Concurrent Cycle
[2022-12-31T20:04:28.178+0900][gc,marking   ] GC(1) Concurrent Clear Claimed Marks
[2022-12-31T20:04:28.178+0900][gc,marking   ] GC(1) Concurrent Clear Claimed Marks 0.037ms
[2022-12-31T20:04:28.179+0900][gc,marking   ] GC(1) Concurrent Scan Root Regions
[2022-12-31T20:04:28.180+0900][gc,marking   ] GC(1) Concurrent Scan Root Regions 1.360ms
[2022-12-31T20:04:28.180+0900][gc,marking   ] GC(1) Concurrent Mark (6.262s)
[2022-12-31T20:04:28.180+0900][gc,marking   ] GC(1) Concurrent Mark From Roots
[2022-12-31T20:04:28.180+0900][gc,task      ] GC(1) Using 2 workers of 2 for marking
[2022-12-31T20:04:28.181+0900][gc,marking   ] GC(1) Concurrent Mark From Roots 1.102ms
[2022-12-31T20:04:28.181+0900][gc,marking   ] GC(1) Concurrent Preclean
[2022-12-31T20:04:28.181+0900][gc,marking   ] GC(1) Concurrent Preclean 0.032ms
[2022-12-31T20:04:28.181+0900][gc,marking   ] GC(1) Concurrent Mark (6.262s, 6.263s) 1.165ms
[2022-12-31T20:04:28.182+0900][gc,start     ] GC(1) Pause Remark
[2022-12-31T20:04:28.185+0900][gc,stringtable] GC(1) Cleaned string and symbol table, strings: 7133 processed, 0 removed, symbols: 64516 processed, 32 removed
[2022-12-31T20:04:28.186+0900][gc            ] GC(1) Pause Remark 7M->7M(1024M) 4.125ms
[2022-12-31T20:04:28.186+0900][gc,cpu        ] GC(1) User=0.01s Sys=0.01s Real=0.00s
[2022-12-31T20:04:28.186+0900][gc,marking    ] GC(1) Concurrent Rebuild Remembered Sets
[2022-12-31T20:04:28.186+0900][gc,marking    ] GC(1) Concurrent Rebuild Remembered Sets 0.057ms
[2022-12-31T20:04:28.186+0900][gc,start      ] GC(1) Pause Cleanup
[2022-12-31T20:04:28.186+0900][gc            ] GC(1) Pause Cleanup 7M->7M(1024M) 0.070ms
[2022-12-31T20:04:28.186+0900][gc,cpu        ] GC(1) User=0.00s Sys=0.00s Real=0.00s
[2022-12-31T20:04:28.186+0900][gc,marking    ] GC(1) Concurrent Cleanup for Next Mark
[2022-12-31T20:04:28.190+0900][gc,marking    ] GC(1) Concurrent Cleanup for Next Mark 3.047ms
[2022-12-31T20:04:28.190+0900][gc            ] GC(1) Concurrent Cycle 11.200ms
[2022-12-31T20:04:29.189+0900][gc,start      ] GC(2) Pause Young (Normal) (G1 Evacuation Pause)
[2022-12-31T20:04:29.189+0900][gc,task       ] GC(2) Using 8 workers of 8 for evacuation
[2022-12-31T20:04:29.204+0900][gc,phases     ] GC(2)   Pre Evacuate Collection Set: 0.0ms
[2022-12-31T20:04:29.204+0900][gc,phases     ] GC(2)   Evacuate Collection Set: 14.1ms
[2022-12-31T20:04:29.204+0900][gc,phases     ] GC(2)   Post Evacuate Collection Set: 0.4ms
[2022-12-31T20:04:29.204+0900][gc,phases     ] GC(2)   Other: 0.1ms
[2022-12-31T20:04:29.204+0900][gc,heap       ] GC(2) Eden regions: 44->0(48)
[2022-12-31T20:04:29.204+0900][gc,heap       ] GC(2) Survivor regions: 7->3(7)
[2022-12-31T20:04:29.204+0900][gc,heap       ] GC(2) Old regions: 0->7
[2022-12-31T20:04:29.204+0900][gc,heap       ] GC(2) Humongous regions: 129->129
[2022-12-31T20:04:29.204+0900][gc,metaspace  ] GC(2) Metaspace: 29198K->29198K(1075200K)
[2022-12-31T20:04:29.204+0900][gc            ] GC(2) Pause Young (Normal) (G1 Evacuation Pause) 179M->137M(1024M) 14.722ms
[2022-12-31T20:04:29.204+0900][gc,cpu        ] GC(2) User=0.06s Sys=0.02s Real=0.02s
[2022-12-31T20:04:29.633+0900][gc,start      ] GC(3) Pause Young (Concurrent Start) (Metadata GC Threshold)
[2022-12-31T20:04:29.633+0900][gc,task       ] GC(3) Using 8 workers of 8 for evacuation
[2022-12-31T20:04:29.639+0900][gc,phases     ] GC(3)   Pre Evacuate Collection Set: 0.1ms
[2022-12-31T20:04:29.639+0900][gc,phases     ] GC(3)   Evacuate Collection Set: 5.4ms
[2022-12-31T20:04:29.639+0900][gc,phases     ] GC(3)   Post Evacuate Collection Set: 0.2ms
[2022-12-31T20:04:29.639+0900][gc,phases     ] GC(3)   Other: 0.6ms
[2022-12-31T20:04:29.639+0900][gc,heap       ] GC(3) Eden regions: 33->0(46)
[2022-12-31T20:04:29.639+0900][gc,heap       ] GC(3) Survivor regions: 3->5(7)
[2022-12-31T20:04:29.639+0900][gc,heap       ] GC(3) Old regions: 7->7
[2022-12-31T20:04:29.639+0900][gc,heap       ] GC(3) Humongous regions: 129->129
[2022-12-31T20:04:29.639+0900][gc,metaspace  ] GC(3) Metaspace: 34774K->34774K(1081344K)
[2022-12-31T20:04:29.639+0900][gc            ] GC(3) Pause Young (Concurrent Start) (Metadata GC Threshold) 170M->139M(1024M) 6.475ms
[2022-12-31T20:04:29.640+0900][gc,cpu        ] GC(3) User=0.03s Sys=0.00s Real=0.01s
[2022-12-31T20:04:29.640+0900][gc            ] GC(4) Concurrent Cycle
[2022-12-31T20:04:29.640+0900][gc,marking    ] GC(4) Concurrent Clear Claimed Marks
[2022-12-31T20:04:29.640+0900][gc,marking    ] GC(4) Concurrent Clear Claimed Marks 0.050ms
[2022-12-31T20:04:29.640+0900][gc,marking    ] GC(4) Concurrent Scan Root Regions
[2022-12-31T20:04:29.641+0900][gc,marking    ] GC(4) Concurrent Scan Root Regions 1.261ms
[2022-12-31T20:04:29.641+0900][gc,marking    ] GC(4) Concurrent Mark (7.723s)
[2022-12-31T20:04:29.641+0900][gc,marking    ] GC(4) Concurrent Mark From Roots
[2022-12-31T20:04:29.641+0900][gc,task       ] GC(4) Using 2 workers of 2 for marking
[2022-12-31T20:04:29.645+0900][gc,marking    ] GC(4) Concurrent Mark From Roots 3.700ms
[2022-12-31T20:04:29.645+0900][gc,marking    ] GC(4) Concurrent Preclean
[2022-12-31T20:04:29.645+0900][gc,marking    ] GC(4) Concurrent Preclean 0.044ms
[2022-12-31T20:04:29.645+0900][gc,marking    ] GC(4) Concurrent Mark (7.723s, 7.727s) 3.787ms
[2022-12-31T20:04:29.645+0900][gc,start      ] GC(4) Pause Remark
[2022-12-31T20:04:29.652+0900][gc,stringtable] GC(4) Cleaned string and symbol table, strings: 11467 processed, 11 removed, symbols: 96806 processed, 21 removed
[2022-12-31T20:04:29.652+0900][gc            ] GC(4) Pause Remark 140M->140M(1024M) 7.084ms
[2022-12-31T20:04:29.652+0900][gc,cpu        ] GC(4) User=0.01s Sys=0.01s Real=0.01s
[2022-12-31T20:04:29.652+0900][gc,marking    ] GC(4) Concurrent Rebuild Remembered Sets
[2022-12-31T20:04:29.655+0900][gc,marking    ] GC(4) Concurrent Rebuild Remembered Sets 2.186ms
[2022-12-31T20:04:29.655+0900][gc,start      ] GC(4) Pause Cleanup
[2022-12-31T20:04:29.655+0900][gc            ] GC(4) Pause Cleanup 140M->140M(1024M) 0.156ms
[2022-12-31T20:04:29.655+0900][gc,cpu        ] GC(4) User=0.00s Sys=0.00s Real=0.00s
[2022-12-31T20:04:29.655+0900][gc,marking    ] GC(4) Concurrent Cleanup for Next Mark
[2022-12-31T20:04:29.660+0900][gc,marking    ] GC(4) Concurrent Cleanup for Next Mark 4.553ms
[2022-12-31T20:04:29.660+0900][gc            ] GC(4) Concurrent Cycle 20.117ms
[2022-12-31T20:04:59.081+0900][gc,start      ] GC(5) Pause Young (Normal) (G1 Evacuation Pause)
[2022-12-31T20:04:59.081+0900][gc,task       ] GC(5) Using 8 workers of 8 for evacuation
[2022-12-31T20:04:59.100+0900][gc,phases     ] GC(5)   Pre Evacuate Collection Set: 0.2ms
[2022-12-31T20:04:59.100+0900][gc,phases     ] GC(5)   Evacuate Collection Set: 17.9ms
[2022-12-31T20:04:59.100+0900][gc,phases     ] GC(5)   Post Evacuate Collection Set: 0.6ms
[2022-12-31T20:04:59.100+0900][gc,phases     ] GC(5)   Other: 0.6ms
[2022-12-31T20:04:59.100+0900][gc,heap       ] GC(5) Eden regions: 46->0(46)
[2022-12-31T20:04:59.100+0900][gc,heap       ] GC(5) Survivor regions: 5->5(7)
[2022-12-31T20:04:59.100+0900][gc,heap       ] GC(5) Old regions: 7->9
[2022-12-31T20:04:59.100+0900][gc,heap       ] GC(5) Humongous regions: 129->129
[2022-12-31T20:04:59.100+0900][gc,metaspace  ] GC(5) Metaspace: 42715K->42715K(1087488K)
[2022-12-31T20:04:59.100+0900][gc            ] GC(5) Pause Young (Normal) (G1 Evacuation Pause) 185M->142M(1024M) 19.494ms
[2022-12-31T20:04:59.100+0900][gc,cpu        ] GC(5) User=0.05s Sys=0.01s Real=0.02s
[2022-12-31T20:12:22.300+0900][gc,heap,exit  ] Heap
[2022-12-31T20:12:22.300+0900][gc,heap,exit  ]  garbage-first heap   total 1048576K, used 161280K [0x00000007c0000000, 0x0000000800000000)
[2022-12-31T20:12:22.300+0900][gc,heap,exit  ]   region size 1024K, 21 young (21504K), 5 survivors (5120K)
[2022-12-31T20:12:22.300+0900][gc,heap,exit  ]  Metaspace       used 43992K, capacity 45651K, committed 45696K, reserved 1089536K
[2022-12-31T20:12:22.300+0900][gc,heap,exit  ]   class space    used 5212K, capacity 6012K, committed 6016K, reserved 1048576K
