[2022-12-31T20:41:26.230+0900][gc,heap] Heap region size: 1M
[2022-12-31T20:41:26.236+0900][gc     ] Using G1
[2022-12-31T20:41:26.236+0900][gc,heap,coops] Heap address: 0x00000007c0000000, size: 1024 MB, Compressed Oops mode: Zero based, Oop shift amount: 3
[2022-12-31T20:41:32.380+0900][gc,start     ] GC(0) Pause Young (Concurrent Start) (Metadata GC Threshold)
[2022-12-31T20:41:32.380+0900][gc,task      ] GC(0) Using 8 workers of 8 for evacuation
[2022-12-31T20:41:32.392+0900][gc,phases    ] GC(0)   Pre Evacuate Collection Set: 0.0ms
[2022-12-31T20:41:32.392+0900][gc,phases    ] GC(0)   Evacuate Collection Set: 10.5ms
[2022-12-31T20:41:32.392+0900][gc,phases    ] GC(0)   Post Evacuate Collection Set: 0.4ms
[2022-12-31T20:41:32.392+0900][gc,phases    ] GC(0)   Other: 0.8ms
[2022-12-31T20:41:32.392+0900][gc,heap      ] GC(0) Eden regions: 47->0(44)
[2022-12-31T20:41:32.392+0900][gc,heap      ] GC(0) Survivor regions: 0->7(7)
[2022-12-31T20:41:32.392+0900][gc,heap      ] GC(0) Old regions: 0->0
[2022-12-31T20:41:32.392+0900][gc,heap      ] GC(0) Humongous regions: 0->0
[2022-12-31T20:41:32.392+0900][gc,metaspace ] GC(0) Metaspace: 20677K->20677K(1069056K)
[2022-12-31T20:41:32.392+0900][gc           ] GC(0) Pause Young (Concurrent Start) (Metadata GC Threshold) 47M->6M(1024M) 11.880ms
[2022-12-31T20:41:32.392+0900][gc,cpu       ] GC(0) User=0.03s Sys=0.02s Real=0.01s
[2022-12-31T20:41:32.392+0900][gc           ] GC(1) Concurrent Cycle
[2022-12-31T20:41:32.392+0900][gc,marking   ] GC(1) Concurrent Clear Claimed Marks
[2022-12-31T20:41:32.392+0900][gc,marking   ] GC(1) Concurrent Clear Claimed Marks 0.040ms
[2022-12-31T20:41:32.392+0900][gc,marking   ] GC(1) Concurrent Scan Root Regions
[2022-12-31T20:41:32.394+0900][gc,marking   ] GC(1) Concurrent Scan Root Regions 1.626ms
[2022-12-31T20:41:32.394+0900][gc,marking   ] GC(1) Concurrent Mark (6.173s)
[2022-12-31T20:41:32.394+0900][gc,marking   ] GC(1) Concurrent Mark From Roots
[2022-12-31T20:41:32.394+0900][gc,task      ] GC(1) Using 2 workers of 2 for marking
[2022-12-31T20:41:32.394+0900][gc,marking   ] GC(1) Concurrent Mark From Roots 0.146ms
[2022-12-31T20:41:32.394+0900][gc,marking   ] GC(1) Concurrent Preclean
[2022-12-31T20:41:32.394+0900][gc,marking   ] GC(1) Concurrent Preclean 0.025ms
[2022-12-31T20:41:32.394+0900][gc,marking   ] GC(1) Concurrent Mark (6.173s, 6.173s) 0.193ms
[2022-12-31T20:41:32.394+0900][gc,start     ] GC(1) Pause Remark
[2022-12-31T20:41:32.399+0900][gc,stringtable] GC(1) Cleaned string and symbol table, strings: 7129 processed, 0 removed, symbols: 65469 processed, 27 removed
[2022-12-31T20:41:32.399+0900][gc            ] GC(1) Pause Remark 7M->7M(1024M) 4.584ms
[2022-12-31T20:41:32.399+0900][gc,cpu        ] GC(1) User=0.01s Sys=0.00s Real=0.00s
[2022-12-31T20:41:32.399+0900][gc,marking    ] GC(1) Concurrent Rebuild Remembered Sets
[2022-12-31T20:41:32.399+0900][gc,marking    ] GC(1) Concurrent Rebuild Remembered Sets 0.083ms
[2022-12-31T20:41:32.399+0900][gc,start      ] GC(1) Pause Cleanup
[2022-12-31T20:41:32.399+0900][gc            ] GC(1) Pause Cleanup 7M->7M(1024M) 0.072ms
[2022-12-31T20:41:32.400+0900][gc,cpu        ] GC(1) User=0.00s Sys=0.00s Real=0.01s
[2022-12-31T20:41:32.400+0900][gc,marking    ] GC(1) Concurrent Cleanup for Next Mark
[2022-12-31T20:41:32.403+0900][gc,marking    ] GC(1) Concurrent Cleanup for Next Mark 3.072ms
[2022-12-31T20:41:32.403+0900][gc            ] GC(1) Concurrent Cycle 10.523ms
[2022-12-31T20:41:33.403+0900][gc,start      ] GC(2) Pause Young (Normal) (G1 Evacuation Pause)
[2022-12-31T20:41:33.403+0900][gc,task       ] GC(2) Using 8 workers of 8 for evacuation
[2022-12-31T20:41:33.417+0900][gc,phases     ] GC(2)   Pre Evacuate Collection Set: 0.0ms
[2022-12-31T20:41:33.417+0900][gc,phases     ] GC(2)   Evacuate Collection Set: 13.6ms
[2022-12-31T20:41:33.417+0900][gc,phases     ] GC(2)   Post Evacuate Collection Set: 0.4ms
[2022-12-31T20:41:33.417+0900][gc,phases     ] GC(2)   Other: 0.1ms
[2022-12-31T20:41:33.417+0900][gc,heap       ] GC(2) Eden regions: 44->0(48)
[2022-12-31T20:41:33.417+0900][gc,heap       ] GC(2) Survivor regions: 7->3(7)
[2022-12-31T20:41:33.417+0900][gc,heap       ] GC(2) Old regions: 0->7
[2022-12-31T20:41:33.417+0900][gc,heap       ] GC(2) Humongous regions: 129->129
[2022-12-31T20:41:33.417+0900][gc,metaspace  ] GC(2) Metaspace: 29251K->29251K(1075200K)
[2022-12-31T20:41:33.417+0900][gc            ] GC(2) Pause Young (Normal) (G1 Evacuation Pause) 179M->137M(1024M) 14.316ms
[2022-12-31T20:41:33.417+0900][gc,cpu        ] GC(2) User=0.06s Sys=0.02s Real=0.01s
[2022-12-31T20:41:33.854+0900][gc,start      ] GC(3) Pause Young (Concurrent Start) (Metadata GC Threshold)
[2022-12-31T20:41:33.854+0900][gc,task       ] GC(3) Using 8 workers of 8 for evacuation
[2022-12-31T20:41:33.859+0900][gc,phases     ] GC(3)   Pre Evacuate Collection Set: 0.1ms
[2022-12-31T20:41:33.859+0900][gc,phases     ] GC(3)   Evacuate Collection Set: 3.7ms
[2022-12-31T20:41:33.859+0900][gc,phases     ] GC(3)   Post Evacuate Collection Set: 0.3ms
[2022-12-31T20:41:33.859+0900][gc,phases     ] GC(3)   Other: 0.2ms
[2022-12-31T20:41:33.859+0900][gc,heap       ] GC(3) Eden regions: 33->0(47)
[2022-12-31T20:41:33.859+0900][gc,heap       ] GC(3) Survivor regions: 3->4(7)
[2022-12-31T20:41:33.859+0900][gc,heap       ] GC(3) Old regions: 7->7
[2022-12-31T20:41:33.859+0900][gc,heap       ] GC(3) Humongous regions: 129->129
[2022-12-31T20:41:33.859+0900][gc,metaspace  ] GC(3) Metaspace: 34771K->34771K(1081344K)
[2022-12-31T20:41:33.859+0900][gc            ] GC(3) Pause Young (Concurrent Start) (Metadata GC Threshold) 170M->139M(1024M) 4.463ms
[2022-12-31T20:41:33.859+0900][gc,cpu        ] GC(3) User=0.02s Sys=0.00s Real=0.00s
[2022-12-31T20:41:33.859+0900][gc            ] GC(4) Concurrent Cycle
[2022-12-31T20:41:33.859+0900][gc,marking    ] GC(4) Concurrent Clear Claimed Marks
[2022-12-31T20:41:33.859+0900][gc,marking    ] GC(4) Concurrent Clear Claimed Marks 0.051ms
[2022-12-31T20:41:33.859+0900][gc,marking    ] GC(4) Concurrent Scan Root Regions
[2022-12-31T20:41:33.860+0900][gc,marking    ] GC(4) Concurrent Scan Root Regions 1.612ms
[2022-12-31T20:41:33.861+0900][gc,marking    ] GC(4) Concurrent Mark (7.640s)
[2022-12-31T20:41:33.861+0900][gc,marking    ] GC(4) Concurrent Mark From Roots
[2022-12-31T20:41:33.861+0900][gc,task       ] GC(4) Using 2 workers of 2 for marking
[2022-12-31T20:41:33.864+0900][gc,marking    ] GC(4) Concurrent Mark From Roots 2.624ms
[2022-12-31T20:41:33.864+0900][gc,marking    ] GC(4) Concurrent Preclean
[2022-12-31T20:41:33.864+0900][gc,marking    ] GC(4) Concurrent Preclean 0.037ms
[2022-12-31T20:41:33.864+0900][gc,marking    ] GC(4) Concurrent Mark (7.640s, 7.642s) 2.694ms
[2022-12-31T20:41:33.864+0900][gc,start      ] GC(4) Pause Remark
[2022-12-31T20:41:33.871+0900][gc,stringtable] GC(4) Cleaned string and symbol table, strings: 11471 processed, 11 removed, symbols: 96805 processed, 21 removed
[2022-12-31T20:41:33.871+0900][gc            ] GC(4) Pause Remark 140M->140M(1024M) 7.538ms
[2022-12-31T20:41:33.871+0900][gc,cpu        ] GC(4) User=0.01s Sys=0.00s Real=0.01s
[2022-12-31T20:41:33.871+0900][gc,marking    ] GC(4) Concurrent Rebuild Remembered Sets
[2022-12-31T20:41:33.873+0900][gc,marking    ] GC(4) Concurrent Rebuild Remembered Sets 2.014ms
[2022-12-31T20:41:33.874+0900][gc,start      ] GC(4) Pause Cleanup
[2022-12-31T20:41:33.874+0900][gc            ] GC(4) Pause Cleanup 140M->140M(1024M) 0.135ms
[2022-12-31T20:41:33.874+0900][gc,cpu        ] GC(4) User=0.00s Sys=0.00s Real=0.00s
[2022-12-31T20:41:33.874+0900][gc,marking    ] GC(4) Concurrent Cleanup for Next Mark
[2022-12-31T20:41:33.877+0900][gc,marking    ] GC(4) Concurrent Cleanup for Next Mark 3.181ms
[2022-12-31T20:41:33.877+0900][gc            ] GC(4) Concurrent Cycle 18.418ms
[2022-12-31T20:42:03.299+0900][gc,start      ] GC(5) Pause Young (Normal) (G1 Evacuation Pause)
[2022-12-31T20:42:03.300+0900][gc,task       ] GC(5) Using 8 workers of 8 for evacuation
[2022-12-31T20:42:03.322+0900][gc,mmu        ] GC(5) MMU target violated: 21.0ms (20.0ms/21.0ms)
[2022-12-31T20:42:03.322+0900][gc,phases     ] GC(5)   Pre Evacuate Collection Set: 0.1ms
[2022-12-31T20:42:03.322+0900][gc,phases     ] GC(5)   Evacuate Collection Set: 20.9ms
[2022-12-31T20:42:03.322+0900][gc,phases     ] GC(5)   Post Evacuate Collection Set: 0.5ms
[2022-12-31T20:42:03.322+0900][gc,phases     ] GC(5)   Other: 1.1ms
[2022-12-31T20:42:03.322+0900][gc,heap       ] GC(5) Eden regions: 47->0(46)
[2022-12-31T20:42:03.322+0900][gc,heap       ] GC(5) Survivor regions: 4->5(7)
[2022-12-31T20:42:03.322+0900][gc,heap       ] GC(5) Old regions: 7->9
[2022-12-31T20:42:03.322+0900][gc,heap       ] GC(5) Humongous regions: 129->129
[2022-12-31T20:42:03.322+0900][gc,metaspace  ] GC(5) Metaspace: 42729K->42729K(1087488K)
[2022-12-31T20:42:03.322+0900][gc            ] GC(5) Pause Young (Normal) (G1 Evacuation Pause) 186M->142M(1024M) 22.790ms
[2022-12-31T20:42:03.322+0900][gc,cpu        ] GC(5) User=0.09s Sys=0.03s Real=0.03s
[2022-12-31T20:58:15.620+0900][gc,start      ] GC(6) Pause Young (Normal) (G1 Evacuation Pause)
[2022-12-31T20:58:15.620+0900][gc,task       ] GC(6) Using 8 workers of 8 for evacuation
[2022-12-31T20:58:15.632+0900][gc,phases     ] GC(6)   Pre Evacuate Collection Set: 0.4ms
[2022-12-31T20:58:15.632+0900][gc,phases     ] GC(6)   Evacuate Collection Set: 10.7ms
[2022-12-31T20:58:15.632+0900][gc,phases     ] GC(6)   Post Evacuate Collection Set: 0.7ms
[2022-12-31T20:58:15.632+0900][gc,phases     ] GC(6)   Other: 1.0ms
[2022-12-31T20:58:15.633+0900][gc,heap       ] GC(6) Eden regions: 46->0(46)
[2022-12-31T20:58:15.633+0900][gc,heap       ] GC(6) Survivor regions: 5->5(7)
[2022-12-31T20:58:15.633+0900][gc,heap       ] GC(6) Old regions: 9->11
[2022-12-31T20:58:15.633+0900][gc,heap       ] GC(6) Humongous regions: 129->129
[2022-12-31T20:58:15.633+0900][gc,metaspace  ] GC(6) Metaspace: 47964K->47964K(1093632K)
[2022-12-31T20:58:15.633+0900][gc            ] GC(6) Pause Young (Normal) (G1 Evacuation Pause) 188M->144M(1024M) 12.903ms
[2022-12-31T20:58:15.633+0900][gc,cpu        ] GC(6) User=0.05s Sys=0.02s Real=0.01s
[2022-12-31T21:09:15.425+0900][gc,start      ] GC(7) Pause Young (Normal) (G1 Evacuation Pause)
[2022-12-31T21:09:15.426+0900][gc,task       ] GC(7) Using 8 workers of 8 for evacuation
[2022-12-31T21:09:15.462+0900][gc,mmu        ] GC(7) MMU target violated: 21.0ms (20.0ms/21.0ms)
[2022-12-31T21:09:15.462+0900][gc,phases     ] GC(7)   Pre Evacuate Collection Set: 1.0ms
[2022-12-31T21:09:15.462+0900][gc,phases     ] GC(7)   Evacuate Collection Set: 32.8ms
[2022-12-31T21:09:15.462+0900][gc,phases     ] GC(7)   Post Evacuate Collection Set: 1.3ms
[2022-12-31T21:09:15.462+0900][gc,phases     ] GC(7)   Other: 2.0ms
[2022-12-31T21:09:15.462+0900][gc,heap       ] GC(7) Eden regions: 46->0(46)
[2022-12-31T21:09:15.462+0900][gc,heap       ] GC(7) Survivor regions: 5->5(7)
[2022-12-31T21:09:15.462+0900][gc,heap       ] GC(7) Old regions: 11->14
[2022-12-31T21:09:15.462+0900][gc,heap       ] GC(7) Humongous regions: 129->129
[2022-12-31T21:09:15.462+0900][gc,metaspace  ] GC(7) Metaspace: 50738K->50738K(1095680K)
[2022-12-31T21:09:15.462+0900][gc            ] GC(7) Pause Young (Normal) (G1 Evacuation Pause) 190M->146M(1024M) 37.177ms
[2022-12-31T21:09:15.462+0900][gc,cpu        ] GC(7) User=0.08s Sys=0.04s Real=0.04s
[2022-12-31T22:02:49.991+0900][gc,start      ] GC(8) Pause Young (Normal) (G1 Evacuation Pause)
[2022-12-31T22:02:49.992+0900][gc,task       ] GC(8) Using 8 workers of 8 for evacuation
[2022-12-31T22:02:50.029+0900][gc,mmu        ] GC(8) MMU target violated: 21.0ms (20.0ms/21.0ms)
[2022-12-31T22:02:50.029+0900][gc,phases     ] GC(8)   Pre Evacuate Collection Set: 1.6ms
[2022-12-31T22:02:50.029+0900][gc,phases     ] GC(8)   Evacuate Collection Set: 33.4ms
[2022-12-31T22:02:50.029+0900][gc,phases     ] GC(8)   Post Evacuate Collection Set: 0.9ms
[2022-12-31T22:02:50.029+0900][gc,phases     ] GC(8)   Other: 2.4ms
[2022-12-31T22:02:50.029+0900][gc,heap       ] GC(8) Eden regions: 46->0(47)
[2022-12-31T22:02:50.029+0900][gc,heap       ] GC(8) Survivor regions: 5->4(7)
[2022-12-31T22:02:50.029+0900][gc,heap       ] GC(8) Old regions: 14->16
[2022-12-31T22:02:50.029+0900][gc,heap       ] GC(8) Humongous regions: 129->129
[2022-12-31T22:02:50.029+0900][gc,metaspace  ] GC(8) Metaspace: 50884K->50884K(1095680K)
[2022-12-31T22:02:50.029+0900][gc            ] GC(8) Pause Young (Normal) (G1 Evacuation Pause) 192M->148M(1024M) 38.333ms
[2022-12-31T22:02:50.029+0900][gc,cpu        ] GC(8) User=0.12s Sys=0.05s Real=0.03s
[2022-12-31T22:36:00.423+0900][gc,start      ] GC(9) Pause Young (Normal) (G1 Evacuation Pause)
[2022-12-31T22:36:00.423+0900][gc,task       ] GC(9) Using 8 workers of 8 for evacuation
[2022-12-31T22:36:00.454+0900][gc,mmu        ] GC(9) MMU target violated: 21.0ms (20.0ms/21.0ms)
[2022-12-31T22:36:00.454+0900][gc,phases     ] GC(9)   Pre Evacuate Collection Set: 0.8ms
[2022-12-31T22:36:00.454+0900][gc,phases     ] GC(9)   Evacuate Collection Set: 28.7ms
[2022-12-31T22:36:00.454+0900][gc,phases     ] GC(9)   Post Evacuate Collection Set: 0.8ms
[2022-12-31T22:36:00.454+0900][gc,phases     ] GC(9)   Other: 1.0ms
[2022-12-31T22:36:00.454+0900][gc,heap       ] GC(9) Eden regions: 47->0(48)
[2022-12-31T22:36:00.454+0900][gc,heap       ] GC(9) Survivor regions: 4->3(7)
[2022-12-31T22:36:00.454+0900][gc,heap       ] GC(9) Old regions: 16->16
[2022-12-31T22:36:00.454+0900][gc,heap       ] GC(9) Humongous regions: 129->129
[2022-12-31T22:36:00.454+0900][gc,metaspace  ] GC(9) Metaspace: 51168K->51168K(1095680K)
[2022-12-31T22:36:00.454+0900][gc            ] GC(9) Pause Young (Normal) (G1 Evacuation Pause) 195M->147M(1024M) 31.506ms
[2022-12-31T22:36:00.454+0900][gc,cpu        ] GC(9) User=0.08s Sys=0.04s Real=0.03s
[2022-12-31T23:35:23.370+0900][gc,start      ] GC(10) Pause Young (Normal) (G1 Evacuation Pause)
[2022-12-31T23:35:23.371+0900][gc,task       ] GC(10) Using 8 workers of 8 for evacuation
[2022-12-31T23:35:23.394+0900][gc,mmu        ] GC(10) MMU target violated: 21.0ms (20.0ms/21.0ms)
[2022-12-31T23:35:23.394+0900][gc,phases     ] GC(10)   Pre Evacuate Collection Set: 1.1ms
[2022-12-31T23:35:23.394+0900][gc,phases     ] GC(10)   Evacuate Collection Set: 20.2ms
[2022-12-31T23:35:23.394+0900][gc,phases     ] GC(10)   Post Evacuate Collection Set: 1.1ms
[2022-12-31T23:35:23.394+0900][gc,phases     ] GC(10)   Other: 2.0ms
[2022-12-31T23:35:23.395+0900][gc,heap       ] GC(10) Eden regions: 48->0(48)
[2022-12-31T23:35:23.395+0900][gc,heap       ] GC(10) Survivor regions: 3->3(7)
[2022-12-31T23:35:23.395+0900][gc,heap       ] GC(10) Old regions: 16->16
[2022-12-31T23:35:23.395+0900][gc,heap       ] GC(10) Humongous regions: 129->129
[2022-12-31T23:35:23.395+0900][gc,metaspace  ] GC(10) Metaspace: 51210K->51210K(1095680K)
[2022-12-31T23:35:23.395+0900][gc            ] GC(10) Pause Young (Normal) (G1 Evacuation Pause) 195M->147M(1024M) 24.382ms
[2022-12-31T23:35:23.395+0900][gc,cpu        ] GC(10) User=0.06s Sys=0.03s Real=0.02s
[2023-01-01T00:14:24.787+0900][gc,start      ] GC(11) Pause Young (Normal) (G1 Evacuation Pause)
[2023-01-01T00:14:24.788+0900][gc,task       ] GC(11) Using 8 workers of 8 for evacuation
[2023-01-01T00:14:24.806+0900][gc,phases     ] GC(11)   Pre Evacuate Collection Set: 0.2ms
[2023-01-01T00:14:24.807+0900][gc,phases     ] GC(11)   Evacuate Collection Set: 16.3ms
[2023-01-01T00:14:24.807+0900][gc,phases     ] GC(11)   Post Evacuate Collection Set: 1.0ms
[2023-01-01T00:14:24.807+0900][gc,phases     ] GC(11)   Other: 2.6ms
[2023-01-01T00:14:24.807+0900][gc,heap       ] GC(11) Eden regions: 48->0(49)
[2023-01-01T00:14:24.807+0900][gc,heap       ] GC(11) Survivor regions: 3->3(7)
[2023-01-01T00:14:24.807+0900][gc,heap       ] GC(11) Old regions: 16->16
[2023-01-01T00:14:24.807+0900][gc,heap       ] GC(11) Humongous regions: 129->129
[2023-01-01T00:14:24.807+0900][gc,metaspace  ] GC(11) Metaspace: 51236K->51236K(1095680K)
[2023-01-01T00:14:24.807+0900][gc            ] GC(11) Pause Young (Normal) (G1 Evacuation Pause) 195M->147M(1024M) 20.227ms
[2023-01-01T00:14:24.807+0900][gc,cpu        ] GC(11) User=0.04s Sys=0.00s Real=0.02s
[2023-01-01T13:47:41.300+0900][gc,start      ] GC(12) Pause Young (Normal) (G1 Evacuation Pause)
[2023-01-01T13:47:41.302+0900][gc,task       ] GC(12) Using 8 workers of 8 for evacuation
[2023-01-01T13:47:41.322+0900][gc,phases     ] GC(12)   Pre Evacuate Collection Set: 1.5ms
[2023-01-01T13:47:41.322+0900][gc,phases     ] GC(12)   Evacuate Collection Set: 16.7ms
[2023-01-01T13:47:41.322+0900][gc,phases     ] GC(12)   Post Evacuate Collection Set: 0.8ms
[2023-01-01T13:47:41.322+0900][gc,phases     ] GC(12)   Other: 2.2ms
[2023-01-01T13:47:41.322+0900][gc,heap       ] GC(12) Eden regions: 49->0(50)
[2023-01-01T13:47:41.322+0900][gc,heap       ] GC(12) Survivor regions: 3->3(7)
[2023-01-01T13:47:41.322+0900][gc,heap       ] GC(12) Old regions: 16->16
[2023-01-01T13:47:41.322+0900][gc,heap       ] GC(12) Humongous regions: 129->129
[2023-01-01T13:47:41.322+0900][gc,metaspace  ] GC(12) Metaspace: 51239K->51239K(1095680K)
[2023-01-01T13:47:41.322+0900][gc            ] GC(12) Pause Young (Normal) (G1 Evacuation Pause) 196M->147M(1024M) 21.382ms
[2023-01-01T13:47:41.322+0900][gc,cpu        ] GC(12) User=0.05s Sys=0.03s Real=0.02s
[2023-01-01T14:07:58.893+0900][gc,heap,exit  ] Heap
[2023-01-01T14:07:58.894+0900][gc,heap,exit  ]  garbage-first heap   total 1048576K, used 184453K [0x00000007c0000000, 0x0000000800000000)
[2023-01-01T14:07:58.894+0900][gc,heap,exit  ]   region size 1024K, 38 young (38912K), 3 survivors (3072K)
[2023-01-01T14:07:58.894+0900][gc,heap,exit  ]  Metaspace       used 51994K, capacity 54887K, committed 55168K, reserved 1095680K
[2023-01-01T14:07:58.894+0900][gc,heap,exit  ]   class space    used 6575K, capacity 8012K, committed 8064K, reserved 1048576K
