[2022-12-30T21:47:10.743+0900][gc,heap] Heap region size: 1M
[2022-12-30T21:47:10.749+0900][gc     ] Using G1
[2022-12-30T21:47:10.749+0900][gc,heap,coops] Heap address: 0x00000007c0000000, size: 1024 MB, Compressed Oops mode: Zero based, Oop shift amount: 3
[2022-12-30T21:47:17.072+0900][gc,start     ] GC(0) Pause Young (Concurrent Start) (Metadata GC Threshold)
[2022-12-30T21:47:17.073+0900][gc,task      ] GC(0) Using 8 workers of 8 for evacuation
[2022-12-30T21:47:17.083+0900][gc,phases    ] GC(0)   Pre Evacuate Collection Set: 0.0ms
[2022-12-30T21:47:17.083+0900][gc,phases    ] GC(0)   Evacuate Collection Set: 9.3ms
[2022-12-30T21:47:17.083+0900][gc,phases    ] GC(0)   Post Evacuate Collection Set: 0.4ms
[2022-12-30T21:47:17.083+0900][gc,phases    ] GC(0)   Other: 0.7ms
[2022-12-30T21:47:17.083+0900][gc,heap      ] GC(0) Eden regions: 47->0(44)
[2022-12-30T21:47:17.083+0900][gc,heap      ] GC(0) Survivor regions: 0->7(7)
[2022-12-30T21:47:17.083+0900][gc,heap      ] GC(0) Old regions: 0->1
[2022-12-30T21:47:17.083+0900][gc,heap      ] GC(0) Humongous regions: 0->0
[2022-12-30T21:47:17.083+0900][gc,metaspace ] GC(0) Metaspace: 20678K->20678K(1069056K)
[2022-12-30T21:47:17.083+0900][gc           ] GC(0) Pause Young (Concurrent Start) (Metadata GC Threshold) 47M->7M(1024M) 10.617ms
[2022-12-30T21:47:17.083+0900][gc,cpu       ] GC(0) User=0.03s Sys=0.02s Real=0.01s
[2022-12-30T21:47:17.083+0900][gc           ] GC(1) Concurrent Cycle
[2022-12-30T21:47:17.083+0900][gc,marking   ] GC(1) Concurrent Clear Claimed Marks
[2022-12-30T21:47:17.083+0900][gc,marking   ] GC(1) Concurrent Clear Claimed Marks 0.127ms
[2022-12-30T21:47:17.084+0900][gc,marking   ] GC(1) Concurrent Scan Root Regions
[2022-12-30T21:47:17.085+0900][gc,marking   ] GC(1) Concurrent Scan Root Regions 1.487ms
[2022-12-30T21:47:17.085+0900][gc,marking   ] GC(1) Concurrent Mark (6.352s)
[2022-12-30T21:47:17.085+0900][gc,marking   ] GC(1) Concurrent Mark From Roots
[2022-12-30T21:47:17.085+0900][gc,task      ] GC(1) Using 2 workers of 2 for marking
[2022-12-30T21:47:17.085+0900][gc,marking   ] GC(1) Concurrent Mark From Roots 0.322ms
[2022-12-30T21:47:17.085+0900][gc,marking   ] GC(1) Concurrent Preclean
[2022-12-30T21:47:17.085+0900][gc,marking   ] GC(1) Concurrent Preclean 0.024ms
[2022-12-30T21:47:17.085+0900][gc,marking   ] GC(1) Concurrent Mark (6.352s, 6.353s) 0.379ms
[2022-12-30T21:47:17.086+0900][gc,start     ] GC(1) Pause Remark
[2022-12-30T21:47:17.089+0900][gc,stringtable] GC(1) Cleaned string and symbol table, strings: 7137 processed, 0 removed, symbols: 65474 processed, 30 removed
[2022-12-30T21:47:17.090+0900][gc            ] GC(1) Pause Remark 7M->7M(1024M) 4.215ms
[2022-12-30T21:47:17.090+0900][gc,cpu        ] GC(1) User=0.01s Sys=0.00s Real=0.01s
[2022-12-30T21:47:17.090+0900][gc,marking    ] GC(1) Concurrent Rebuild Remembered Sets
[2022-12-30T21:47:17.090+0900][gc,marking    ] GC(1) Concurrent Rebuild Remembered Sets 0.122ms
[2022-12-30T21:47:17.091+0900][gc,start      ] GC(1) Pause Cleanup
[2022-12-30T21:47:17.091+0900][gc            ] GC(1) Pause Cleanup 7M->7M(1024M) 0.068ms
[2022-12-30T21:47:17.091+0900][gc,cpu        ] GC(1) User=0.00s Sys=0.00s Real=0.00s
[2022-12-30T21:47:17.091+0900][gc,marking    ] GC(1) Concurrent Cleanup for Next Mark
[2022-12-30T21:47:17.094+0900][gc,marking    ] GC(1) Concurrent Cleanup for Next Mark 3.187ms
[2022-12-30T21:47:17.094+0900][gc            ] GC(1) Concurrent Cycle 10.640ms
[2022-12-30T21:47:18.398+0900][gc,start      ] GC(2) Pause Young (Normal) (G1 Evacuation Pause)
[2022-12-30T21:47:18.398+0900][gc,task       ] GC(2) Using 8 workers of 8 for evacuation
[2022-12-30T21:47:18.415+0900][gc,phases     ] GC(2)   Pre Evacuate Collection Set: 0.0ms
[2022-12-30T21:47:18.415+0900][gc,phases     ] GC(2)   Evacuate Collection Set: 16.1ms
[2022-12-30T21:47:18.415+0900][gc,phases     ] GC(2)   Post Evacuate Collection Set: 0.4ms
[2022-12-30T21:47:18.415+0900][gc,phases     ] GC(2)   Other: 0.2ms
[2022-12-30T21:47:18.415+0900][gc,heap       ] GC(2) Eden regions: 44->0(48)
[2022-12-30T21:47:18.415+0900][gc,heap       ] GC(2) Survivor regions: 7->3(7)
[2022-12-30T21:47:18.415+0900][gc,heap       ] GC(2) Old regions: 1->7
[2022-12-30T21:47:18.415+0900][gc,heap       ] GC(2) Humongous regions: 129->129
[2022-12-30T21:47:18.415+0900][gc,metaspace  ] GC(2) Metaspace: 29257K->29257K(1075200K)
[2022-12-30T21:47:18.415+0900][gc            ] GC(2) Pause Young (Normal) (G1 Evacuation Pause) 180M->138M(1024M) 16.771ms
[2022-12-30T21:47:18.415+0900][gc,cpu        ] GC(2) User=0.06s Sys=0.02s Real=0.02s
[2022-12-30T21:47:18.899+0900][gc,start      ] GC(3) Pause Young (Concurrent Start) (Metadata GC Threshold)
[2022-12-30T21:47:18.899+0900][gc,task       ] GC(3) Using 8 workers of 8 for evacuation
[2022-12-30T21:47:18.903+0900][gc,phases     ] GC(3)   Pre Evacuate Collection Set: 0.1ms
[2022-12-30T21:47:18.903+0900][gc,phases     ] GC(3)   Evacuate Collection Set: 4.5ms
[2022-12-30T21:47:18.903+0900][gc,phases     ] GC(3)   Post Evacuate Collection Set: 0.2ms
[2022-12-30T21:47:18.903+0900][gc,phases     ] GC(3)   Other: 0.1ms
[2022-12-30T21:47:18.904+0900][gc,heap       ] GC(3) Eden regions: 33->0(46)
[2022-12-30T21:47:18.904+0900][gc,heap       ] GC(3) Survivor regions: 3->5(7)
[2022-12-30T21:47:18.904+0900][gc,heap       ] GC(3) Old regions: 7->7
[2022-12-30T21:47:18.904+0900][gc,heap       ] GC(3) Humongous regions: 129->129
[2022-12-30T21:47:18.904+0900][gc,metaspace  ] GC(3) Metaspace: 34864K->34864K(1081344K)
[2022-12-30T21:47:18.904+0900][gc            ] GC(3) Pause Young (Concurrent Start) (Metadata GC Threshold) 171M->140M(1024M) 4.983ms
[2022-12-30T21:47:18.904+0900][gc,cpu        ] GC(3) User=0.02s Sys=0.01s Real=0.01s
[2022-12-30T21:47:18.904+0900][gc            ] GC(4) Concurrent Cycle
[2022-12-30T21:47:18.904+0900][gc,marking    ] GC(4) Concurrent Clear Claimed Marks
[2022-12-30T21:47:18.904+0900][gc,marking    ] GC(4) Concurrent Clear Claimed Marks 0.047ms
[2022-12-30T21:47:18.904+0900][gc,marking    ] GC(4) Concurrent Scan Root Regions
[2022-12-30T21:47:18.905+0900][gc,marking    ] GC(4) Concurrent Scan Root Regions 1.241ms
[2022-12-30T21:47:18.905+0900][gc,marking    ] GC(4) Concurrent Mark (8.172s)
[2022-12-30T21:47:18.905+0900][gc,marking    ] GC(4) Concurrent Mark From Roots
[2022-12-30T21:47:18.905+0900][gc,task       ] GC(4) Using 2 workers of 2 for marking
[2022-12-30T21:47:18.909+0900][gc,marking    ] GC(4) Concurrent Mark From Roots 3.727ms
[2022-12-30T21:47:18.909+0900][gc,marking    ] GC(4) Concurrent Preclean
[2022-12-30T21:47:18.909+0900][gc,marking    ] GC(4) Concurrent Preclean 0.039ms
[2022-12-30T21:47:18.909+0900][gc,marking    ] GC(4) Concurrent Mark (8.172s, 8.176s) 3.804ms
[2022-12-30T21:47:18.909+0900][gc,start      ] GC(4) Pause Remark
[2022-12-30T21:47:18.916+0900][gc,stringtable] GC(4) Cleaned string and symbol table, strings: 11564 processed, 10 removed, symbols: 97296 processed, 23 removed
[2022-12-30T21:47:18.916+0900][gc            ] GC(4) Pause Remark 140M->140M(1024M) 6.899ms
[2022-12-30T21:47:18.916+0900][gc,cpu        ] GC(4) User=0.01s Sys=0.00s Real=0.01s
[2022-12-30T21:47:18.916+0900][gc,marking    ] GC(4) Concurrent Rebuild Remembered Sets
[2022-12-30T21:47:18.918+0900][gc,marking    ] GC(4) Concurrent Rebuild Remembered Sets 2.214ms
[2022-12-30T21:47:18.918+0900][gc,start      ] GC(4) Pause Cleanup
[2022-12-30T21:47:18.918+0900][gc            ] GC(4) Pause Cleanup 140M->140M(1024M) 0.117ms
[2022-12-30T21:47:18.918+0900][gc,cpu        ] GC(4) User=0.00s Sys=0.00s Real=0.00s
[2022-12-30T21:47:18.919+0900][gc,marking    ] GC(4) Concurrent Cleanup for Next Mark
[2022-12-30T21:47:18.923+0900][gc,marking    ] GC(4) Concurrent Cleanup for Next Mark 3.984ms
[2022-12-30T21:47:18.923+0900][gc            ] GC(4) Concurrent Cycle 18.978ms
[2022-12-30T21:47:48.305+0900][gc,start      ] GC(5) Pause Young (Normal) (G1 Evacuation Pause)
[2022-12-30T21:47:48.321+0900][gc,task       ] GC(5) Using 8 workers of 8 for evacuation
[2022-12-30T21:47:48.335+0900][gc,phases     ] GC(5)   Pre Evacuate Collection Set: 0.0ms
[2022-12-30T21:47:48.335+0900][gc,phases     ] GC(5)   Evacuate Collection Set: 13.0ms
[2022-12-30T21:47:48.335+0900][gc,phases     ] GC(5)   Post Evacuate Collection Set: 0.6ms
[2022-12-30T21:47:48.335+0900][gc,phases     ] GC(5)   Other: 16.2ms
[2022-12-30T21:47:48.335+0900][gc,heap       ] GC(5) Eden regions: 46->0(46)
[2022-12-30T21:47:48.335+0900][gc,heap       ] GC(5) Survivor regions: 5->5(7)
[2022-12-30T21:47:48.335+0900][gc,heap       ] GC(5) Old regions: 7->9
[2022-12-30T21:47:48.335+0900][gc,heap       ] GC(5) Humongous regions: 129->129
[2022-12-30T21:47:48.335+0900][gc,metaspace  ] GC(5) Metaspace: 42997K->42997K(1087488K)
[2022-12-30T21:47:48.335+0900][gc            ] GC(5) Pause Young (Normal) (G1 Evacuation Pause) 186M->142M(1024M) 29.896ms
[2022-12-30T21:47:48.335+0900][gc,cpu        ] GC(5) User=0.07s Sys=0.01s Real=0.03s
[2022-12-30T21:55:27.702+0900][gc,start      ] GC(6) Pause Young (Normal) (G1 Evacuation Pause)
[2022-12-30T21:55:27.702+0900][gc,task       ] GC(6) Using 8 workers of 8 for evacuation
[2022-12-30T21:55:27.715+0900][gc,phases     ] GC(6)   Pre Evacuate Collection Set: 0.4ms
[2022-12-30T21:55:27.715+0900][gc,phases     ] GC(6)   Evacuate Collection Set: 12.0ms
[2022-12-30T21:55:27.715+0900][gc,phases     ] GC(6)   Post Evacuate Collection Set: 0.7ms
[2022-12-30T21:55:27.715+0900][gc,phases     ] GC(6)   Other: 0.5ms
[2022-12-30T21:55:27.715+0900][gc,heap       ] GC(6) Eden regions: 46->0(45)
[2022-12-30T21:55:27.715+0900][gc,heap       ] GC(6) Survivor regions: 5->6(7)
[2022-12-30T21:55:27.715+0900][gc,heap       ] GC(6) Old regions: 9->11
[2022-12-30T21:55:27.715+0900][gc,heap       ] GC(6) Humongous regions: 129->129
[2022-12-30T21:55:27.715+0900][gc,metaspace  ] GC(6) Metaspace: 48551K->48551K(1093632K)
[2022-12-30T21:55:27.715+0900][gc            ] GC(6) Pause Young (Normal) (G1 Evacuation Pause) 188M->145M(1024M) 13.640ms
[2022-12-30T21:55:27.715+0900][gc,cpu        ] GC(6) User=0.04s Sys=0.03s Real=0.01s
[2022-12-30T22:06:50.213+0900][gc,start      ] GC(7) Pause Young (Normal) (G1 Evacuation Pause)
[2022-12-30T22:06:50.213+0900][gc,task       ] GC(7) Using 8 workers of 8 for evacuation
[2022-12-30T22:06:50.252+0900][gc,mmu        ] GC(7) MMU target violated: 21.0ms (20.0ms/21.0ms)
[2022-12-30T22:06:50.253+0900][gc,phases     ] GC(7)   Pre Evacuate Collection Set: 1.1ms
[2022-12-30T22:06:50.253+0900][gc,phases     ] GC(7)   Evacuate Collection Set: 36.7ms
[2022-12-30T22:06:50.253+0900][gc,phases     ] GC(7)   Post Evacuate Collection Set: 1.0ms
[2022-12-30T22:06:50.253+0900][gc,phases     ] GC(7)   Other: 1.1ms
[2022-12-30T22:06:50.253+0900][gc,heap       ] GC(7) Eden regions: 45->0(46)
[2022-12-30T22:06:50.253+0900][gc,heap       ] GC(7) Survivor regions: 6->5(7)
[2022-12-30T22:06:50.253+0900][gc,heap       ] GC(7) Old regions: 11->14
[2022-12-30T22:06:50.253+0900][gc,heap       ] GC(7) Humongous regions: 129->129
[2022-12-30T22:06:50.253+0900][gc,metaspace  ] GC(7) Metaspace: 50883K->50883K(1095680K)
[2022-12-30T22:06:50.253+0900][gc            ] GC(7) Pause Young (Normal) (G1 Evacuation Pause) 190M->147M(1024M) 39.945ms
[2022-12-30T22:06:50.253+0900][gc,cpu        ] GC(7) User=0.09s Sys=0.05s Real=0.04s
[2022-12-30T22:20:48.951+0900][gc,start      ] GC(8) Pause Young (Normal) (G1 Evacuation Pause)
[2022-12-30T22:20:48.952+0900][gc,task       ] GC(8) Using 8 workers of 8 for evacuation
[2022-12-30T22:20:48.996+0900][gc,mmu        ] GC(8) MMU target violated: 21.0ms (20.0ms/21.0ms)
[2022-12-30T22:20:48.996+0900][gc,phases     ] GC(8)   Pre Evacuate Collection Set: 1.0ms
[2022-12-30T22:20:48.996+0900][gc,phases     ] GC(8)   Evacuate Collection Set: 41.0ms
[2022-12-30T22:20:48.996+0900][gc,phases     ] GC(8)   Post Evacuate Collection Set: 1.0ms
[2022-12-30T22:20:48.996+0900][gc,phases     ] GC(8)   Other: 2.1ms
[2022-12-30T22:20:48.996+0900][gc,heap       ] GC(8) Eden regions: 46->0(47)
[2022-12-30T22:20:48.996+0900][gc,heap       ] GC(8) Survivor regions: 5->4(7)
[2022-12-30T22:20:48.996+0900][gc,heap       ] GC(8) Old regions: 14->16
[2022-12-30T22:20:48.996+0900][gc,heap       ] GC(8) Humongous regions: 129->129
[2022-12-30T22:20:48.996+0900][gc,metaspace  ] GC(8) Metaspace: 50994K->50994K(1095680K)
[2022-12-30T22:20:48.996+0900][gc            ] GC(8) Pause Young (Normal) (G1 Evacuation Pause) 193M->148M(1024M) 45.268ms
[2022-12-30T22:20:48.996+0900][gc,cpu        ] GC(8) User=0.13s Sys=0.07s Real=0.04s
[2022-12-30T22:36:04.058+0900][gc,start      ] GC(9) Pause Young (Normal) (G1 Evacuation Pause)
[2022-12-30T22:36:04.060+0900][gc,task       ] GC(9) Using 8 workers of 8 for evacuation
[2022-12-30T22:36:04.085+0900][gc,mmu        ] GC(9) MMU target violated: 21.0ms (20.0ms/21.0ms)
[2022-12-30T22:36:04.085+0900][gc,phases     ] GC(9)   Pre Evacuate Collection Set: 0.9ms
[2022-12-30T22:36:04.085+0900][gc,phases     ] GC(9)   Evacuate Collection Set: 22.6ms
[2022-12-30T22:36:04.085+0900][gc,phases     ] GC(9)   Post Evacuate Collection Set: 0.9ms
[2022-12-30T22:36:04.085+0900][gc,phases     ] GC(9)   Other: 2.3ms
[2022-12-30T22:36:04.085+0900][gc,heap       ] GC(9) Eden regions: 47->0(47)
[2022-12-30T22:36:04.085+0900][gc,heap       ] GC(9) Survivor regions: 4->4(7)
[2022-12-30T22:36:04.085+0900][gc,heap       ] GC(9) Old regions: 16->16
[2022-12-30T22:36:04.085+0900][gc,heap       ] GC(9) Humongous regions: 129->129
[2022-12-30T22:36:04.085+0900][gc,metaspace  ] GC(9) Metaspace: 51093K->51093K(1095680K)
[2022-12-30T22:36:04.085+0900][gc            ] GC(9) Pause Young (Normal) (G1 Evacuation Pause) 195M->148M(1024M) 26.915ms
[2022-12-30T22:36:04.085+0900][gc,cpu        ] GC(9) User=0.06s Sys=0.02s Real=0.03s
[2022-12-30T22:51:03.166+0900][gc,start      ] GC(10) Pause Young (Normal) (G1 Evacuation Pause)
[2022-12-30T22:51:03.168+0900][gc,task       ] GC(10) Using 8 workers of 8 for evacuation
[2022-12-30T22:51:03.195+0900][gc,mmu        ] GC(10) MMU target violated: 21.0ms (20.0ms/21.0ms)
[2022-12-30T22:51:03.195+0900][gc,phases     ] GC(10)   Pre Evacuate Collection Set: 1.3ms
[2022-12-30T22:51:03.195+0900][gc,phases     ] GC(10)   Evacuate Collection Set: 24.5ms
[2022-12-30T22:51:03.195+0900][gc,phases     ] GC(10)   Post Evacuate Collection Set: 0.9ms
[2022-12-30T22:51:03.195+0900][gc,phases     ] GC(10)   Other: 2.5ms
[2022-12-30T22:51:03.195+0900][gc,heap       ] GC(10) Eden regions: 47->0(47)
[2022-12-30T22:51:03.195+0900][gc,heap       ] GC(10) Survivor regions: 4->4(7)
[2022-12-30T22:51:03.195+0900][gc,heap       ] GC(10) Old regions: 16->16
[2022-12-30T22:51:03.195+0900][gc,heap       ] GC(10) Humongous regions: 129->129
[2022-12-30T22:51:03.195+0900][gc,metaspace  ] GC(10) Metaspace: 51193K->51193K(1095680K)
[2022-12-30T22:51:03.195+0900][gc            ] GC(10) Pause Young (Normal) (G1 Evacuation Pause) 195M->148M(1024M) 29.178ms
[2022-12-30T22:51:03.195+0900][gc,cpu        ] GC(10) User=0.07s Sys=0.03s Real=0.03s
[2022-12-31T12:55:46.609+0900][gc,start      ] GC(11) Pause Young (Normal) (G1 Evacuation Pause)
[2022-12-31T12:55:46.611+0900][gc,task       ] GC(11) Using 8 workers of 8 for evacuation
[2022-12-31T12:55:46.642+0900][gc,mmu        ] GC(11) MMU target violated: 21.0ms (20.0ms/21.0ms)
[2022-12-31T12:55:46.643+0900][gc,phases     ] GC(11)   Pre Evacuate Collection Set: 1.0ms
[2022-12-31T12:55:46.643+0900][gc,phases     ] GC(11)   Evacuate Collection Set: 29.2ms
[2022-12-31T12:55:46.643+0900][gc,phases     ] GC(11)   Post Evacuate Collection Set: 1.0ms
[2022-12-31T12:55:46.643+0900][gc,phases     ] GC(11)   Other: 2.0ms
[2022-12-31T12:55:46.643+0900][gc,heap       ] GC(11) Eden regions: 47->0(52)
[2022-12-31T12:55:46.643+0900][gc,heap       ] GC(11) Survivor regions: 4->3(7)
[2022-12-31T12:55:46.643+0900][gc,heap       ] GC(11) Old regions: 16->16
[2022-12-31T12:55:46.643+0900][gc,heap       ] GC(11) Humongous regions: 129->129
[2022-12-31T12:55:46.643+0900][gc,metaspace  ] GC(11) Metaspace: 51345K->51345K(1095680K)
[2022-12-31T12:55:46.643+0900][gc            ] GC(11) Pause Young (Normal) (G1 Evacuation Pause) 195M->147M(1024M) 33.329ms
[2022-12-31T12:55:46.643+0900][gc,cpu        ] GC(11) User=0.10s Sys=0.04s Real=0.04s
[2022-12-31T13:14:08.386+0900][gc,start      ] GC(12) Pause Young (Normal) (G1 Evacuation Pause)
[2022-12-31T13:14:08.387+0900][gc,task       ] GC(12) Using 8 workers of 8 for evacuation
[2022-12-31T13:14:08.408+0900][gc,mmu        ] GC(12) MMU target violated: 21.0ms (20.0ms/21.0ms)
[2022-12-31T13:14:08.408+0900][gc,phases     ] GC(12)   Pre Evacuate Collection Set: 1.0ms
[2022-12-31T13:14:08.408+0900][gc,phases     ] GC(12)   Evacuate Collection Set: 19.0ms
[2022-12-31T13:14:08.408+0900][gc,phases     ] GC(12)   Post Evacuate Collection Set: 0.8ms
[2022-12-31T13:14:08.408+0900][gc,phases     ] GC(12)   Other: 2.0ms
[2022-12-31T13:14:08.408+0900][gc,heap       ] GC(12) Eden regions: 52->0(54)
[2022-12-31T13:14:08.408+0900][gc,heap       ] GC(12) Survivor regions: 3->3(7)
[2022-12-31T13:14:08.408+0900][gc,heap       ] GC(12) Old regions: 16->16
[2022-12-31T13:14:08.408+0900][gc,heap       ] GC(12) Humongous regions: 129->129
[2022-12-31T13:14:08.408+0900][gc,metaspace  ] GC(12) Metaspace: 51361K->51361K(1095680K)
[2022-12-31T13:14:08.408+0900][gc            ] GC(12) Pause Young (Normal) (G1 Evacuation Pause) 199M->147M(1024M) 22.858ms
[2022-12-31T13:14:08.408+0900][gc,cpu        ] GC(12) User=0.09s Sys=0.03s Real=0.02s
[2022-12-31T13:20:45.113+0900][gc,start      ] GC(13) Pause Young (Normal) (G1 Evacuation Pause)
[2022-12-31T13:20:45.115+0900][gc,task       ] GC(13) Using 8 workers of 8 for evacuation
[2022-12-31T13:20:45.148+0900][gc,mmu        ] GC(13) MMU target violated: 21.0ms (20.0ms/21.0ms)
[2022-12-31T13:20:45.148+0900][gc,phases     ] GC(13)   Pre Evacuate Collection Set: 0.1ms
[2022-12-31T13:20:45.148+0900][gc,phases     ] GC(13)   Evacuate Collection Set: 32.1ms
[2022-12-31T13:20:45.148+0900][gc,phases     ] GC(13)   Post Evacuate Collection Set: 0.7ms
[2022-12-31T13:20:45.148+0900][gc,phases     ] GC(13)   Other: 2.3ms
[2022-12-31T13:20:45.148+0900][gc,heap       ] GC(13) Eden regions: 54->0(60)
[2022-12-31T13:20:45.149+0900][gc,heap       ] GC(13) Survivor regions: 3->5(8)
[2022-12-31T13:20:45.149+0900][gc,heap       ] GC(13) Old regions: 16->16
[2022-12-31T13:20:45.149+0900][gc,heap       ] GC(13) Humongous regions: 129->129
[2022-12-31T13:20:45.149+0900][gc,metaspace  ] GC(13) Metaspace: 51555K->51555K(1095680K)
[2022-12-31T13:20:45.149+0900][gc            ] GC(13) Pause Young (Normal) (G1 Evacuation Pause) 201M->149M(1024M) 35.297ms
[2022-12-31T13:20:45.149+0900][gc,cpu        ] GC(13) User=0.13s Sys=0.03s Real=0.03s
[2022-12-31T13:24:53.423+0900][gc,start      ] GC(14) Pause Young (Normal) (G1 Evacuation Pause)
[2022-12-31T13:24:53.424+0900][gc,task       ] GC(14) Using 8 workers of 8 for evacuation
[2022-12-31T13:24:53.450+0900][gc,mmu        ] GC(14) MMU target violated: 21.0ms (20.0ms/21.0ms)
[2022-12-31T13:24:53.450+0900][gc,phases     ] GC(14)   Pre Evacuate Collection Set: 0.6ms
[2022-12-31T13:24:53.450+0900][gc,phases     ] GC(14)   Evacuate Collection Set: 23.6ms
[2022-12-31T13:24:53.450+0900][gc,phases     ] GC(14)   Post Evacuate Collection Set: 0.8ms
[2022-12-31T13:24:53.450+0900][gc,phases     ] GC(14)   Other: 2.6ms
[2022-12-31T13:24:53.450+0900][gc,heap       ] GC(14) Eden regions: 60->0(567)
[2022-12-31T13:24:53.450+0900][gc,heap       ] GC(14) Survivor regions: 5->5(9)
[2022-12-31T13:24:53.450+0900][gc,heap       ] GC(14) Old regions: 16->17
[2022-12-31T13:24:53.450+0900][gc,heap       ] GC(14) Humongous regions: 129->129
[2022-12-31T13:24:53.450+0900][gc,metaspace  ] GC(14) Metaspace: 51566K->51566K(1095680K)
[2022-12-31T13:24:53.450+0900][gc            ] GC(14) Pause Young (Normal) (G1 Evacuation Pause) 209M->150M(1024M) 27.652ms
[2022-12-31T13:24:53.450+0900][gc,cpu        ] GC(14) User=0.10s Sys=0.03s Real=0.03s
[2022-12-31T14:53:01.167+0900][gc,start      ] GC(15) Pause Young (Normal) (G1 Evacuation Pause)
[2022-12-31T14:53:01.169+0900][gc,task       ] GC(15) Using 8 workers of 8 for evacuation
[2022-12-31T14:53:01.204+0900][gc,mmu        ] GC(15) MMU target violated: 21.0ms (20.0ms/21.0ms)
[2022-12-31T14:53:01.204+0900][gc,phases     ] GC(15)   Pre Evacuate Collection Set: 0.6ms
[2022-12-31T14:53:01.204+0900][gc,phases     ] GC(15)   Evacuate Collection Set: 30.4ms
[2022-12-31T14:53:01.204+0900][gc,phases     ] GC(15)   Post Evacuate Collection Set: 2.9ms
[2022-12-31T14:53:01.204+0900][gc,phases     ] GC(15)   Other: 3.2ms
[2022-12-31T14:53:01.204+0900][gc,heap       ] GC(15) Eden regions: 567->0(78)
[2022-12-31T14:53:01.204+0900][gc,heap       ] GC(15) Survivor regions: 5->6(72)
[2022-12-31T14:53:01.204+0900][gc,heap       ] GC(15) Old regions: 17->17
[2022-12-31T14:53:01.204+0900][gc,heap       ] GC(15) Humongous regions: 129->129
[2022-12-31T14:53:01.204+0900][gc,metaspace  ] GC(15) Metaspace: 52152K->52152K(1097728K)
[2022-12-31T14:53:01.204+0900][gc            ] GC(15) Pause Young (Normal) (G1 Evacuation Pause) 717M->151M(1024M) 37.201ms
[2022-12-31T14:53:01.204+0900][gc,cpu        ] GC(15) User=0.07s Sys=0.04s Real=0.04s
[2022-12-31T14:56:05.505+0900][gc,start      ] GC(16) Pause Young (Normal) (G1 Evacuation Pause)
[2022-12-31T14:56:05.506+0900][gc,task       ] GC(16) Using 8 workers of 8 for evacuation
[2022-12-31T14:56:05.523+0900][gc,phases     ] GC(16)   Pre Evacuate Collection Set: 0.6ms
[2022-12-31T14:56:05.523+0900][gc,phases     ] GC(16)   Evacuate Collection Set: 14.9ms
[2022-12-31T14:56:05.523+0900][gc,phases     ] GC(16)   Post Evacuate Collection Set: 0.8ms
[2022-12-31T14:56:05.523+0900][gc,phases     ] GC(16)   Other: 1.8ms
[2022-12-31T14:56:05.523+0900][gc,heap       ] GC(16) Eden regions: 78->0(92)
[2022-12-31T14:56:05.523+0900][gc,heap       ] GC(16) Survivor regions: 6->5(11)
[2022-12-31T14:56:05.523+0900][gc,heap       ] GC(16) Old regions: 17->17
[2022-12-31T14:56:05.523+0900][gc,heap       ] GC(16) Humongous regions: 129->129
[2022-12-31T14:56:05.524+0900][gc,metaspace  ] GC(16) Metaspace: 52152K->52152K(1097728K)
[2022-12-31T14:56:05.524+0900][gc            ] GC(16) Pause Young (Normal) (G1 Evacuation Pause) 229M->150M(1024M) 18.217ms
[2022-12-31T14:56:05.524+0900][gc,cpu        ] GC(16) User=0.06s Sys=0.02s Real=0.02s
[2022-12-31T14:59:44.704+0900][gc,start      ] GC(17) Pause Young (Normal) (G1 Evacuation Pause)
[2022-12-31T14:59:44.705+0900][gc,task       ] GC(17) Using 8 workers of 8 for evacuation
[2022-12-31T14:59:44.722+0900][gc,phases     ] GC(17)   Pre Evacuate Collection Set: 0.8ms
[2022-12-31T14:59:44.722+0900][gc,phases     ] GC(17)   Evacuate Collection Set: 14.2ms
[2022-12-31T14:59:44.722+0900][gc,phases     ] GC(17)   Post Evacuate Collection Set: 1.0ms
[2022-12-31T14:59:44.722+0900][gc,phases     ] GC(17)   Other: 2.2ms
[2022-12-31T14:59:44.722+0900][gc,heap       ] GC(17) Eden regions: 92->0(113)
[2022-12-31T14:59:44.722+0900][gc,heap       ] GC(17) Survivor regions: 5->4(13)
[2022-12-31T14:59:44.722+0900][gc,heap       ] GC(17) Old regions: 17->17
[2022-12-31T14:59:44.722+0900][gc,heap       ] GC(17) Humongous regions: 129->129
[2022-12-31T14:59:44.722+0900][gc,metaspace  ] GC(17) Metaspace: 52168K->52168K(1097728K)
[2022-12-31T14:59:44.722+0900][gc            ] GC(17) Pause Young (Normal) (G1 Evacuation Pause) 242M->149M(1024M) 18.375ms
[2022-12-31T14:59:44.722+0900][gc,cpu        ] GC(17) User=0.03s Sys=0.02s Real=0.02s
[2022-12-31T15:04:17.149+0900][gc,start      ] GC(18) Pause Young (Normal) (G1 Evacuation Pause)
[2022-12-31T15:04:17.150+0900][gc,task       ] GC(18) Using 8 workers of 8 for evacuation
[2022-12-31T15:04:17.164+0900][gc,phases     ] GC(18)   Pre Evacuate Collection Set: 0.2ms
[2022-12-31T15:04:17.164+0900][gc,phases     ] GC(18)   Evacuate Collection Set: 13.1ms
[2022-12-31T15:04:17.164+0900][gc,phases     ] GC(18)   Post Evacuate Collection Set: 0.5ms
[2022-12-31T15:04:17.164+0900][gc,phases     ] GC(18)   Other: 2.1ms
[2022-12-31T15:04:17.164+0900][gc,heap       ] GC(18) Eden regions: 113->0(126)
[2022-12-31T15:04:17.164+0900][gc,heap       ] GC(18) Survivor regions: 4->5(15)
[2022-12-31T15:04:17.164+0900][gc,heap       ] GC(18) Old regions: 17->17
[2022-12-31T15:04:17.164+0900][gc,heap       ] GC(18) Humongous regions: 129->129
[2022-12-31T15:04:17.164+0900][gc,metaspace  ] GC(18) Metaspace: 52171K->52171K(1097728K)
[2022-12-31T15:04:17.164+0900][gc            ] GC(18) Pause Young (Normal) (G1 Evacuation Pause) 262M->149M(1024M) 15.856ms
[2022-12-31T15:04:17.165+0900][gc,cpu        ] GC(18) User=0.03s Sys=0.01s Real=0.02s
[2022-12-31T15:09:21.332+0900][gc,start      ] GC(19) Pause Young (Normal) (G1 Evacuation Pause)
[2022-12-31T15:09:21.334+0900][gc,task       ] GC(19) Using 8 workers of 8 for evacuation
[2022-12-31T15:09:21.356+0900][gc,mmu        ] GC(19) MMU target violated: 21.0ms (20.0ms/21.0ms)
[2022-12-31T15:09:21.356+0900][gc,phases     ] GC(19)   Pre Evacuate Collection Set: 0.5ms
[2022-12-31T15:09:21.356+0900][gc,phases     ] GC(19)   Evacuate Collection Set: 20.5ms
[2022-12-31T15:09:21.356+0900][gc,phases     ] GC(19)   Post Evacuate Collection Set: 0.9ms
[2022-12-31T15:09:21.356+0900][gc,phases     ] GC(19)   Other: 2.0ms
[2022-12-31T15:09:21.356+0900][gc,heap       ] GC(19) Eden regions: 126->0(121)
[2022-12-31T15:09:21.356+0900][gc,heap       ] GC(19) Survivor regions: 5->6(17)
[2022-12-31T15:09:21.356+0900][gc,heap       ] GC(19) Old regions: 17->17
[2022-12-31T15:09:21.356+0900][gc,heap       ] GC(19) Humongous regions: 129->129
[2022-12-31T15:09:21.356+0900][gc,metaspace  ] GC(19) Metaspace: 52175K->52175K(1097728K)
[2022-12-31T15:09:21.356+0900][gc            ] GC(19) Pause Young (Normal) (G1 Evacuation Pause) 275M->150M(1024M) 24.098ms
[2022-12-31T15:09:21.356+0900][gc,cpu        ] GC(19) User=0.05s Sys=0.02s Real=0.02s
[2022-12-31T15:14:12.173+0900][gc,start      ] GC(20) Pause Young (Normal) (G1 Evacuation Pause)
[2022-12-31T15:14:12.174+0900][gc,task       ] GC(20) Using 8 workers of 8 for evacuation
[2022-12-31T15:14:12.194+0900][gc,phases     ] GC(20)   Pre Evacuate Collection Set: 0.6ms
[2022-12-31T15:14:12.194+0900][gc,phases     ] GC(20)   Evacuate Collection Set: 17.2ms
[2022-12-31T15:14:12.194+0900][gc,phases     ] GC(20)   Post Evacuate Collection Set: 0.9ms
[2022-12-31T15:14:12.194+0900][gc,phases     ] GC(20)   Other: 2.5ms
[2022-12-31T15:14:12.194+0900][gc,heap       ] GC(20) Eden regions: 121->0(130)
[2022-12-31T15:14:12.194+0900][gc,heap       ] GC(20) Survivor regions: 6->7(16)
[2022-12-31T15:14:12.194+0900][gc,heap       ] GC(20) Old regions: 17->17
[2022-12-31T15:14:12.194+0900][gc,heap       ] GC(20) Humongous regions: 129->129
[2022-12-31T15:14:12.194+0900][gc,metaspace  ] GC(20) Metaspace: 52189K->52189K(1097728K)
[2022-12-31T15:14:12.194+0900][gc            ] GC(20) Pause Young (Normal) (G1 Evacuation Pause) 271M->151M(1024M) 21.513ms
[2022-12-31T15:14:12.194+0900][gc,cpu        ] GC(20) User=0.05s Sys=0.02s Real=0.02s
[2022-12-31T15:19:26.329+0900][gc,start      ] GC(21) Pause Young (Normal) (G1 Evacuation Pause)
[2022-12-31T15:19:26.330+0900][gc,task       ] GC(21) Using 8 workers of 8 for evacuation
[2022-12-31T15:19:26.344+0900][gc,phases     ] GC(21)   Pre Evacuate Collection Set: 0.7ms
[2022-12-31T15:19:26.344+0900][gc,phases     ] GC(21)   Evacuate Collection Set: 11.9ms
[2022-12-31T15:19:26.344+0900][gc,phases     ] GC(21)   Post Evacuate Collection Set: 1.1ms
[2022-12-31T15:19:26.344+0900][gc,phases     ] GC(21)   Other: 1.9ms
[2022-12-31T15:19:26.344+0900][gc,heap       ] GC(21) Eden regions: 130->0(146)
[2022-12-31T15:19:26.344+0900][gc,heap       ] GC(21) Survivor regions: 7->5(18)
[2022-12-31T15:19:26.344+0900][gc,heap       ] GC(21) Old regions: 17->17
[2022-12-31T15:19:26.344+0900][gc,heap       ] GC(21) Humongous regions: 129->129
[2022-12-31T15:19:26.344+0900][gc,metaspace  ] GC(21) Metaspace: 52192K->52192K(1097728K)
[2022-12-31T15:19:26.344+0900][gc            ] GC(21) Pause Young (Normal) (G1 Evacuation Pause) 281M->150M(1024M) 15.790ms
[2022-12-31T15:19:26.344+0900][gc,cpu        ] GC(21) User=0.04s Sys=0.02s Real=0.02s
[2022-12-31T15:25:18.914+0900][gc,start      ] GC(22) Pause Young (Normal) (G1 Evacuation Pause)
[2022-12-31T15:25:18.916+0900][gc,task       ] GC(22) Using 8 workers of 8 for evacuation
[2022-12-31T15:25:18.932+0900][gc,phases     ] GC(22)   Pre Evacuate Collection Set: 0.7ms
[2022-12-31T15:25:18.932+0900][gc,phases     ] GC(22)   Evacuate Collection Set: 14.0ms
[2022-12-31T15:25:18.932+0900][gc,phases     ] GC(22)   Post Evacuate Collection Set: 1.3ms
[2022-12-31T15:25:18.932+0900][gc,phases     ] GC(22)   Other: 1.9ms
[2022-12-31T15:25:18.932+0900][gc,heap       ] GC(22) Eden regions: 146->0(162)
[2022-12-31T15:25:18.932+0900][gc,heap       ] GC(22) Survivor regions: 5->5(19)
[2022-12-31T15:25:18.932+0900][gc,heap       ] GC(22) Old regions: 17->17
[2022-12-31T15:25:18.933+0900][gc,heap       ] GC(22) Humongous regions: 129->129
[2022-12-31T15:25:18.933+0900][gc,metaspace  ] GC(22) Metaspace: 52192K->52192K(1097728K)
[2022-12-31T15:25:18.933+0900][gc            ] GC(22) Pause Young (Normal) (G1 Evacuation Pause) 296M->149M(1024M) 18.121ms
[2022-12-31T15:25:18.933+0900][gc,cpu        ] GC(22) User=0.04s Sys=0.02s Real=0.02s
[2022-12-31T15:31:50.859+0900][gc,start      ] GC(23) Pause Young (Normal) (G1 Evacuation Pause)
[2022-12-31T15:31:50.861+0900][gc,task       ] GC(23) Using 8 workers of 8 for evacuation
[2022-12-31T15:31:50.880+0900][gc,phases     ] GC(23)   Pre Evacuate Collection Set: 1.4ms
[2022-12-31T15:31:50.880+0900][gc,phases     ] GC(23)   Evacuate Collection Set: 15.4ms
[2022-12-31T15:31:50.880+0900][gc,phases     ] GC(23)   Post Evacuate Collection Set: 1.5ms
[2022-12-31T15:31:50.880+0900][gc,phases     ] GC(23)   Other: 2.5ms
[2022-12-31T15:31:50.880+0900][gc,heap       ] GC(23) Eden regions: 162->0(172)
[2022-12-31T15:31:50.880+0900][gc,heap       ] GC(23) Survivor regions: 5->5(21)
[2022-12-31T15:31:50.880+0900][gc,heap       ] GC(23) Old regions: 17->17
[2022-12-31T15:31:50.880+0900][gc,heap       ] GC(23) Humongous regions: 129->129
[2022-12-31T15:31:50.880+0900][gc,metaspace  ] GC(23) Metaspace: 52195K->52195K(1097728K)
[2022-12-31T15:31:50.880+0900][gc            ] GC(23) Pause Young (Normal) (G1 Evacuation Pause) 311M->150M(1024M) 20.917ms
[2022-12-31T15:31:50.880+0900][gc,cpu        ] GC(23) User=0.04s Sys=0.03s Real=0.03s
[2022-12-31T15:38:37.987+0900][gc,start      ] GC(24) Pause Young (Normal) (G1 Evacuation Pause)
[2022-12-31T15:38:37.988+0900][gc,task       ] GC(24) Using 8 workers of 8 for evacuation
[2022-12-31T15:38:38.012+0900][gc,mmu        ] GC(24) MMU target violated: 21.0ms (20.0ms/21.0ms)
[2022-12-31T15:38:38.012+0900][gc,phases     ] GC(24)   Pre Evacuate Collection Set: 0.7ms
[2022-12-31T15:38:38.012+0900][gc,phases     ] GC(24)   Evacuate Collection Set: 22.0ms
[2022-12-31T15:38:38.012+0900][gc,phases     ] GC(24)   Post Evacuate Collection Set: 1.0ms
[2022-12-31T15:38:38.012+0900][gc,phases     ] GC(24)   Other: 1.2ms
[2022-12-31T15:38:38.012+0900][gc,heap       ] GC(24) Eden regions: 172->0(169)
[2022-12-31T15:38:38.012+0900][gc,heap       ] GC(24) Survivor regions: 5->6(23)
[2022-12-31T15:38:38.012+0900][gc,heap       ] GC(24) Old regions: 17->17
[2022-12-31T15:38:38.012+0900][gc,heap       ] GC(24) Humongous regions: 129->129
[2022-12-31T15:38:38.012+0900][gc,metaspace  ] GC(24) Metaspace: 52201K->52201K(1097728K)
[2022-12-31T15:38:38.012+0900][gc            ] GC(24) Pause Young (Normal) (G1 Evacuation Pause) 322M->150M(1024M) 25.016ms
[2022-12-31T15:38:38.012+0900][gc,cpu        ] GC(24) User=0.04s Sys=0.02s Real=0.03s
[2022-12-31T15:45:26.292+0900][gc,start      ] GC(25) Pause Young (Normal) (G1 Evacuation Pause)
[2022-12-31T15:45:26.294+0900][gc,task       ] GC(25) Using 8 workers of 8 for evacuation
[2022-12-31T15:45:26.319+0900][gc,mmu        ] GC(25) MMU target violated: 21.0ms (20.0ms/21.0ms)
[2022-12-31T15:45:26.319+0900][gc,phases     ] GC(25)   Pre Evacuate Collection Set: 1.1ms
[2022-12-31T15:45:26.319+0900][gc,phases     ] GC(25)   Evacuate Collection Set: 23.3ms
[2022-12-31T15:45:26.319+0900][gc,phases     ] GC(25)   Post Evacuate Collection Set: 0.7ms
[2022-12-31T15:45:26.319+0900][gc,phases     ] GC(25)   Other: 2.6ms
[2022-12-31T15:45:26.319+0900][gc,heap       ] GC(25) Eden regions: 169->0(160)
[2022-12-31T15:45:26.319+0900][gc,heap       ] GC(25) Survivor regions: 6->6(22)
[2022-12-31T15:45:26.320+0900][gc,heap       ] GC(25) Old regions: 17->17
[2022-12-31T15:45:26.320+0900][gc,heap       ] GC(25) Humongous regions: 129->129
[2022-12-31T15:45:26.320+0900][gc,metaspace  ] GC(25) Metaspace: 52203K->52203K(1097728K)
[2022-12-31T15:45:26.320+0900][gc            ] GC(25) Pause Young (Normal) (G1 Evacuation Pause) 319M->151M(1024M) 27.833ms
[2022-12-31T15:45:26.320+0900][gc,cpu        ] GC(25) User=0.05s Sys=0.02s Real=0.03s
[2022-12-31T16:45:37.599+0900][gc,start      ] GC(26) Pause Young (Normal) (G1 Evacuation Pause)
[2022-12-31T16:45:37.601+0900][gc,task       ] GC(26) Using 8 workers of 8 for evacuation
[2022-12-31T16:45:37.628+0900][gc,mmu        ] GC(26) MMU target violated: 21.0ms (20.0ms/21.0ms)
[2022-12-31T16:45:37.628+0900][gc,phases     ] GC(26)   Pre Evacuate Collection Set: 1.1ms
[2022-12-31T16:45:37.628+0900][gc,phases     ] GC(26)   Evacuate Collection Set: 24.9ms
[2022-12-31T16:45:37.628+0900][gc,phases     ] GC(26)   Post Evacuate Collection Set: 0.8ms
[2022-12-31T16:45:37.628+0900][gc,phases     ] GC(26)   Other: 2.4ms
[2022-12-31T16:45:37.628+0900][gc,heap       ] GC(26) Eden regions: 160->0(158)
[2022-12-31T16:45:37.628+0900][gc,heap       ] GC(26) Survivor regions: 6->6(21)
[2022-12-31T16:45:37.628+0900][gc,heap       ] GC(26) Old regions: 17->17
[2022-12-31T16:45:37.628+0900][gc,heap       ] GC(26) Humongous regions: 129->129
[2022-12-31T16:45:37.628+0900][gc,metaspace  ] GC(26) Metaspace: 52229K->52229K(1097728K)
[2022-12-31T16:45:37.628+0900][gc            ] GC(26) Pause Young (Normal) (G1 Evacuation Pause) 311M->151M(1024M) 29.266ms
[2022-12-31T16:45:37.629+0900][gc,cpu        ] GC(26) User=0.05s Sys=0.04s Real=0.03s
[2022-12-31T16:52:00.419+0900][gc,start      ] GC(27) Pause Young (Normal) (G1 Evacuation Pause)
[2022-12-31T16:52:00.421+0900][gc,task       ] GC(27) Using 8 workers of 8 for evacuation
[2022-12-31T16:52:00.448+0900][gc,mmu        ] GC(27) MMU target violated: 21.0ms (20.0ms/21.0ms)
[2022-12-31T16:52:00.449+0900][gc,phases     ] GC(27)   Pre Evacuate Collection Set: 1.1ms
[2022-12-31T16:52:00.449+0900][gc,phases     ] GC(27)   Evacuate Collection Set: 16.6ms
[2022-12-31T16:52:00.449+0900][gc,phases     ] GC(27)   Post Evacuate Collection Set: 9.3ms
[2022-12-31T16:52:00.449+0900][gc,phases     ] GC(27)   Other: 2.4ms
[2022-12-31T16:52:00.449+0900][gc,heap       ] GC(27) Eden regions: 158->0(189)
[2022-12-31T16:52:00.449+0900][gc,heap       ] GC(27) Survivor regions: 6->6(21)
[2022-12-31T16:52:00.449+0900][gc,heap       ] GC(27) Old regions: 17->17
[2022-12-31T16:52:00.449+0900][gc,heap       ] GC(27) Humongous regions: 129->129
[2022-12-31T16:52:00.449+0900][gc,metaspace  ] GC(27) Metaspace: 52230K->52230K(1097728K)
[2022-12-31T16:52:00.449+0900][gc            ] GC(27) Pause Young (Normal) (G1 Evacuation Pause) 309M->151M(1024M) 29.498ms
[2022-12-31T16:52:00.449+0900][gc,cpu        ] GC(27) User=0.03s Sys=0.02s Real=0.03s
[2022-12-31T16:59:37.308+0900][gc,start      ] GC(28) Pause Young (Normal) (G1 Evacuation Pause)
[2022-12-31T16:59:37.309+0900][gc,task       ] GC(28) Using 8 workers of 8 for evacuation
[2022-12-31T16:59:37.330+0900][gc,mmu        ] GC(28) MMU target violated: 21.0ms (20.0ms/21.0ms)
[2022-12-31T16:59:37.330+0900][gc,phases     ] GC(28)   Pre Evacuate Collection Set: 0.6ms
[2022-12-31T16:59:37.330+0900][gc,phases     ] GC(28)   Evacuate Collection Set: 18.9ms
[2022-12-31T16:59:37.330+0900][gc,phases     ] GC(28)   Post Evacuate Collection Set: 1.5ms
[2022-12-31T16:59:37.330+0900][gc,phases     ] GC(28)   Other: 1.7ms
[2022-12-31T16:59:37.330+0900][gc,heap       ] GC(28) Eden regions: 189->0(200)
[2022-12-31T16:59:37.331+0900][gc,heap       ] GC(28) Survivor regions: 6->5(25)
[2022-12-31T16:59:37.331+0900][gc,heap       ] GC(28) Old regions: 17->18
[2022-12-31T16:59:37.331+0900][gc,heap       ] GC(28) Humongous regions: 129->129
[2022-12-31T16:59:37.331+0900][gc,metaspace  ] GC(28) Metaspace: 52231K->52231K(1097728K)
[2022-12-31T16:59:37.331+0900][gc            ] GC(28) Pause Young (Normal) (G1 Evacuation Pause) 340M->150M(1024M) 22.843ms
[2022-12-31T16:59:37.331+0900][gc,cpu        ] GC(28) User=0.03s Sys=0.02s Real=0.03s
[2022-12-31T17:07:40.400+0900][gc,start      ] GC(29) Pause Young (Normal) (G1 Evacuation Pause)
[2022-12-31T17:07:40.401+0900][gc,task       ] GC(29) Using 8 workers of 8 for evacuation
[2022-12-31T17:07:40.432+0900][gc,mmu        ] GC(29) MMU target violated: 21.0ms (20.0ms/21.0ms)
[2022-12-31T17:07:40.432+0900][gc,phases     ] GC(29)   Pre Evacuate Collection Set: 0.9ms
[2022-12-31T17:07:40.432+0900][gc,phases     ] GC(29)   Evacuate Collection Set: 27.8ms
[2022-12-31T17:07:40.432+0900][gc,phases     ] GC(29)   Post Evacuate Collection Set: 1.4ms
[2022-12-31T17:07:40.432+0900][gc,phases     ] GC(29)   Other: 2.2ms
[2022-12-31T17:07:40.432+0900][gc,heap       ] GC(29) Eden regions: 200->0(169)
[2022-12-31T17:07:40.432+0900][gc,heap       ] GC(29) Survivor regions: 5->4(26)
[2022-12-31T17:07:40.432+0900][gc,heap       ] GC(29) Old regions: 18->18
[2022-12-31T17:07:40.432+0900][gc,heap       ] GC(29) Humongous regions: 129->129
[2022-12-31T17:07:40.432+0900][gc,metaspace  ] GC(29) Metaspace: 52233K->52233K(1097728K)
[2022-12-31T17:07:40.432+0900][gc            ] GC(29) Pause Young (Normal) (G1 Evacuation Pause) 350M->150M(1024M) 32.422ms
[2022-12-31T17:07:40.432+0900][gc,cpu        ] GC(29) User=0.04s Sys=0.02s Real=0.03s
[2022-12-31T17:14:30.173+0900][gc,start      ] GC(30) Pause Young (Normal) (G1 Evacuation Pause)
[2022-12-31T17:14:30.174+0900][gc,task       ] GC(30) Using 8 workers of 8 for evacuation
[2022-12-31T17:14:30.197+0900][gc,mmu        ] GC(30) MMU target violated: 21.0ms (20.0ms/21.0ms)
[2022-12-31T17:14:30.197+0900][gc,phases     ] GC(30)   Pre Evacuate Collection Set: 0.7ms
[2022-12-31T17:14:30.197+0900][gc,phases     ] GC(30)   Evacuate Collection Set: 20.3ms
[2022-12-31T17:14:30.197+0900][gc,phases     ] GC(30)   Post Evacuate Collection Set: 1.0ms
[2022-12-31T17:14:30.197+0900][gc,phases     ] GC(30)   Other: 1.6ms
[2022-12-31T17:14:30.197+0900][gc,heap       ] GC(30) Eden regions: 169->0(181)
[2022-12-31T17:14:30.197+0900][gc,heap       ] GC(30) Survivor regions: 4->4(22)
[2022-12-31T17:14:30.197+0900][gc,heap       ] GC(30) Old regions: 18->18
[2022-12-31T17:14:30.197+0900][gc,heap       ] GC(30) Humongous regions: 129->129
[2022-12-31T17:14:30.197+0900][gc,metaspace  ] GC(30) Metaspace: 52234K->52234K(1097728K)
[2022-12-31T17:14:30.197+0900][gc            ] GC(30) Pause Young (Normal) (G1 Evacuation Pause) 319M->150M(1024M) 23.814ms
[2022-12-31T17:14:30.197+0900][gc,cpu        ] GC(30) User=0.03s Sys=0.02s Real=0.02s
[2022-12-31T17:21:47.346+0900][gc,start      ] GC(31) Pause Young (Normal) (G1 Evacuation Pause)
[2022-12-31T17:21:47.348+0900][gc,task       ] GC(31) Using 8 workers of 8 for evacuation
[2022-12-31T17:21:47.359+0900][gc,phases     ] GC(31)   Pre Evacuate Collection Set: 0.9ms
[2022-12-31T17:21:47.359+0900][gc,phases     ] GC(31)   Evacuate Collection Set: 8.3ms
[2022-12-31T17:21:47.359+0900][gc,phases     ] GC(31)   Post Evacuate Collection Set: 1.5ms
[2022-12-31T17:21:47.359+0900][gc,phases     ] GC(31)   Other: 1.9ms
[2022-12-31T17:21:47.359+0900][gc,heap       ] GC(31) Eden regions: 181->0(198)
[2022-12-31T17:21:47.359+0900][gc,heap       ] GC(31) Survivor regions: 4->3(24)
[2022-12-31T17:21:47.359+0900][gc,heap       ] GC(31) Old regions: 18->18
[2022-12-31T17:21:47.359+0900][gc,heap       ] GC(31) Humongous regions: 129->129
[2022-12-31T17:21:47.359+0900][gc,metaspace  ] GC(31) Metaspace: 52234K->52234K(1097728K)
[2022-12-31T17:21:47.359+0900][gc            ] GC(31) Pause Young (Normal) (G1 Evacuation Pause) 331M->149M(1024M) 12.904ms
[2022-12-31T17:21:47.359+0900][gc,cpu        ] GC(31) User=0.02s Sys=0.01s Real=0.01s
[2022-12-31T17:29:39.521+0900][gc,start      ] GC(32) Pause Young (Normal) (G1 Evacuation Pause)
[2022-12-31T17:29:39.522+0900][gc,task       ] GC(32) Using 8 workers of 8 for evacuation
[2022-12-31T17:29:39.540+0900][gc,phases     ] GC(32)   Pre Evacuate Collection Set: 0.9ms
[2022-12-31T17:29:39.540+0900][gc,phases     ] GC(32)   Evacuate Collection Set: 14.6ms
[2022-12-31T17:29:39.540+0900][gc,phases     ] GC(32)   Post Evacuate Collection Set: 1.3ms
[2022-12-31T17:29:39.540+0900][gc,phases     ] GC(32)   Other: 2.1ms
[2022-12-31T17:29:39.540+0900][gc,heap       ] GC(32) Eden regions: 198->0(204)
[2022-12-31T17:29:39.540+0900][gc,heap       ] GC(32) Survivor regions: 3->5(26)
[2022-12-31T17:29:39.540+0900][gc,heap       ] GC(32) Old regions: 18->18
[2022-12-31T17:29:39.540+0900][gc,heap       ] GC(32) Humongous regions: 129->129
[2022-12-31T17:29:39.540+0900][gc,metaspace  ] GC(32) Metaspace: 52236K->52236K(1097728K)
[2022-12-31T17:29:39.540+0900][gc            ] GC(32) Pause Young (Normal) (G1 Evacuation Pause) 347M->150M(1024M) 19.128ms
[2022-12-31T17:29:39.540+0900][gc,cpu        ] GC(32) User=0.04s Sys=0.02s Real=0.02s
[2022-12-31T17:37:53.471+0900][gc,start      ] GC(33) Pause Young (Normal) (G1 Evacuation Pause)
[2022-12-31T17:37:53.472+0900][gc,task       ] GC(33) Using 8 workers of 8 for evacuation
[2022-12-31T17:37:53.489+0900][gc,phases     ] GC(33)   Pre Evacuate Collection Set: 1.2ms
[2022-12-31T17:37:53.489+0900][gc,phases     ] GC(33)   Evacuate Collection Set: 13.6ms
[2022-12-31T17:37:53.489+0900][gc,phases     ] GC(33)   Post Evacuate Collection Set: 1.3ms
[2022-12-31T17:37:53.489+0900][gc,phases     ] GC(33)   Other: 1.8ms
[2022-12-31T17:37:53.489+0900][gc,heap       ] GC(33) Eden regions: 204->0(216)
[2022-12-31T17:37:53.489+0900][gc,heap       ] GC(33) Survivor regions: 5->5(27)
[2022-12-31T17:37:53.489+0900][gc,heap       ] GC(33) Old regions: 18->18
[2022-12-31T17:37:53.490+0900][gc,heap       ] GC(33) Humongous regions: 129->129
[2022-12-31T17:37:53.490+0900][gc,metaspace  ] GC(33) Metaspace: 52238K->52238K(1097728K)
[2022-12-31T17:37:53.490+0900][gc            ] GC(33) Pause Young (Normal) (G1 Evacuation Pause) 354M->150M(1024M) 18.125ms
[2022-12-31T17:37:53.490+0900][gc,cpu        ] GC(33) User=0.03s Sys=0.02s Real=0.02s
[2022-12-31T17:46:36.922+0900][gc,start      ] GC(34) Pause Young (Normal) (G1 Evacuation Pause)
[2022-12-31T17:46:36.923+0900][gc,task       ] GC(34) Using 8 workers of 8 for evacuation
[2022-12-31T17:46:36.937+0900][gc,phases     ] GC(34)   Pre Evacuate Collection Set: 0.8ms
[2022-12-31T17:46:36.937+0900][gc,phases     ] GC(34)   Evacuate Collection Set: 12.1ms
[2022-12-31T17:46:36.937+0900][gc,phases     ] GC(34)   Post Evacuate Collection Set: 1.1ms
[2022-12-31T17:46:36.937+0900][gc,phases     ] GC(34)   Other: 1.7ms
[2022-12-31T17:46:36.937+0900][gc,heap       ] GC(34) Eden regions: 216->0(231)
[2022-12-31T17:46:36.937+0900][gc,heap       ] GC(34) Survivor regions: 5->5(28)
[2022-12-31T17:46:36.937+0900][gc,heap       ] GC(34) Old regions: 18->18
[2022-12-31T17:46:36.937+0900][gc,heap       ] GC(34) Humongous regions: 129->129
[2022-12-31T17:46:36.937+0900][gc,metaspace  ] GC(34) Metaspace: 52240K->52240K(1097728K)
[2022-12-31T17:46:36.937+0900][gc            ] GC(34) Pause Young (Normal) (G1 Evacuation Pause) 366M->151M(1024M) 15.829ms
[2022-12-31T17:46:36.937+0900][gc,cpu        ] GC(34) User=0.03s Sys=0.01s Real=0.01s
[2022-12-31T18:36:32.551+0900][gc,start      ] GC(35) Pause Young (Normal) (G1 Evacuation Pause)
[2022-12-31T18:36:32.552+0900][gc,task       ] GC(35) Using 8 workers of 8 for evacuation
[2022-12-31T18:36:32.595+0900][gc,mmu        ] GC(35) MMU target violated: 21.0ms (20.0ms/21.0ms)
[2022-12-31T18:36:32.595+0900][gc,phases     ] GC(35)   Pre Evacuate Collection Set: 1.2ms
[2022-12-31T18:36:32.595+0900][gc,phases     ] GC(35)   Evacuate Collection Set: 39.0ms
[2022-12-31T18:36:32.595+0900][gc,phases     ] GC(35)   Post Evacuate Collection Set: 1.7ms
[2022-12-31T18:36:32.595+0900][gc,phases     ] GC(35)   Other: 2.7ms
[2022-12-31T18:36:32.595+0900][gc,heap       ] GC(35) Eden regions: 222->0(104)
[2022-12-31T18:36:32.595+0900][gc,heap       ] GC(35) Survivor regions: 5->4(29)
[2022-12-31T18:36:32.595+0900][gc,heap       ] GC(35) Old regions: 18->18
[2022-12-31T18:36:32.595+0900][gc,heap       ] GC(35) Humongous regions: 129->129
[2022-12-31T18:36:32.595+0900][gc,metaspace  ] GC(35) Metaspace: 52670K->52670K(1097728K)
[2022-12-31T18:36:32.595+0900][gc            ] GC(35) Pause Young (Normal) (G1 Evacuation Pause) 373M->150M(1024M) 44.604ms
[2022-12-31T18:36:32.596+0900][gc,cpu        ] GC(35) User=0.03s Sys=0.08s Real=0.04s
[2022-12-31T19:14:07.392+0900][gc,start      ] GC(36) Pause Young (Normal) (G1 Evacuation Pause)
[2022-12-31T19:14:07.394+0900][gc,task       ] GC(36) Using 8 workers of 8 for evacuation
[2022-12-31T19:14:07.411+0900][gc,phases     ] GC(36)   Pre Evacuate Collection Set: 1.3ms
[2022-12-31T19:14:07.411+0900][gc,phases     ] GC(36)   Evacuate Collection Set: 14.0ms
[2022-12-31T19:14:07.411+0900][gc,phases     ] GC(36)   Post Evacuate Collection Set: 1.3ms
[2022-12-31T19:14:07.411+0900][gc,phases     ] GC(36)   Other: 2.2ms
[2022-12-31T19:14:07.411+0900][gc,heap       ] GC(36) Eden regions: 104->0(104)
[2022-12-31T19:14:07.411+0900][gc,heap       ] GC(36) Survivor regions: 4->4(14)
[2022-12-31T19:14:07.411+0900][gc,heap       ] GC(36) Old regions: 18->18
[2022-12-31T19:14:07.411+0900][gc,heap       ] GC(36) Humongous regions: 129->129
[2022-12-31T19:14:07.411+0900][gc,metaspace  ] GC(36) Metaspace: 52680K->52680K(1097728K)
[2022-12-31T19:14:07.411+0900][gc            ] GC(36) Pause Young (Normal) (G1 Evacuation Pause) 254M->150M(1024M) 19.030ms
[2022-12-31T19:14:07.411+0900][gc,cpu        ] GC(36) User=0.03s Sys=0.03s Real=0.02s
