[2023-01-02T18:05:10.452+0900][gc,heap] Heap region size: 1M
[2023-01-02T18:05:10.458+0900][gc     ] Using G1
[2023-01-02T18:05:10.458+0900][gc,heap,coops] Heap address: 0x00000007c0000000, size: 1024 MB, Compressed Oops mode: Zero based, Oop shift amount: 3
[2023-01-02T18:05:16.740+0900][gc,start     ] GC(0) Pause Young (Concurrent Start) (Metadata GC Threshold)
[2023-01-02T18:05:16.741+0900][gc,task      ] GC(0) Using 8 workers of 8 for evacuation
[2023-01-02T18:05:16.752+0900][gc,phases    ] GC(0)   Pre Evacuate Collection Set: 0.0ms
[2023-01-02T18:05:16.752+0900][gc,phases    ] GC(0)   Evacuate Collection Set: 10.2ms
[2023-01-02T18:05:16.752+0900][gc,phases    ] GC(0)   Post Evacuate Collection Set: 0.4ms
[2023-01-02T18:05:16.752+0900][gc,phases    ] GC(0)   Other: 0.7ms
[2023-01-02T18:05:16.752+0900][gc,heap      ] GC(0) Eden regions: 47->0(44)
[2023-01-02T18:05:16.752+0900][gc,heap      ] GC(0) Survivor regions: 0->7(7)
[2023-01-02T18:05:16.752+0900][gc,heap      ] GC(0) Old regions: 0->0
[2023-01-02T18:05:16.752+0900][gc,heap      ] GC(0) Humongous regions: 0->0
[2023-01-02T18:05:16.752+0900][gc,metaspace ] GC(0) Metaspace: 20681K->20681K(1069056K)
[2023-01-02T18:05:16.752+0900][gc           ] GC(0) Pause Young (Concurrent Start) (Metadata GC Threshold) 47M->6M(1024M) 11.489ms
[2023-01-02T18:05:16.752+0900][gc,cpu       ] GC(0) User=0.03s Sys=0.02s Real=0.01s
[2023-01-02T18:05:16.753+0900][gc           ] GC(1) Concurrent Cycle
[2023-01-02T18:05:16.753+0900][gc,marking   ] GC(1) Concurrent Clear Claimed Marks
[2023-01-02T18:05:16.753+0900][gc,marking   ] GC(1) Concurrent Clear Claimed Marks 0.038ms
[2023-01-02T18:05:16.753+0900][gc,marking   ] GC(1) Concurrent Scan Root Regions
[2023-01-02T18:05:16.754+0900][gc,marking   ] GC(1) Concurrent Scan Root Regions 1.630ms
[2023-01-02T18:05:16.755+0900][gc,marking   ] GC(1) Concurrent Mark (6.312s)
[2023-01-02T18:05:16.755+0900][gc,marking   ] GC(1) Concurrent Mark From Roots
[2023-01-02T18:05:16.755+0900][gc,task      ] GC(1) Using 2 workers of 2 for marking
[2023-01-02T18:05:16.755+0900][gc,marking   ] GC(1) Concurrent Mark From Roots 0.165ms
[2023-01-02T18:05:16.755+0900][gc,marking   ] GC(1) Concurrent Preclean
[2023-01-02T18:05:16.755+0900][gc,marking   ] GC(1) Concurrent Preclean 0.026ms
[2023-01-02T18:05:16.755+0900][gc,marking   ] GC(1) Concurrent Mark (6.312s, 6.312s) 0.227ms
[2023-01-02T18:05:16.755+0900][gc,start     ] GC(1) Pause Remark
[2023-01-02T18:05:16.759+0900][gc,stringtable] GC(1) Cleaned string and symbol table, strings: 7150 processed, 0 removed, symbols: 65473 processed, 30 removed
[2023-01-02T18:05:16.759+0900][gc            ] GC(1) Pause Remark 7M->7M(1024M) 4.375ms
[2023-01-02T18:05:16.759+0900][gc,cpu        ] GC(1) User=0.01s Sys=0.00s Real=0.00s
[2023-01-02T18:05:16.759+0900][gc,marking    ] GC(1) Concurrent Rebuild Remembered Sets
[2023-01-02T18:05:16.759+0900][gc,marking    ] GC(1) Concurrent Rebuild Remembered Sets 0.064ms
[2023-01-02T18:05:16.760+0900][gc,start      ] GC(1) Pause Cleanup
[2023-01-02T18:05:16.760+0900][gc            ] GC(1) Pause Cleanup 7M->7M(1024M) 0.104ms
[2023-01-02T18:05:16.760+0900][gc,cpu        ] GC(1) User=0.00s Sys=0.00s Real=0.00s
[2023-01-02T18:05:16.760+0900][gc,marking    ] GC(1) Concurrent Cleanup for Next Mark
[2023-01-02T18:05:16.764+0900][gc,marking    ] GC(1) Concurrent Cleanup for Next Mark 4.125ms
[2023-01-02T18:05:16.764+0900][gc            ] GC(1) Concurrent Cycle 11.977ms
[2023-01-02T18:05:18.094+0900][gc,start      ] GC(2) Pause Young (Normal) (G1 Evacuation Pause)
[2023-01-02T18:05:18.094+0900][gc,task       ] GC(2) Using 8 workers of 8 for evacuation
[2023-01-02T18:05:18.109+0900][gc,phases     ] GC(2)   Pre Evacuate Collection Set: 0.0ms
[2023-01-02T18:05:18.109+0900][gc,phases     ] GC(2)   Evacuate Collection Set: 14.3ms
[2023-01-02T18:05:18.109+0900][gc,phases     ] GC(2)   Post Evacuate Collection Set: 0.4ms
[2023-01-02T18:05:18.109+0900][gc,phases     ] GC(2)   Other: 0.2ms
[2023-01-02T18:05:18.109+0900][gc,heap       ] GC(2) Eden regions: 44->0(48)
[2023-01-02T18:05:18.109+0900][gc,heap       ] GC(2) Survivor regions: 7->3(7)
[2023-01-02T18:05:18.109+0900][gc,heap       ] GC(2) Old regions: 0->7
[2023-01-02T18:05:18.109+0900][gc,heap       ] GC(2) Humongous regions: 129->129
[2023-01-02T18:05:18.109+0900][gc,metaspace  ] GC(2) Metaspace: 29224K->29224K(1075200K)
[2023-01-02T18:05:18.109+0900][gc            ] GC(2) Pause Young (Normal) (G1 Evacuation Pause) 179M->137M(1024M) 15.131ms
[2023-01-02T18:05:18.109+0900][gc,cpu        ] GC(2) User=0.06s Sys=0.02s Real=0.01s
[2023-01-02T18:05:18.594+0900][gc,start      ] GC(3) Pause Young (Concurrent Start) (Metadata GC Threshold)
[2023-01-02T18:05:18.594+0900][gc,task       ] GC(3) Using 8 workers of 8 for evacuation
[2023-01-02T18:05:18.598+0900][gc,phases     ] GC(3)   Pre Evacuate Collection Set: 0.1ms
[2023-01-02T18:05:18.598+0900][gc,phases     ] GC(3)   Evacuate Collection Set: 4.1ms
[2023-01-02T18:05:18.598+0900][gc,phases     ] GC(3)   Post Evacuate Collection Set: 0.2ms
[2023-01-02T18:05:18.598+0900][gc,phases     ] GC(3)   Other: 0.2ms
[2023-01-02T18:05:18.598+0900][gc,heap       ] GC(3) Eden regions: 34->0(46)
[2023-01-02T18:05:18.598+0900][gc,heap       ] GC(3) Survivor regions: 3->5(7)
[2023-01-02T18:05:18.598+0900][gc,heap       ] GC(3) Old regions: 7->7
[2023-01-02T18:05:18.598+0900][gc,heap       ] GC(3) Humongous regions: 129->129
[2023-01-02T18:05:18.598+0900][gc,metaspace  ] GC(3) Metaspace: 34857K->34857K(1081344K)
[2023-01-02T18:05:18.598+0900][gc            ] GC(3) Pause Young (Concurrent Start) (Metadata GC Threshold) 171M->140M(1024M) 4.685ms
[2023-01-02T18:05:18.598+0900][gc,cpu        ] GC(3) User=0.02s Sys=0.00s Real=0.00s
[2023-01-02T18:05:18.598+0900][gc            ] GC(4) Concurrent Cycle
[2023-01-02T18:05:18.598+0900][gc,marking    ] GC(4) Concurrent Clear Claimed Marks
[2023-01-02T18:05:18.598+0900][gc,marking    ] GC(4) Concurrent Clear Claimed Marks 0.038ms
[2023-01-02T18:05:18.598+0900][gc,marking    ] GC(4) Concurrent Scan Root Regions
[2023-01-02T18:05:18.600+0900][gc,marking    ] GC(4) Concurrent Scan Root Regions 1.459ms
[2023-01-02T18:05:18.600+0900][gc,marking    ] GC(4) Concurrent Mark (8.157s)
[2023-01-02T18:05:18.600+0900][gc,marking    ] GC(4) Concurrent Mark From Roots
[2023-01-02T18:05:18.600+0900][gc,task       ] GC(4) Using 2 workers of 2 for marking
[2023-01-02T18:05:18.604+0900][gc,marking    ] GC(4) Concurrent Mark From Roots 3.988ms
[2023-01-02T18:05:18.604+0900][gc,marking    ] GC(4) Concurrent Preclean
[2023-01-02T18:05:18.604+0900][gc,marking    ] GC(4) Concurrent Preclean 0.038ms
[2023-01-02T18:05:18.604+0900][gc,marking    ] GC(4) Concurrent Mark (8.157s, 8.161s) 4.066ms
[2023-01-02T18:05:18.604+0900][gc,start      ] GC(4) Pause Remark
[2023-01-02T18:05:18.611+0900][gc,stringtable] GC(4) Cleaned string and symbol table, strings: 11580 processed, 11 removed, symbols: 97294 processed, 23 removed
[2023-01-02T18:05:18.612+0900][gc            ] GC(4) Pause Remark 140M->140M(1024M) 7.505ms
[2023-01-02T18:05:18.612+0900][gc,cpu        ] GC(4) User=0.01s Sys=0.01s Real=0.01s
[2023-01-02T18:05:18.612+0900][gc,marking    ] GC(4) Concurrent Rebuild Remembered Sets
[2023-01-02T18:05:18.614+0900][gc,marking    ] GC(4) Concurrent Rebuild Remembered Sets 1.992ms
[2023-01-02T18:05:18.614+0900][gc,start      ] GC(4) Pause Cleanup
[2023-01-02T18:05:18.614+0900][gc            ] GC(4) Pause Cleanup 140M->140M(1024M) 0.174ms
[2023-01-02T18:05:18.614+0900][gc,cpu        ] GC(4) User=0.01s Sys=0.00s Real=0.00s
[2023-01-02T18:05:18.614+0900][gc,marking    ] GC(4) Concurrent Cleanup for Next Mark
[2023-01-02T18:05:18.617+0900][gc,marking    ] GC(4) Concurrent Cleanup for Next Mark 3.192ms
[2023-01-02T18:05:18.617+0900][gc            ] GC(4) Concurrent Cycle 19.048ms
[2023-01-02T18:05:19.562+0900][gc,start      ] GC(5) Pause Young (Normal) (G1 Evacuation Pause)
[2023-01-02T18:05:19.562+0900][gc,task       ] GC(5) Using 8 workers of 8 for evacuation
[2023-01-02T18:05:19.573+0900][gc,phases     ] GC(5)   Pre Evacuate Collection Set: 0.1ms
[2023-01-02T18:05:19.573+0900][gc,phases     ] GC(5)   Evacuate Collection Set: 10.7ms
[2023-01-02T18:05:19.573+0900][gc,phases     ] GC(5)   Post Evacuate Collection Set: 0.5ms
[2023-01-02T18:05:19.573+0900][gc,phases     ] GC(5)   Other: 0.2ms
[2023-01-02T18:05:19.573+0900][gc,heap       ] GC(5) Eden regions: 46->0(46)
[2023-01-02T18:05:19.573+0900][gc,heap       ] GC(5) Survivor regions: 5->5(7)
[2023-01-02T18:05:19.573+0900][gc,heap       ] GC(5) Old regions: 7->9
[2023-01-02T18:05:19.573+0900][gc,heap       ] GC(5) Humongous regions: 129->129
[2023-01-02T18:05:19.573+0900][gc,metaspace  ] GC(5) Metaspace: 42745K->42745K(1087488K)
[2023-01-02T18:05:19.573+0900][gc            ] GC(5) Pause Young (Normal) (G1 Evacuation Pause) 186M->142M(1024M) 11.596ms
[2023-01-02T18:05:19.573+0900][gc,cpu        ] GC(5) User=0.04s Sys=0.01s Real=0.01s
[2023-01-02T18:05:28.291+0900][gc,start      ] GC(6) Pause Young (Normal) (G1 Evacuation Pause)
[2023-01-02T18:05:28.294+0900][gc,task       ] GC(6) Using 8 workers of 8 for evacuation
[2023-01-02T18:05:28.304+0900][gc,phases     ] GC(6)   Pre Evacuate Collection Set: 0.0ms
[2023-01-02T18:05:28.304+0900][gc,phases     ] GC(6)   Evacuate Collection Set: 8.6ms
[2023-01-02T18:05:28.304+0900][gc,phases     ] GC(6)   Post Evacuate Collection Set: 0.5ms
[2023-01-02T18:05:28.304+0900][gc,phases     ] GC(6)   Other: 3.6ms
[2023-01-02T18:05:28.304+0900][gc,heap       ] GC(6) Eden regions: 46->0(45)
[2023-01-02T18:05:28.304+0900][gc,heap       ] GC(6) Survivor regions: 5->6(7)
[2023-01-02T18:05:28.304+0900][gc,heap       ] GC(6) Old regions: 9->11
[2023-01-02T18:05:28.304+0900][gc,heap       ] GC(6) Humongous regions: 129->129
[2023-01-02T18:05:28.304+0900][gc,metaspace  ] GC(6) Metaspace: 48563K->48563K(1093632K)
[2023-01-02T18:05:28.304+0900][gc            ] GC(6) Pause Young (Normal) (G1 Evacuation Pause) 188M->145M(1024M) 12.803ms
[2023-01-02T18:05:28.304+0900][gc,cpu        ] GC(6) User=0.04s Sys=0.01s Real=0.01s
[2023-01-02T18:07:37.644+0900][gc,start      ] GC(7) Pause Young (Normal) (G1 Evacuation Pause)
[2023-01-02T18:07:37.645+0900][gc,task       ] GC(7) Using 8 workers of 8 for evacuation
[2023-01-02T18:07:37.679+0900][gc,mmu        ] GC(7) MMU target violated: 21.0ms (20.0ms/21.0ms)
[2023-01-02T18:07:37.679+0900][gc,phases     ] GC(7)   Pre Evacuate Collection Set: 0.1ms
[2023-01-02T18:07:37.679+0900][gc,phases     ] GC(7)   Evacuate Collection Set: 32.7ms
[2023-01-02T18:07:37.679+0900][gc,phases     ] GC(7)   Post Evacuate Collection Set: 0.9ms
[2023-01-02T18:07:37.679+0900][gc,phases     ] GC(7)   Other: 1.7ms
[2023-01-02T18:07:37.679+0900][gc,heap       ] GC(7) Eden regions: 45->0(44)
[2023-01-02T18:07:37.679+0900][gc,heap       ] GC(7) Survivor regions: 6->7(7)
[2023-01-02T18:07:37.679+0900][gc,heap       ] GC(7) Old regions: 11->14
[2023-01-02T18:07:37.679+0900][gc,heap       ] GC(7) Humongous regions: 129->129
[2023-01-02T18:07:37.679+0900][gc,metaspace  ] GC(7) Metaspace: 50799K->50799K(1095680K)
[2023-01-02T18:07:37.679+0900][gc            ] GC(7) Pause Young (Normal) (G1 Evacuation Pause) 190M->149M(1024M) 35.574ms
[2023-01-02T18:07:37.679+0900][gc,cpu        ] GC(7) User=0.09s Sys=0.03s Real=0.03s
[2023-01-02T18:11:06.663+0900][gc,start      ] GC(8) Pause Young (Normal) (G1 Evacuation Pause)
[2023-01-02T18:11:06.663+0900][gc,task       ] GC(8) Using 8 workers of 8 for evacuation
[2023-01-02T18:11:06.701+0900][gc,mmu        ] GC(8) MMU target violated: 21.0ms (20.0ms/21.0ms)
[2023-01-02T18:11:06.701+0900][gc,phases     ] GC(8)   Pre Evacuate Collection Set: 0.6ms
[2023-01-02T18:11:06.701+0900][gc,phases     ] GC(8)   Evacuate Collection Set: 36.6ms
[2023-01-02T18:11:06.701+0900][gc,phases     ] GC(8)   Post Evacuate Collection Set: 0.7ms
[2023-01-02T18:11:06.701+0900][gc,phases     ] GC(8)   Other: 0.8ms
[2023-01-02T18:11:06.701+0900][gc,heap       ] GC(8) Eden regions: 44->0(46)
[2023-01-02T18:11:06.701+0900][gc,heap       ] GC(8) Survivor regions: 7->5(7)
[2023-01-02T18:11:06.701+0900][gc,heap       ] GC(8) Old regions: 14->18
[2023-01-02T18:11:06.701+0900][gc,heap       ] GC(8) Humongous regions: 129->129
[2023-01-02T18:11:06.701+0900][gc,metaspace  ] GC(8) Metaspace: 50878K->50878K(1095680K)
[2023-01-02T18:11:06.701+0900][gc            ] GC(8) Pause Young (Normal) (G1 Evacuation Pause) 193M->151M(1024M) 38.875ms
[2023-01-02T18:11:06.702+0900][gc,cpu        ] GC(8) User=0.07s Sys=0.04s Real=0.04s
[2023-01-02T18:14:56.947+0900][gc,start      ] GC(9) Pause Young (Normal) (G1 Evacuation Pause)
[2023-01-02T18:14:56.948+0900][gc,task       ] GC(9) Using 8 workers of 8 for evacuation
[2023-01-02T18:14:56.962+0900][gc,phases     ] GC(9)   Pre Evacuate Collection Set: 0.8ms
[2023-01-02T18:14:56.962+0900][gc,phases     ] GC(9)   Evacuate Collection Set: 11.4ms
[2023-01-02T18:14:56.962+0900][gc,phases     ] GC(9)   Post Evacuate Collection Set: 0.7ms
[2023-01-02T18:14:56.962+0900][gc,phases     ] GC(9)   Other: 1.9ms
[2023-01-02T18:14:56.962+0900][gc,heap       ] GC(9) Eden regions: 46->0(47)
[2023-01-02T18:14:56.962+0900][gc,heap       ] GC(9) Survivor regions: 5->4(7)
[2023-01-02T18:14:56.962+0900][gc,heap       ] GC(9) Old regions: 18->19
[2023-01-02T18:14:56.962+0900][gc,heap       ] GC(9) Humongous regions: 129->129
[2023-01-02T18:14:56.962+0900][gc,metaspace  ] GC(9) Metaspace: 50937K->50937K(1095680K)
[2023-01-02T18:14:56.962+0900][gc            ] GC(9) Pause Young (Normal) (G1 Evacuation Pause) 197M->151M(1024M) 15.200ms
[2023-01-02T18:14:56.962+0900][gc,cpu        ] GC(9) User=0.03s Sys=0.01s Real=0.02s
[2023-01-02T18:18:55.067+0900][gc,start      ] GC(10) Pause Young (Normal) (G1 Evacuation Pause)
[2023-01-02T18:18:55.068+0900][gc,task       ] GC(10) Using 8 workers of 8 for evacuation
[2023-01-02T18:18:55.092+0900][gc,mmu        ] GC(10) MMU target violated: 21.0ms (20.0ms/21.0ms)
[2023-01-02T18:18:55.092+0900][gc,phases     ] GC(10)   Pre Evacuate Collection Set: 1.5ms
[2023-01-02T18:18:55.092+0900][gc,phases     ] GC(10)   Evacuate Collection Set: 21.2ms
[2023-01-02T18:18:55.092+0900][gc,phases     ] GC(10)   Post Evacuate Collection Set: 0.8ms
[2023-01-02T18:18:55.092+0900][gc,phases     ] GC(10)   Other: 1.8ms
[2023-01-02T18:18:55.092+0900][gc,heap       ] GC(10) Eden regions: 47->0(44)
[2023-01-02T18:18:55.092+0900][gc,heap       ] GC(10) Survivor regions: 4->7(7)
[2023-01-02T18:18:55.092+0900][gc,heap       ] GC(10) Old regions: 19->19
[2023-01-02T18:18:55.092+0900][gc,heap       ] GC(10) Humongous regions: 129->129
[2023-01-02T18:18:55.092+0900][gc,metaspace  ] GC(10) Metaspace: 51039K->51039K(1095680K)
[2023-01-02T18:18:55.092+0900][gc            ] GC(10) Pause Young (Normal) (G1 Evacuation Pause) 198M->154M(1024M) 25.434ms
[2023-01-02T18:18:55.092+0900][gc,cpu        ] GC(10) User=0.05s Sys=0.02s Real=0.03s
[2023-01-02T18:22:41.347+0900][gc,start      ] GC(11) Pause Young (Normal) (G1 Evacuation Pause)
[2023-01-02T18:22:41.349+0900][gc,task       ] GC(11) Using 8 workers of 8 for evacuation
[2023-01-02T18:22:41.372+0900][gc,mmu        ] GC(11) MMU target violated: 21.0ms (20.0ms/21.0ms)
[2023-01-02T18:22:41.372+0900][gc,phases     ] GC(11)   Pre Evacuate Collection Set: 0.8ms
[2023-01-02T18:22:41.372+0900][gc,phases     ] GC(11)   Evacuate Collection Set: 21.6ms
[2023-01-02T18:22:41.372+0900][gc,phases     ] GC(11)   Post Evacuate Collection Set: 0.7ms
[2023-01-02T18:22:41.372+0900][gc,phases     ] GC(11)   Other: 2.2ms
[2023-01-02T18:22:41.373+0900][gc,heap       ] GC(11) Eden regions: 44->0(48)
[2023-01-02T18:22:41.373+0900][gc,heap       ] GC(11) Survivor regions: 7->3(7)
[2023-01-02T18:22:41.373+0900][gc,heap       ] GC(11) Old regions: 19->23
[2023-01-02T18:22:41.373+0900][gc,heap       ] GC(11) Humongous regions: 129->129
[2023-01-02T18:22:41.373+0900][gc,metaspace  ] GC(11) Metaspace: 51065K->51065K(1095680K)
[2023-01-02T18:22:41.373+0900][gc            ] GC(11) Pause Young (Normal) (G1 Evacuation Pause) 198M->154M(1024M) 25.325ms
[2023-01-02T18:22:41.373+0900][gc,cpu        ] GC(11) User=0.05s Sys=0.03s Real=0.03s
[2023-01-02T18:26:50.054+0900][gc,start      ] GC(12) Pause Young (Normal) (G1 Evacuation Pause)
[2023-01-02T18:26:50.055+0900][gc,task       ] GC(12) Using 8 workers of 8 for evacuation
[2023-01-02T18:26:50.075+0900][gc,phases     ] GC(12)   Pre Evacuate Collection Set: 1.1ms
[2023-01-02T18:26:50.075+0900][gc,phases     ] GC(12)   Evacuate Collection Set: 17.1ms
[2023-01-02T18:26:50.075+0900][gc,phases     ] GC(12)   Post Evacuate Collection Set: 0.9ms
[2023-01-02T18:26:50.075+0900][gc,phases     ] GC(12)   Other: 2.1ms
[2023-01-02T18:26:50.075+0900][gc,heap       ] GC(12) Eden regions: 48->0(44)
[2023-01-02T18:26:50.075+0900][gc,heap       ] GC(12) Survivor regions: 3->7(7)
[2023-01-02T18:26:50.075+0900][gc,heap       ] GC(12) Old regions: 23->23
[2023-01-02T18:26:50.075+0900][gc,heap       ] GC(12) Humongous regions: 129->129
[2023-01-02T18:26:50.075+0900][gc,metaspace  ] GC(12) Metaspace: 51101K->51101K(1095680K)
[2023-01-02T18:26:50.075+0900][gc            ] GC(12) Pause Young (Normal) (G1 Evacuation Pause) 202M->158M(1024M) 21.404ms
[2023-01-02T18:26:50.075+0900][gc,cpu        ] GC(12) User=0.05s Sys=0.02s Real=0.02s
[2023-01-02T18:30:40.254+0900][gc,start      ] GC(13) Pause Young (Normal) (G1 Evacuation Pause)
[2023-01-02T18:30:40.256+0900][gc,task       ] GC(13) Using 8 workers of 8 for evacuation
[2023-01-02T18:30:40.280+0900][gc,mmu        ] GC(13) MMU target violated: 21.0ms (20.0ms/21.0ms)
[2023-01-02T18:30:40.280+0900][gc,phases     ] GC(13)   Pre Evacuate Collection Set: 1.3ms
[2023-01-02T18:30:40.280+0900][gc,phases     ] GC(13)   Evacuate Collection Set: 21.7ms
[2023-01-02T18:30:40.280+0900][gc,phases     ] GC(13)   Post Evacuate Collection Set: 0.6ms
[2023-01-02T18:30:40.280+0900][gc,phases     ] GC(13)   Other: 2.3ms
[2023-01-02T18:30:40.280+0900][gc,heap       ] GC(13) Eden regions: 44->0(45)
[2023-01-02T18:30:40.280+0900][gc,heap       ] GC(13) Survivor regions: 7->6(7)
[2023-01-02T18:30:40.280+0900][gc,heap       ] GC(13) Old regions: 23->27
[2023-01-02T18:30:40.280+0900][gc,heap       ] GC(13) Humongous regions: 129->129
[2023-01-02T18:30:40.280+0900][gc,metaspace  ] GC(13) Metaspace: 51117K->51117K(1095680K)
[2023-01-02T18:30:40.280+0900][gc            ] GC(13) Pause Young (Normal) (G1 Evacuation Pause) 202M->161M(1024M) 26.006ms
[2023-01-02T18:30:40.281+0900][gc,cpu        ] GC(13) User=0.07s Sys=0.04s Real=0.03s
[2023-01-02T18:34:34.858+0900][gc,start      ] GC(14) Pause Young (Normal) (G1 Evacuation Pause)
[2023-01-02T18:34:34.859+0900][gc,task       ] GC(14) Using 8 workers of 8 for evacuation
[2023-01-02T18:34:34.879+0900][gc,phases     ] GC(14)   Pre Evacuate Collection Set: 1.6ms
[2023-01-02T18:34:34.879+0900][gc,phases     ] GC(14)   Evacuate Collection Set: 16.2ms
[2023-01-02T18:34:34.879+0900][gc,phases     ] GC(14)   Post Evacuate Collection Set: 0.7ms
[2023-01-02T18:34:34.879+0900][gc,phases     ] GC(14)   Other: 2.3ms
[2023-01-02T18:34:34.879+0900][gc,heap       ] GC(14) Eden regions: 45->0(47)
[2023-01-02T18:34:34.879+0900][gc,heap       ] GC(14) Survivor regions: 6->4(7)
[2023-01-02T18:34:34.879+0900][gc,heap       ] GC(14) Old regions: 27->30
[2023-01-02T18:34:34.879+0900][gc,heap       ] GC(14) Humongous regions: 129->129
[2023-01-02T18:34:34.879+0900][gc,metaspace  ] GC(14) Metaspace: 51134K->51134K(1095680K)
[2023-01-02T18:34:34.879+0900][gc            ] GC(14) Pause Young (Normal) (G1 Evacuation Pause) 206M->162M(1024M) 20.951ms
[2023-01-02T18:34:34.879+0900][gc,cpu        ] GC(14) User=0.05s Sys=0.02s Real=0.02s
[2023-01-02T18:38:40.334+0900][gc,start      ] GC(15) Pause Young (Normal) (G1 Evacuation Pause)
[2023-01-02T18:38:40.335+0900][gc,task       ] GC(15) Using 8 workers of 8 for evacuation
[2023-01-02T18:38:40.354+0900][gc,phases     ] GC(15)   Pre Evacuate Collection Set: 0.7ms
[2023-01-02T18:38:40.354+0900][gc,phases     ] GC(15)   Evacuate Collection Set: 16.7ms
[2023-01-02T18:38:40.354+0900][gc,phases     ] GC(15)   Post Evacuate Collection Set: 0.7ms
[2023-01-02T18:38:40.354+0900][gc,phases     ] GC(15)   Other: 1.6ms
[2023-01-02T18:38:40.354+0900][gc,heap       ] GC(15) Eden regions: 47->0(44)
[2023-01-02T18:38:40.354+0900][gc,heap       ] GC(15) Survivor regions: 4->7(7)
[2023-01-02T18:38:40.354+0900][gc,heap       ] GC(15) Old regions: 30->30
[2023-01-02T18:38:40.354+0900][gc,heap       ] GC(15) Humongous regions: 129->129
[2023-01-02T18:38:40.354+0900][gc,metaspace  ] GC(15) Metaspace: 51168K->51168K(1095680K)
[2023-01-02T18:38:40.354+0900][gc            ] GC(15) Pause Young (Normal) (G1 Evacuation Pause) 209M->165M(1024M) 20.014ms
[2023-01-02T18:38:40.354+0900][gc,cpu        ] GC(15) User=0.04s Sys=0.02s Real=0.02s
[2023-01-02T18:42:29.403+0900][gc,start      ] GC(16) Pause Young (Normal) (G1 Evacuation Pause)
[2023-01-02T18:42:29.405+0900][gc,task       ] GC(16) Using 8 workers of 8 for evacuation
[2023-01-02T18:42:29.425+0900][gc,phases     ] GC(16)   Pre Evacuate Collection Set: 1.6ms
[2023-01-02T18:42:29.425+0900][gc,phases     ] GC(16)   Evacuate Collection Set: 17.2ms
[2023-01-02T18:42:29.425+0900][gc,phases     ] GC(16)   Post Evacuate Collection Set: 0.8ms
[2023-01-02T18:42:29.425+0900][gc,phases     ] GC(16)   Other: 2.1ms
[2023-01-02T18:42:29.425+0900][gc,heap       ] GC(16) Eden regions: 44->0(52)
[2023-01-02T18:42:29.425+0900][gc,heap       ] GC(16) Survivor regions: 7->4(7)
[2023-01-02T18:42:29.425+0900][gc,heap       ] GC(16) Old regions: 30->34
[2023-01-02T18:42:29.425+0900][gc,heap       ] GC(16) Humongous regions: 129->129
[2023-01-02T18:42:29.425+0900][gc,metaspace  ] GC(16) Metaspace: 51193K->51193K(1095680K)
[2023-01-02T18:42:29.425+0900][gc            ] GC(16) Pause Young (Normal) (G1 Evacuation Pause) 209M->165M(1024M) 21.901ms
[2023-01-02T18:42:29.425+0900][gc,cpu        ] GC(16) User=0.06s Sys=0.02s Real=0.02s
[2023-01-02T18:47:00.018+0900][gc,start      ] GC(17) Pause Young (Normal) (G1 Evacuation Pause)
[2023-01-02T18:47:00.019+0900][gc,task       ] GC(17) Using 8 workers of 8 for evacuation
[2023-01-02T18:47:00.037+0900][gc,phases     ] GC(17)   Pre Evacuate Collection Set: 0.1ms
[2023-01-02T18:47:00.037+0900][gc,phases     ] GC(17)   Evacuate Collection Set: 16.2ms
[2023-01-02T18:47:00.037+0900][gc,phases     ] GC(17)   Post Evacuate Collection Set: 0.4ms
[2023-01-02T18:47:00.037+0900][gc,phases     ] GC(17)   Other: 1.6ms
[2023-01-02T18:47:00.037+0900][gc,heap       ] GC(17) Eden regions: 52->0(50)
[2023-01-02T18:47:00.037+0900][gc,heap       ] GC(17) Survivor regions: 4->7(7)
[2023-01-02T18:47:00.037+0900][gc,heap       ] GC(17) Old regions: 34->34
[2023-01-02T18:47:00.037+0900][gc,heap       ] GC(17) Humongous regions: 129->129
[2023-01-02T18:47:00.037+0900][gc,metaspace  ] GC(17) Metaspace: 51232K->51232K(1095680K)
[2023-01-02T18:47:00.037+0900][gc            ] GC(17) Pause Young (Normal) (G1 Evacuation Pause) 217M->169M(1024M) 18.451ms
[2023-01-02T18:47:00.037+0900][gc,cpu        ] GC(17) User=0.05s Sys=0.01s Real=0.02s
[2023-01-02T18:51:19.592+0900][gc,start      ] GC(18) Pause Young (Normal) (G1 Evacuation Pause)
[2023-01-02T18:51:19.592+0900][gc,task       ] GC(18) Using 8 workers of 8 for evacuation
[2023-01-02T18:51:19.613+0900][gc,mmu        ] GC(18) MMU target violated: 20.5ms (20.0ms/21.0ms)
[2023-01-02T18:51:19.613+0900][gc,phases     ] GC(18)   Pre Evacuate Collection Set: 0.1ms
[2023-01-02T18:51:19.613+0900][gc,phases     ] GC(18)   Evacuate Collection Set: 19.7ms
[2023-01-02T18:51:19.613+0900][gc,phases     ] GC(18)   Post Evacuate Collection Set: 0.3ms
[2023-01-02T18:51:19.613+0900][gc,phases     ] GC(18)   Other: 1.3ms
[2023-01-02T18:51:19.613+0900][gc,heap       ] GC(18) Eden regions: 50->0(58)
[2023-01-02T18:51:19.613+0900][gc,heap       ] GC(18) Survivor regions: 7->4(8)
[2023-01-02T18:51:19.613+0900][gc,heap       ] GC(18) Old regions: 34->39
[2023-01-02T18:51:19.613+0900][gc,heap       ] GC(18) Humongous regions: 129->129
[2023-01-02T18:51:19.613+0900][gc,metaspace  ] GC(18) Metaspace: 51247K->51247K(1095680K)
[2023-01-02T18:51:19.613+0900][gc            ] GC(18) Pause Young (Normal) (G1 Evacuation Pause) 219M->170M(1024M) 21.359ms
[2023-01-02T18:51:19.613+0900][gc,cpu        ] GC(18) User=0.07s Sys=0.02s Real=0.02s
[2023-01-02T19:17:24.943+0900][gc,start      ] GC(19) Pause Young (Normal) (G1 Evacuation Pause)
[2023-01-02T19:17:24.944+0900][gc,task       ] GC(19) Using 8 workers of 8 for evacuation
[2023-01-02T19:17:24.965+0900][gc,mmu        ] GC(19) MMU target violated: 20.5ms (20.0ms/21.0ms)
[2023-01-02T19:17:24.965+0900][gc,phases     ] GC(19)   Pre Evacuate Collection Set: 0.6ms
[2023-01-02T19:17:24.965+0900][gc,phases     ] GC(19)   Evacuate Collection Set: 17.9ms
[2023-01-02T19:17:24.965+0900][gc,phases     ] GC(19)   Post Evacuate Collection Set: 1.2ms
[2023-01-02T19:17:24.965+0900][gc,phases     ] GC(19)   Other: 2.6ms
[2023-01-02T19:17:24.965+0900][gc,heap       ] GC(19) Eden regions: 58->0(54)
[2023-01-02T19:17:24.965+0900][gc,heap       ] GC(19) Survivor regions: 4->8(8)
[2023-01-02T19:17:24.965+0900][gc,heap       ] GC(19) Old regions: 39->39
[2023-01-02T19:17:24.965+0900][gc,heap       ] GC(19) Humongous regions: 129->129
[2023-01-02T19:17:24.965+0900][gc,metaspace  ] GC(19) Metaspace: 51357K->51357K(1095680K)
[2023-01-02T19:17:24.965+0900][gc            ] GC(19) Pause Young (Normal) (G1 Evacuation Pause) 228M->175M(1024M) 22.333ms
[2023-01-02T19:17:24.965+0900][gc,cpu        ] GC(19) User=0.06s Sys=0.02s Real=0.02s
[2023-01-02T19:22:01.268+0900][gc,start      ] GC(20) Pause Young (Normal) (G1 Evacuation Pause)
[2023-01-02T19:22:01.269+0900][gc,task       ] GC(20) Using 8 workers of 8 for evacuation
[2023-01-02T19:22:01.287+0900][gc,phases     ] GC(20)   Pre Evacuate Collection Set: 0.1ms
[2023-01-02T19:22:01.287+0900][gc,phases     ] GC(20)   Evacuate Collection Set: 16.4ms
[2023-01-02T19:22:01.287+0900][gc,phases     ] GC(20)   Post Evacuate Collection Set: 0.4ms
[2023-01-02T19:22:01.287+0900][gc,phases     ] GC(20)   Other: 2.0ms
[2023-01-02T19:22:01.287+0900][gc,heap       ] GC(20) Eden regions: 54->0(60)
[2023-01-02T19:22:01.287+0900][gc,heap       ] GC(20) Survivor regions: 8->5(8)
[2023-01-02T19:22:01.287+0900][gc,heap       ] GC(20) Old regions: 39->44
[2023-01-02T19:22:01.287+0900][gc,heap       ] GC(20) Humongous regions: 129->129
[2023-01-02T19:22:01.287+0900][gc,metaspace  ] GC(20) Metaspace: 51387K->51387K(1095680K)
[2023-01-02T19:22:01.287+0900][gc            ] GC(20) Pause Young (Normal) (G1 Evacuation Pause) 229M->177M(1024M) 19.074ms
[2023-01-02T19:22:01.287+0900][gc,cpu        ] GC(20) User=0.06s Sys=0.01s Real=0.02s
[2023-01-02T19:26:54.044+0900][gc,start      ] GC(21) Pause Young (Normal) (G1 Evacuation Pause)
[2023-01-02T19:26:54.044+0900][gc,task       ] GC(21) Using 8 workers of 8 for evacuation
[2023-01-02T19:26:54.053+0900][gc,phases     ] GC(21)   Pre Evacuate Collection Set: 0.3ms
[2023-01-02T19:26:54.053+0900][gc,phases     ] GC(21)   Evacuate Collection Set: 7.6ms
[2023-01-02T19:26:54.053+0900][gc,phases     ] GC(21)   Post Evacuate Collection Set: 0.4ms
[2023-01-02T19:26:54.053+0900][gc,phases     ] GC(21)   Other: 0.6ms
[2023-01-02T19:26:54.053+0900][gc,heap       ] GC(21) Eden regions: 60->0(64)
[2023-01-02T19:26:54.053+0900][gc,heap       ] GC(21) Survivor regions: 5->9(9)
[2023-01-02T19:26:54.053+0900][gc,heap       ] GC(21) Old regions: 44->44
[2023-01-02T19:26:54.053+0900][gc,heap       ] GC(21) Humongous regions: 129->129
[2023-01-02T19:26:54.053+0900][gc,metaspace  ] GC(21) Metaspace: 51425K->51425K(1095680K)
[2023-01-02T19:26:54.053+0900][gc            ] GC(21) Pause Young (Normal) (G1 Evacuation Pause) 237M->180M(1024M) 8.921ms
[2023-01-02T19:26:54.053+0900][gc,cpu        ] GC(21) User=0.04s Sys=0.01s Real=0.01s
[2023-01-02T19:32:22.901+0900][gc,start      ] GC(22) Pause Young (Normal) (G1 Evacuation Pause)
[2023-01-02T19:32:22.904+0900][gc,task       ] GC(22) Using 8 workers of 8 for evacuation
[2023-01-02T19:32:22.943+0900][gc,mmu        ] GC(22) MMU target violated: 21.0ms (20.0ms/21.0ms)
[2023-01-02T19:32:22.943+0900][gc,phases     ] GC(22)   Pre Evacuate Collection Set: 1.0ms
[2023-01-02T19:32:22.943+0900][gc,phases     ] GC(22)   Evacuate Collection Set: 35.6ms
[2023-01-02T19:32:22.943+0900][gc,phases     ] GC(22)   Post Evacuate Collection Set: 0.6ms
[2023-01-02T19:32:22.943+0900][gc,phases     ] GC(22)   Other: 4.5ms
[2023-01-02T19:32:22.943+0900][gc,heap       ] GC(22) Eden regions: 64->0(54)
[2023-01-02T19:32:22.943+0900][gc,heap       ] GC(22) Survivor regions: 9->3(10)
[2023-01-02T19:32:22.943+0900][gc,heap       ] GC(22) Old regions: 44->50
[2023-01-02T19:32:22.943+0900][gc,heap       ] GC(22) Humongous regions: 129->129
[2023-01-02T19:32:22.943+0900][gc,metaspace  ] GC(22) Metaspace: 51457K->51457K(1095680K)
[2023-01-02T19:32:22.943+0900][gc            ] GC(22) Pause Young (Normal) (G1 Evacuation Pause) 244M->180M(1024M) 41.583ms
[2023-01-02T19:32:22.943+0900][gc,cpu        ] GC(22) User=0.07s Sys=0.04s Real=0.04s
[2023-01-02T19:37:01.126+0900][gc,start      ] GC(23) Pause Young (Normal) (G1 Evacuation Pause)
[2023-01-02T19:37:01.127+0900][gc,task       ] GC(23) Using 8 workers of 8 for evacuation
[2023-01-02T19:37:01.141+0900][gc,phases     ] GC(23)   Pre Evacuate Collection Set: 0.6ms
[2023-01-02T19:37:01.141+0900][gc,phases     ] GC(23)   Evacuate Collection Set: 12.9ms
[2023-01-02T19:37:01.141+0900][gc,phases     ] GC(23)   Post Evacuate Collection Set: 0.6ms
[2023-01-02T19:37:01.141+0900][gc,phases     ] GC(23)   Other: 1.4ms
[2023-01-02T19:37:01.141+0900][gc,heap       ] GC(23) Eden regions: 54->0(47)
[2023-01-02T19:37:01.141+0900][gc,heap       ] GC(23) Survivor regions: 3->7(8)
[2023-01-02T19:37:01.141+0900][gc,heap       ] GC(23) Old regions: 50->50
[2023-01-02T19:37:01.141+0900][gc,heap       ] GC(23) Humongous regions: 129->129
[2023-01-02T19:37:01.141+0900][gc,metaspace  ] GC(23) Metaspace: 51461K->51461K(1095680K)
[2023-01-02T19:37:01.141+0900][gc            ] GC(23) Pause Young (Normal) (G1 Evacuation Pause) 234M->184M(1024M) 15.578ms
[2023-01-02T19:37:01.141+0900][gc,cpu        ] GC(23) User=0.04s Sys=0.01s Real=0.02s
[2023-01-02T19:41:03.209+0900][gc,start      ] GC(24) Pause Young (Normal) (G1 Evacuation Pause)
[2023-01-02T19:41:03.211+0900][gc,task       ] GC(24) Using 8 workers of 8 for evacuation
[2023-01-02T19:41:03.226+0900][gc,phases     ] GC(24)   Pre Evacuate Collection Set: 0.9ms
[2023-01-02T19:41:03.226+0900][gc,phases     ] GC(24)   Evacuate Collection Set: 13.3ms
[2023-01-02T19:41:03.226+0900][gc,phases     ] GC(24)   Post Evacuate Collection Set: 0.6ms
[2023-01-02T19:41:03.226+0900][gc,phases     ] GC(24)   Other: 1.9ms
[2023-01-02T19:41:03.226+0900][gc,heap       ] GC(24) Eden regions: 47->0(61)
[2023-01-02T19:41:03.226+0900][gc,heap       ] GC(24) Survivor regions: 7->4(7)
[2023-01-02T19:41:03.226+0900][gc,heap       ] GC(24) Old regions: 50->53
[2023-01-02T19:41:03.226+0900][gc,heap       ] GC(24) Humongous regions: 129->129
[2023-01-02T19:41:03.226+0900][gc,metaspace  ] GC(24) Metaspace: 51472K->51472K(1095680K)
[2023-01-02T19:41:03.226+0900][gc            ] GC(24) Pause Young (Normal) (G1 Evacuation Pause) 231M->185M(1024M) 16.977ms
[2023-01-02T19:41:03.226+0900][gc,cpu        ] GC(24) User=0.05s Sys=0.03s Real=0.02s
[2023-01-02T19:46:20.079+0900][gc,start      ] GC(25) Pause Young (Normal) (G1 Evacuation Pause)
[2023-01-02T19:46:20.080+0900][gc,task       ] GC(25) Using 8 workers of 8 for evacuation
[2023-01-02T19:46:20.119+0900][gc,mmu        ] GC(25) MMU target violated: 21.0ms (20.0ms/21.0ms)
[2023-01-02T19:46:20.119+0900][gc,phases     ] GC(25)   Pre Evacuate Collection Set: 0.8ms
[2023-01-02T19:46:20.119+0900][gc,phases     ] GC(25)   Evacuate Collection Set: 37.1ms
[2023-01-02T19:46:20.119+0900][gc,phases     ] GC(25)   Post Evacuate Collection Set: 0.5ms
[2023-01-02T19:46:20.119+0900][gc,phases     ] GC(25)   Other: 1.3ms
[2023-01-02T19:46:20.119+0900][gc,heap       ] GC(25) Eden regions: 61->0(48)
[2023-01-02T19:46:20.119+0900][gc,heap       ] GC(25) Survivor regions: 4->7(9)
[2023-01-02T19:46:20.119+0900][gc,heap       ] GC(25) Old regions: 53->53
[2023-01-02T19:46:20.119+0900][gc,heap       ] GC(25) Humongous regions: 129->129
[2023-01-02T19:46:20.119+0900][gc,metaspace  ] GC(25) Metaspace: 51473K->51473K(1095680K)
[2023-01-02T19:46:20.119+0900][gc            ] GC(25) Pause Young (Normal) (G1 Evacuation Pause) 246M->187M(1024M) 39.753ms
[2023-01-02T19:46:20.119+0900][gc,cpu        ] GC(25) User=0.05s Sys=0.03s Real=0.04s
[2023-01-02T19:50:29.055+0900][gc,start      ] GC(26) Pause Young (Normal) (G1 Evacuation Pause)
[2023-01-02T19:50:29.056+0900][gc,task       ] GC(26) Using 8 workers of 8 for evacuation
[2023-01-02T19:50:29.083+0900][gc,mmu        ] GC(26) MMU target violated: 21.0ms (20.0ms/21.0ms)
[2023-01-02T19:50:29.083+0900][gc,phases     ] GC(26)   Pre Evacuate Collection Set: 1.0ms
[2023-01-02T19:50:29.083+0900][gc,phases     ] GC(26)   Evacuate Collection Set: 24.1ms
[2023-01-02T19:50:29.083+0900][gc,phases     ] GC(26)   Post Evacuate Collection Set: 0.7ms
[2023-01-02T19:50:29.083+0900][gc,phases     ] GC(26)   Other: 2.5ms
[2023-01-02T19:50:29.083+0900][gc,heap       ] GC(26) Eden regions: 48->0(46)
[2023-01-02T19:50:29.083+0900][gc,heap       ] GC(26) Survivor regions: 7->5(7)
[2023-01-02T19:50:29.083+0900][gc,heap       ] GC(26) Old regions: 53->58
[2023-01-02T19:50:29.083+0900][gc,heap       ] GC(26) Humongous regions: 129->129
[2023-01-02T19:50:29.083+0900][gc,metaspace  ] GC(26) Metaspace: 51475K->51475K(1095680K)
[2023-01-02T19:50:29.083+0900][gc            ] GC(26) Pause Young (Normal) (G1 Evacuation Pause) 235M->191M(1024M) 28.422ms
[2023-01-02T19:50:29.083+0900][gc,cpu        ] GC(26) User=0.06s Sys=0.04s Real=0.03s
[2023-01-02T19:54:26.200+0900][gc,start      ] GC(27) Pause Young (Normal) (G1 Evacuation Pause)
[2023-01-02T19:54:26.201+0900][gc,task       ] GC(27) Using 8 workers of 8 for evacuation
[2023-01-02T19:54:26.214+0900][gc,phases     ] GC(27)   Pre Evacuate Collection Set: 0.5ms
[2023-01-02T19:54:26.214+0900][gc,phases     ] GC(27)   Evacuate Collection Set: 11.3ms
[2023-01-02T19:54:26.214+0900][gc,phases     ] GC(27)   Post Evacuate Collection Set: 0.4ms
[2023-01-02T19:54:26.214+0900][gc,phases     ] GC(27)   Other: 1.6ms
[2023-01-02T19:54:26.214+0900][gc,heap       ] GC(27) Eden regions: 46->0(63)
[2023-01-02T19:54:26.214+0900][gc,heap       ] GC(27) Survivor regions: 5->4(7)
[2023-01-02T19:54:26.214+0900][gc,heap       ] GC(27) Old regions: 58->61
[2023-01-02T19:54:26.214+0900][gc,heap       ] GC(27) Humongous regions: 129->129
[2023-01-02T19:54:26.214+0900][gc,metaspace  ] GC(27) Metaspace: 51478K->51478K(1095680K)
[2023-01-02T19:54:26.214+0900][gc            ] GC(27) Pause Young (Normal) (G1 Evacuation Pause) 237M->192M(1024M) 13.916ms
[2023-01-02T19:54:26.214+0900][gc,cpu        ] GC(27) User=0.04s Sys=0.01s Real=0.01s
[2023-01-02T19:59:10.083+0900][gc,start      ] GC(28) Pause Young (Normal) (G1 Evacuation Pause)
[2023-01-02T19:59:10.084+0900][gc,task       ] GC(28) Using 8 workers of 8 for evacuation
[2023-01-02T19:59:10.116+0900][gc,mmu        ] GC(28) MMU target violated: 21.0ms (20.0ms/21.0ms)
[2023-01-02T19:59:10.116+0900][gc,phases     ] GC(28)   Pre Evacuate Collection Set: 1.0ms
[2023-01-02T19:59:10.116+0900][gc,phases     ] GC(28)   Evacuate Collection Set: 29.2ms
[2023-01-02T19:59:10.116+0900][gc,phases     ] GC(28)   Post Evacuate Collection Set: 0.8ms
[2023-01-02T19:59:10.116+0900][gc,phases     ] GC(28)   Other: 2.5ms
[2023-01-02T19:59:10.116+0900][gc,heap       ] GC(28) Eden regions: 55->0(43)
[2023-01-02T19:59:10.116+0900][gc,heap       ] GC(28) Survivor regions: 4->8(8)
[2023-01-02T19:59:10.116+0900][gc,heap       ] GC(28) Old regions: 61->61
[2023-01-02T19:59:10.116+0900][gc,heap       ] GC(28) Humongous regions: 129->129
[2023-01-02T19:59:10.116+0900][gc,metaspace  ] GC(28) Metaspace: 51482K->51482K(1095680K)
[2023-01-02T19:59:10.117+0900][gc            ] GC(28) Pause Young (Normal) (G1 Evacuation Pause) 247M->196M(1024M) 33.694ms
[2023-01-02T19:59:10.117+0900][gc,cpu        ] GC(28) User=0.06s Sys=0.05s Real=0.03s
[2023-01-02T20:02:52.527+0900][gc,start      ] GC(29) Pause Young (Normal) (G1 Evacuation Pause)
[2023-01-02T20:02:52.527+0900][gc,task       ] GC(29) Using 8 workers of 8 for evacuation
[2023-01-02T20:02:52.546+0900][gc,phases     ] GC(29)   Pre Evacuate Collection Set: 0.6ms
[2023-01-02T20:02:52.546+0900][gc,phases     ] GC(29)   Evacuate Collection Set: 16.7ms
[2023-01-02T20:02:52.546+0900][gc,phases     ] GC(29)   Post Evacuate Collection Set: 0.7ms
[2023-01-02T20:02:52.546+0900][gc,phases     ] GC(29)   Other: 0.8ms
[2023-01-02T20:02:52.546+0900][gc,heap       ] GC(29) Eden regions: 43->0(50)
[2023-01-02T20:02:52.546+0900][gc,heap       ] GC(29) Survivor regions: 8->4(7)
[2023-01-02T20:02:52.546+0900][gc,heap       ] GC(29) Old regions: 61->65
[2023-01-02T20:02:52.546+0900][gc,heap       ] GC(29) Humongous regions: 129->129
[2023-01-02T20:02:52.546+0900][gc,metaspace  ] GC(29) Metaspace: 51494K->51494K(1095680K)
[2023-01-02T20:02:52.546+0900][gc            ] GC(29) Pause Young (Normal) (G1 Evacuation Pause) 239M->196M(1024M) 19.077ms
[2023-01-02T20:02:52.546+0900][gc,cpu        ] GC(29) User=0.05s Sys=0.02s Real=0.02s
[2023-01-02T20:07:10.572+0900][gc,start      ] GC(30) Pause Young (Normal) (G1 Evacuation Pause)
[2023-01-02T20:07:10.573+0900][gc,task       ] GC(30) Using 8 workers of 8 for evacuation
[2023-01-02T20:07:10.592+0900][gc,phases     ] GC(30)   Pre Evacuate Collection Set: 0.2ms
[2023-01-02T20:07:10.592+0900][gc,phases     ] GC(30)   Evacuate Collection Set: 17.9ms
[2023-01-02T20:07:10.592+0900][gc,phases     ] GC(30)   Post Evacuate Collection Set: 0.4ms
[2023-01-02T20:07:10.592+0900][gc,phases     ] GC(30)   Other: 1.9ms
[2023-01-02T20:07:10.592+0900][gc,heap       ] GC(30) Eden regions: 50->0(44)
[2023-01-02T20:07:10.592+0900][gc,heap       ] GC(30) Survivor regions: 4->7(7)
[2023-01-02T20:07:10.592+0900][gc,heap       ] GC(30) Old regions: 65->65
[2023-01-02T20:07:10.592+0900][gc,heap       ] GC(30) Humongous regions: 129->129
[2023-01-02T20:07:10.592+0900][gc,metaspace  ] GC(30) Metaspace: 51495K->51495K(1095680K)
[2023-01-02T20:07:10.592+0900][gc            ] GC(30) Pause Young (Normal) (G1 Evacuation Pause) 246M->200M(1024M) 20.441ms
[2023-01-02T20:07:10.592+0900][gc,cpu        ] GC(30) User=0.06s Sys=0.02s Real=0.02s
[2023-01-02T20:10:56.982+0900][gc,start      ] GC(31) Pause Young (Normal) (G1 Evacuation Pause)
[2023-01-02T20:10:56.982+0900][gc,task       ] GC(31) Using 8 workers of 8 for evacuation
[2023-01-02T20:10:57.001+0900][gc,phases     ] GC(31)   Pre Evacuate Collection Set: 0.7ms
[2023-01-02T20:10:57.001+0900][gc,phases     ] GC(31)   Evacuate Collection Set: 16.7ms
[2023-01-02T20:10:57.001+0900][gc,phases     ] GC(31)   Post Evacuate Collection Set: 0.6ms
[2023-01-02T20:10:57.001+0900][gc,phases     ] GC(31)   Other: 0.9ms
[2023-01-02T20:10:57.001+0900][gc,heap       ] GC(31) Eden regions: 44->0(59)
[2023-01-02T20:10:57.001+0900][gc,heap       ] GC(31) Survivor regions: 7->3(7)
[2023-01-02T20:10:57.001+0900][gc,heap       ] GC(31) Old regions: 65->70
[2023-01-02T20:10:57.001+0900][gc,heap       ] GC(31) Humongous regions: 129->129
[2023-01-02T20:10:57.001+0900][gc,metaspace  ] GC(31) Metaspace: 51499K->51499K(1095680K)
[2023-01-02T20:10:57.001+0900][gc            ] GC(31) Pause Young (Normal) (G1 Evacuation Pause) 244M->200M(1024M) 19.039ms
[2023-01-02T20:10:57.001+0900][gc,cpu        ] GC(31) User=0.05s Sys=0.02s Real=0.02s
[2023-01-02T20:15:41.153+0900][gc,start      ] GC(32) Pause Young (Normal) (G1 Evacuation Pause)
[2023-01-02T20:15:41.154+0900][gc,task       ] GC(32) Using 8 workers of 8 for evacuation
[2023-01-02T20:15:41.182+0900][gc,mmu        ] GC(32) MMU target violated: 21.0ms (20.0ms/21.0ms)
[2023-01-02T20:15:41.182+0900][gc,phases     ] GC(32)   Pre Evacuate Collection Set: 1.5ms
[2023-01-02T20:15:41.182+0900][gc,phases     ] GC(32)   Evacuate Collection Set: 24.2ms
[2023-01-02T20:15:41.182+0900][gc,phases     ] GC(32)   Post Evacuate Collection Set: 0.9ms
[2023-01-02T20:15:41.182+0900][gc,phases     ] GC(32)   Other: 2.6ms
[2023-01-02T20:15:41.182+0900][gc,heap       ] GC(32) Eden regions: 55->0(44)
[2023-01-02T20:15:41.182+0900][gc,heap       ] GC(32) Survivor regions: 3->7(8)
[2023-01-02T20:15:41.182+0900][gc,heap       ] GC(32) Old regions: 70->70
[2023-01-02T20:15:41.182+0900][gc,heap       ] GC(32) Humongous regions: 129->129
[2023-01-02T20:15:41.182+0900][gc,metaspace  ] GC(32) Metaspace: 51505K->51505K(1095680K)
[2023-01-02T20:15:41.182+0900][gc            ] GC(32) Pause Young (Normal) (G1 Evacuation Pause) 255M->204M(1024M) 29.275ms
[2023-01-02T20:15:41.182+0900][gc,cpu        ] GC(32) User=0.06s Sys=0.03s Real=0.03s
[2023-01-02T20:19:28.672+0900][gc,start      ] GC(33) Pause Young (Normal) (G1 Evacuation Pause)
[2023-01-02T20:19:28.673+0900][gc,task       ] GC(33) Using 8 workers of 8 for evacuation
[2023-01-02T20:19:28.683+0900][gc,phases     ] GC(33)   Pre Evacuate Collection Set: 0.4ms
[2023-01-02T20:19:28.683+0900][gc,phases     ] GC(33)   Evacuate Collection Set: 8.6ms
[2023-01-02T20:19:28.683+0900][gc,phases     ] GC(33)   Post Evacuate Collection Set: 0.4ms
[2023-01-02T20:19:28.683+0900][gc,phases     ] GC(33)   Other: 1.2ms
[2023-01-02T20:19:28.683+0900][gc,heap       ] GC(33) Eden regions: 44->0(51)
[2023-01-02T20:19:28.683+0900][gc,heap       ] GC(33) Survivor regions: 7->3(7)
[2023-01-02T20:19:28.683+0900][gc,heap       ] GC(33) Old regions: 70->74
[2023-01-02T20:19:28.683+0900][gc,heap       ] GC(33) Humongous regions: 129->129
[2023-01-02T20:19:28.683+0900][gc,metaspace  ] GC(33) Metaspace: 51507K->51507K(1095680K)
[2023-01-02T20:19:28.683+0900][gc            ] GC(33) Pause Young (Normal) (G1 Evacuation Pause) 248M->205M(1024M) 10.631ms
[2023-01-02T20:19:28.683+0900][gc,cpu        ] GC(33) User=0.03s Sys=0.03s Real=0.01s
[2023-01-02T20:23:52.712+0900][gc,start      ] GC(34) Pause Young (Normal) (G1 Evacuation Pause)
[2023-01-02T20:23:52.713+0900][gc,task       ] GC(34) Using 8 workers of 8 for evacuation
[2023-01-02T20:23:52.738+0900][gc,mmu        ] GC(34) MMU target violated: 21.0ms (20.0ms/21.0ms)
[2023-01-02T20:23:52.738+0900][gc,phases     ] GC(34)   Pre Evacuate Collection Set: 0.6ms
[2023-01-02T20:23:52.738+0900][gc,phases     ] GC(34)   Evacuate Collection Set: 23.7ms
[2023-01-02T20:23:52.738+0900][gc,phases     ] GC(34)   Post Evacuate Collection Set: 0.8ms
[2023-01-02T20:23:52.738+0900][gc,phases     ] GC(34)   Other: 1.1ms
[2023-01-02T20:23:52.738+0900][gc,heap       ] GC(34) Eden regions: 51->0(44)
[2023-01-02T20:23:52.738+0900][gc,heap       ] GC(34) Survivor regions: 3->7(7)
[2023-01-02T20:23:52.738+0900][gc,heap       ] GC(34) Old regions: 74->74
[2023-01-02T20:23:52.738+0900][gc,heap       ] GC(34) Humongous regions: 129->129
[2023-01-02T20:23:52.739+0900][gc,metaspace  ] GC(34) Metaspace: 51510K->51510K(1095680K)
[2023-01-02T20:23:52.739+0900][gc            ] GC(34) Pause Young (Normal) (G1 Evacuation Pause) 256M->209M(1024M) 26.354ms
[2023-01-02T20:23:52.739+0900][gc,cpu        ] GC(34) User=0.05s Sys=0.03s Real=0.02s
[2023-01-02T20:27:25.972+0900][gc,start      ] GC(35) Pause Young (Normal) (G1 Evacuation Pause)
[2023-01-02T20:27:25.973+0900][gc,task       ] GC(35) Using 8 workers of 8 for evacuation
[2023-01-02T20:27:26.001+0900][gc,mmu        ] GC(35) MMU target violated: 21.0ms (20.0ms/21.0ms)
[2023-01-02T20:27:26.002+0900][gc,phases     ] GC(35)   Pre Evacuate Collection Set: 1.0ms
[2023-01-02T20:27:26.002+0900][gc,phases     ] GC(35)   Evacuate Collection Set: 26.3ms
[2023-01-02T20:27:26.002+0900][gc,phases     ] GC(35)   Post Evacuate Collection Set: 0.7ms
[2023-01-02T20:27:26.002+0900][gc,phases     ] GC(35)   Other: 1.9ms
[2023-01-02T20:27:26.002+0900][gc,heap       ] GC(35) Eden regions: 44->0(44)
[2023-01-02T20:27:26.002+0900][gc,heap       ] GC(35) Survivor regions: 7->7(7)
[2023-01-02T20:27:26.002+0900][gc,heap       ] GC(35) Old regions: 74->79
[2023-01-02T20:27:26.002+0900][gc,heap       ] GC(35) Humongous regions: 129->129
[2023-01-02T20:27:26.002+0900][gc,metaspace  ] GC(35) Metaspace: 51510K->51510K(1095680K)
[2023-01-02T20:27:26.002+0900][gc            ] GC(35) Pause Young (Normal) (G1 Evacuation Pause) 253M->213M(1024M) 30.043ms
[2023-01-02T20:27:26.002+0900][gc,cpu        ] GC(35) User=0.07s Sys=0.04s Real=0.03s
[2023-01-02T20:31:11.188+0900][gc,start      ] GC(36) Pause Young (Normal) (G1 Evacuation Pause)
[2023-01-02T20:31:11.188+0900][gc,task       ] GC(36) Using 8 workers of 8 for evacuation
[2023-01-02T20:31:11.203+0900][gc,phases     ] GC(36)   Pre Evacuate Collection Set: 0.3ms
[2023-01-02T20:31:11.217+0900][gc,phases     ] GC(36)   Evacuate Collection Set: 14.0ms
[2023-01-02T20:31:11.217+0900][gc,phases     ] GC(36)   Post Evacuate Collection Set: 0.4ms
[2023-01-02T20:31:11.217+0900][gc,phases     ] GC(36)   Other: 1.1ms
[2023-01-02T20:31:11.217+0900][gc,heap       ] GC(36) Eden regions: 44->0(50)
[2023-01-02T20:31:11.217+0900][gc,heap       ] GC(36) Survivor regions: 7->3(7)
[2023-01-02T20:31:11.217+0900][gc,heap       ] GC(36) Old regions: 79->81
[2023-01-02T20:31:11.217+0900][gc,heap       ] GC(36) Humongous regions: 129->129
[2023-01-02T20:31:11.217+0900][gc,metaspace  ] GC(36) Metaspace: 51514K->51514K(1095680K)
[2023-01-02T20:31:11.217+0900][gc            ] GC(36) Pause Young (Normal) (G1 Evacuation Pause) 257M->212M(1024M) 29.457ms
[2023-01-02T20:31:11.218+0900][gc,cpu        ] GC(36) User=0.03s Sys=0.03s Real=0.03s
[2023-01-02T20:35:30.132+0900][gc,start      ] GC(37) Pause Young (Normal) (G1 Evacuation Pause)
[2023-01-02T20:35:30.133+0900][gc,task       ] GC(37) Using 8 workers of 8 for evacuation
[2023-01-02T20:35:30.151+0900][gc,phases     ] GC(37)   Pre Evacuate Collection Set: 0.9ms
[2023-01-02T20:35:30.151+0900][gc,phases     ] GC(37)   Evacuate Collection Set: 16.0ms
[2023-01-02T20:35:30.151+0900][gc,phases     ] GC(37)   Post Evacuate Collection Set: 0.6ms
[2023-01-02T20:35:30.152+0900][gc,phases     ] GC(37)   Other: 1.7ms
[2023-01-02T20:35:30.152+0900][gc,heap       ] GC(37) Eden regions: 50->0(45)
[2023-01-02T20:35:30.152+0900][gc,heap       ] GC(37) Survivor regions: 3->6(7)
[2023-01-02T20:35:30.152+0900][gc,heap       ] GC(37) Old regions: 81->81
[2023-01-02T20:35:30.152+0900][gc,heap       ] GC(37) Humongous regions: 129->129
[2023-01-02T20:35:30.152+0900][gc,metaspace  ] GC(37) Metaspace: 51532K->51532K(1095680K)
[2023-01-02T20:35:30.152+0900][gc            ] GC(37) Pause Young (Normal) (G1 Evacuation Pause) 262M->215M(1024M) 19.478ms
[2023-01-02T20:35:30.152+0900][gc,cpu        ] GC(37) User=0.04s Sys=0.02s Real=0.02s
[2023-01-02T20:39:21.502+0900][gc,start      ] GC(38) Pause Young (Normal) (G1 Evacuation Pause)
[2023-01-02T20:39:21.504+0900][gc,task       ] GC(38) Using 8 workers of 8 for evacuation
[2023-01-02T20:39:21.529+0900][gc,mmu        ] GC(38) MMU target violated: 21.0ms (20.0ms/21.0ms)
[2023-01-02T20:39:21.530+0900][gc,phases     ] GC(38)   Pre Evacuate Collection Set: 1.3ms
[2023-01-02T20:39:21.530+0900][gc,phases     ] GC(38)   Evacuate Collection Set: 22.9ms
[2023-01-02T20:39:21.530+0900][gc,phases     ] GC(38)   Post Evacuate Collection Set: 0.8ms
[2023-01-02T20:39:21.530+0900][gc,phases     ] GC(38)   Other: 2.6ms
[2023-01-02T20:39:21.530+0900][gc,heap       ] GC(38) Eden regions: 45->0(48)
[2023-01-02T20:39:21.530+0900][gc,heap       ] GC(38) Survivor regions: 6->3(7)
[2023-01-02T20:39:21.530+0900][gc,heap       ] GC(38) Old regions: 81->85
[2023-01-02T20:39:21.530+0900][gc,heap       ] GC(38) Humongous regions: 129->129
[2023-01-02T20:39:21.530+0900][gc,metaspace  ] GC(38) Metaspace: 51567K->51567K(1095680K)
[2023-01-02T20:39:21.530+0900][gc            ] GC(38) Pause Young (Normal) (G1 Evacuation Pause) 260M->216M(1024M) 27.617ms
[2023-01-02T20:39:21.530+0900][gc,cpu        ] GC(38) User=0.05s Sys=0.03s Real=0.03s
[2023-01-02T20:43:30.928+0900][gc,start      ] GC(39) Pause Young (Normal) (G1 Evacuation Pause)
[2023-01-02T20:43:30.930+0900][gc,task       ] GC(39) Using 8 workers of 8 for evacuation
[2023-01-02T20:43:30.962+0900][gc,mmu        ] GC(39) MMU target violated: 21.0ms (20.0ms/21.0ms)
[2023-01-02T20:43:30.962+0900][gc,phases     ] GC(39)   Pre Evacuate Collection Set: 1.1ms
[2023-01-02T20:43:30.962+0900][gc,phases     ] GC(39)   Evacuate Collection Set: 29.6ms
[2023-01-02T20:43:30.962+0900][gc,phases     ] GC(39)   Post Evacuate Collection Set: 0.5ms
[2023-01-02T20:43:30.962+0900][gc,phases     ] GC(39)   Other: 2.4ms
[2023-01-02T20:43:30.962+0900][gc,heap       ] GC(39) Eden regions: 48->0(44)
[2023-01-02T20:43:30.962+0900][gc,heap       ] GC(39) Survivor regions: 3->7(7)
[2023-01-02T20:43:30.962+0900][gc,heap       ] GC(39) Old regions: 85->85
[2023-01-02T20:43:30.962+0900][gc,heap       ] GC(39) Humongous regions: 129->129
[2023-01-02T20:43:30.962+0900][gc,metaspace  ] GC(39) Metaspace: 51570K->51570K(1095680K)
[2023-01-02T20:43:30.962+0900][gc            ] GC(39) Pause Young (Normal) (G1 Evacuation Pause) 264M->219M(1024M) 33.730ms
[2023-01-02T20:43:30.962+0900][gc,cpu        ] GC(39) User=0.05s Sys=0.03s Real=0.04s
[2023-01-02T20:47:17.636+0900][gc,start      ] GC(40) Pause Young (Normal) (G1 Evacuation Pause)
[2023-01-02T20:47:17.637+0900][gc,task       ] GC(40) Using 8 workers of 8 for evacuation
[2023-01-02T20:47:17.666+0900][gc,mmu        ] GC(40) MMU target violated: 21.0ms (20.0ms/21.0ms)
[2023-01-02T20:47:17.666+0900][gc,phases     ] GC(40)   Pre Evacuate Collection Set: 0.6ms
[2023-01-02T20:47:17.666+0900][gc,phases     ] GC(40)   Evacuate Collection Set: 27.4ms
[2023-01-02T20:47:17.666+0900][gc,phases     ] GC(40)   Post Evacuate Collection Set: 0.6ms
[2023-01-02T20:47:17.666+0900][gc,phases     ] GC(40)   Other: 1.0ms
[2023-01-02T20:47:17.666+0900][gc,heap       ] GC(40) Eden regions: 44->0(45)
[2023-01-02T20:47:17.666+0900][gc,heap       ] GC(40) Survivor regions: 7->6(7)
[2023-01-02T20:47:17.666+0900][gc,heap       ] GC(40) Old regions: 85->89
[2023-01-02T20:47:17.666+0900][gc,heap       ] GC(40) Humongous regions: 129->129
[2023-01-02T20:47:17.666+0900][gc,metaspace  ] GC(40) Metaspace: 51570K->51570K(1095680K)
[2023-01-02T20:47:17.666+0900][gc            ] GC(40) Pause Young (Normal) (G1 Evacuation Pause) 263M->223M(1024M) 29.637ms
[2023-01-02T20:47:17.666+0900][gc,cpu        ] GC(40) User=0.04s Sys=0.04s Real=0.03s
[2023-01-02T20:51:10.557+0900][gc,start      ] GC(41) Pause Young (Normal) (G1 Evacuation Pause)
[2023-01-02T20:51:10.558+0900][gc,task       ] GC(41) Using 8 workers of 8 for evacuation
[2023-01-02T20:51:10.577+0900][gc,phases     ] GC(41)   Pre Evacuate Collection Set: 1.1ms
[2023-01-02T20:51:10.577+0900][gc,phases     ] GC(41)   Evacuate Collection Set: 15.8ms
[2023-01-02T20:51:10.577+0900][gc,phases     ] GC(41)   Post Evacuate Collection Set: 0.7ms
[2023-01-02T20:51:10.577+0900][gc,phases     ] GC(41)   Other: 2.2ms
[2023-01-02T20:51:10.577+0900][gc,heap       ] GC(41) Eden regions: 45->0(47)
[2023-01-02T20:51:10.577+0900][gc,heap       ] GC(41) Survivor regions: 6->4(7)
[2023-01-02T20:51:10.577+0900][gc,heap       ] GC(41) Old regions: 89->92
[2023-01-02T20:51:10.577+0900][gc,heap       ] GC(41) Humongous regions: 129->129
[2023-01-02T20:51:10.577+0900][gc,metaspace  ] GC(41) Metaspace: 51572K->51572K(1095680K)
[2023-01-02T20:51:10.577+0900][gc            ] GC(41) Pause Young (Normal) (G1 Evacuation Pause) 268M->223M(1024M) 19.956ms
[2023-01-02T20:51:10.577+0900][gc,cpu        ] GC(41) User=0.04s Sys=0.03s Real=0.02s
[2023-01-02T20:55:14.131+0900][gc,start      ] GC(42) Pause Young (Normal) (G1 Evacuation Pause)
[2023-01-02T20:55:14.133+0900][gc,task       ] GC(42) Using 8 workers of 8 for evacuation
[2023-01-02T20:55:14.158+0900][gc,mmu        ] GC(42) MMU target violated: 21.0ms (20.0ms/21.0ms)
[2023-01-02T20:55:14.158+0900][gc,phases     ] GC(42)   Pre Evacuate Collection Set: 1.4ms
[2023-01-02T20:55:14.158+0900][gc,phases     ] GC(42)   Evacuate Collection Set: 22.3ms
[2023-01-02T20:55:14.158+0900][gc,phases     ] GC(42)   Post Evacuate Collection Set: 0.8ms
[2023-01-02T20:55:14.158+0900][gc,phases     ] GC(42)   Other: 2.4ms
[2023-01-02T20:55:14.158+0900][gc,heap       ] GC(42) Eden regions: 47->0(44)
[2023-01-02T20:55:14.158+0900][gc,heap       ] GC(42) Survivor regions: 4->7(7)
[2023-01-02T20:55:14.158+0900][gc,heap       ] GC(42) Old regions: 92->92
[2023-01-02T20:55:14.158+0900][gc,heap       ] GC(42) Humongous regions: 129->129
[2023-01-02T20:55:14.158+0900][gc,metaspace  ] GC(42) Metaspace: 51572K->51572K(1095680K)
[2023-01-02T20:55:14.158+0900][gc            ] GC(42) Pause Young (Normal) (G1 Evacuation Pause) 270M->226M(1024M) 27.030ms
[2023-01-02T20:55:14.158+0900][gc,cpu        ] GC(42) User=0.05s Sys=0.03s Real=0.02s
[2023-01-02T20:58:59.195+0900][gc,start      ] GC(43) Pause Young (Normal) (G1 Evacuation Pause)
[2023-01-02T20:58:59.197+0900][gc,task       ] GC(43) Using 8 workers of 8 for evacuation
[2023-01-02T20:58:59.219+0900][gc,mmu        ] GC(43) MMU target violated: 21.0ms (20.0ms/21.0ms)
[2023-01-02T20:58:59.219+0900][gc,phases     ] GC(43)   Pre Evacuate Collection Set: 1.1ms
[2023-01-02T20:58:59.220+0900][gc,phases     ] GC(43)   Evacuate Collection Set: 20.0ms
[2023-01-02T20:58:59.220+0900][gc,phases     ] GC(43)   Post Evacuate Collection Set: 0.6ms
[2023-01-02T20:58:59.220+0900][gc,phases     ] GC(43)   Other: 2.4ms
[2023-01-02T20:58:59.220+0900][gc,heap       ] GC(43) Eden regions: 44->0(48)
[2023-01-02T20:58:59.220+0900][gc,heap       ] GC(43) Survivor regions: 7->3(7)
[2023-01-02T20:58:59.220+0900][gc,heap       ] GC(43) Old regions: 92->96
[2023-01-02T20:58:59.220+0900][gc,heap       ] GC(43) Humongous regions: 129->129
[2023-01-02T20:58:59.220+0900][gc,metaspace  ] GC(43) Metaspace: 51576K->51576K(1095680K)
[2023-01-02T20:58:59.220+0900][gc            ] GC(43) Pause Young (Normal) (G1 Evacuation Pause) 270M->227M(1024M) 24.164ms
[2023-01-02T20:58:59.220+0900][gc,cpu        ] GC(43) User=0.05s Sys=0.03s Real=0.03s
[2023-01-02T21:03:07.117+0900][gc,start      ] GC(44) Pause Young (Normal) (G1 Evacuation Pause)
[2023-01-02T21:03:07.118+0900][gc,task       ] GC(44) Using 8 workers of 8 for evacuation
[2023-01-02T21:03:07.139+0900][gc,mmu        ] GC(44) MMU target violated: 20.8ms (20.0ms/21.0ms)
[2023-01-02T21:03:07.139+0900][gc,phases     ] GC(44)   Pre Evacuate Collection Set: 0.3ms
[2023-01-02T21:03:07.139+0900][gc,phases     ] GC(44)   Evacuate Collection Set: 19.6ms
[2023-01-02T21:03:07.139+0900][gc,phases     ] GC(44)   Post Evacuate Collection Set: 0.5ms
[2023-01-02T21:03:07.139+0900][gc,phases     ] GC(44)   Other: 1.7ms
[2023-01-02T21:03:07.139+0900][gc,heap       ] GC(44) Eden regions: 48->0(44)
[2023-01-02T21:03:07.139+0900][gc,heap       ] GC(44) Survivor regions: 3->7(7)
[2023-01-02T21:03:07.139+0900][gc,heap       ] GC(44) Old regions: 96->96
[2023-01-02T21:03:07.139+0900][gc,heap       ] GC(44) Humongous regions: 129->129
[2023-01-02T21:03:07.139+0900][gc,metaspace  ] GC(44) Metaspace: 51577K->51577K(1095680K)
[2023-01-02T21:03:07.139+0900][gc            ] GC(44) Pause Young (Normal) (G1 Evacuation Pause) 275M->230M(1024M) 22.225ms
[2023-01-02T21:03:07.139+0900][gc,cpu        ] GC(44) User=0.05s Sys=0.02s Real=0.02s
[2023-01-02T21:06:53.867+0900][gc,start      ] GC(45) Pause Young (Normal) (G1 Evacuation Pause)
[2023-01-02T21:06:53.868+0900][gc,task       ] GC(45) Using 8 workers of 8 for evacuation
[2023-01-02T21:06:53.892+0900][gc,mmu        ] GC(45) MMU target violated: 21.0ms (20.0ms/21.0ms)
[2023-01-02T21:06:53.892+0900][gc,phases     ] GC(45)   Pre Evacuate Collection Set: 1.0ms
[2023-01-02T21:06:53.893+0900][gc,phases     ] GC(45)   Evacuate Collection Set: 22.3ms
[2023-01-02T21:06:53.893+0900][gc,phases     ] GC(45)   Post Evacuate Collection Set: 0.8ms
[2023-01-02T21:06:53.893+0900][gc,phases     ] GC(45)   Other: 1.8ms
[2023-01-02T21:06:53.893+0900][gc,heap       ] GC(45) Eden regions: 44->0(45)
[2023-01-02T21:06:53.893+0900][gc,heap       ] GC(45) Survivor regions: 7->6(7)
[2023-01-02T21:06:53.893+0900][gc,heap       ] GC(45) Old regions: 96->100
[2023-01-02T21:06:53.893+0900][gc,heap       ] GC(45) Humongous regions: 129->129
[2023-01-02T21:06:53.893+0900][gc,metaspace  ] GC(45) Metaspace: 51577K->51577K(1095680K)
[2023-01-02T21:06:53.893+0900][gc            ] GC(45) Pause Young (Normal) (G1 Evacuation Pause) 274M->233M(1024M) 25.994ms
[2023-01-02T21:06:53.893+0900][gc,cpu        ] GC(45) User=0.07s Sys=0.02s Real=0.03s
[2023-01-02T21:10:45.505+0900][gc,start      ] GC(46) Pause Young (Normal) (G1 Evacuation Pause)
[2023-01-02T21:10:45.506+0900][gc,task       ] GC(46) Using 8 workers of 8 for evacuation
[2023-01-02T21:10:45.525+0900][gc,phases     ] GC(46)   Pre Evacuate Collection Set: 0.1ms
[2023-01-02T21:10:45.525+0900][gc,phases     ] GC(46)   Evacuate Collection Set: 17.6ms
[2023-01-02T21:10:45.525+0900][gc,phases     ] GC(46)   Post Evacuate Collection Set: 0.6ms
[2023-01-02T21:10:45.525+0900][gc,phases     ] GC(46)   Other: 2.0ms
[2023-01-02T21:10:45.525+0900][gc,heap       ] GC(46) Eden regions: 45->0(49)
[2023-01-02T21:10:45.525+0900][gc,heap       ] GC(46) Survivor regions: 6->4(7)
[2023-01-02T21:10:45.525+0900][gc,heap       ] GC(46) Old regions: 100->102
[2023-01-02T21:10:45.525+0900][gc,heap       ] GC(46) Humongous regions: 129->129
[2023-01-02T21:10:45.525+0900][gc,metaspace  ] GC(46) Metaspace: 51577K->51577K(1095680K)
[2023-01-02T21:10:45.525+0900][gc            ] GC(46) Pause Young (Normal) (G1 Evacuation Pause) 278M->234M(1024M) 20.654ms
[2023-01-02T21:10:45.525+0900][gc,cpu        ] GC(46) User=0.06s Sys=0.01s Real=0.02s
[2023-01-02T21:14:58.920+0900][gc,start      ] GC(47) Pause Young (Normal) (G1 Evacuation Pause)
[2023-01-02T21:14:58.921+0900][gc,task       ] GC(47) Using 8 workers of 8 for evacuation
[2023-01-02T21:14:58.937+0900][gc,phases     ] GC(47)   Pre Evacuate Collection Set: 0.1ms
[2023-01-02T21:14:58.937+0900][gc,phases     ] GC(47)   Evacuate Collection Set: 14.7ms
[2023-01-02T21:14:58.937+0900][gc,phases     ] GC(47)   Post Evacuate Collection Set: 0.6ms
[2023-01-02T21:14:58.937+0900][gc,phases     ] GC(47)   Other: 1.5ms
[2023-01-02T21:14:58.937+0900][gc,heap       ] GC(47) Eden regions: 49->0(46)
[2023-01-02T21:14:58.937+0900][gc,heap       ] GC(47) Survivor regions: 4->7(7)
[2023-01-02T21:14:58.937+0900][gc,heap       ] GC(47) Old regions: 102->102
[2023-01-02T21:14:58.937+0900][gc,heap       ] GC(47) Humongous regions: 129->129
[2023-01-02T21:14:58.937+0900][gc,metaspace  ] GC(47) Metaspace: 51577K->51577K(1095680K)
[2023-01-02T21:14:58.937+0900][gc            ] GC(47) Pause Young (Normal) (G1 Evacuation Pause) 283M->237M(1024M) 17.040ms
[2023-01-02T21:14:58.937+0900][gc,cpu        ] GC(47) User=0.06s Sys=0.01s Real=0.01s
[2023-01-02T21:18:45.416+0900][gc,start      ] GC(48) Pause Young (Normal) (G1 Evacuation Pause)
[2023-01-02T21:18:45.417+0900][gc,task       ] GC(48) Using 8 workers of 8 for evacuation
[2023-01-02T21:18:45.438+0900][gc,mmu        ] GC(48) MMU target violated: 20.3ms (20.0ms/21.0ms)
[2023-01-02T21:18:45.438+0900][gc,phases     ] GC(48)   Pre Evacuate Collection Set: 1.3ms
[2023-01-02T21:18:45.438+0900][gc,phases     ] GC(48)   Evacuate Collection Set: 18.0ms
[2023-01-02T21:18:45.438+0900][gc,phases     ] GC(48)   Post Evacuate Collection Set: 0.6ms
[2023-01-02T21:18:45.438+0900][gc,phases     ] GC(48)   Other: 2.2ms
[2023-01-02T21:18:45.438+0900][gc,heap       ] GC(48) Eden regions: 44->0(57)
[2023-01-02T21:18:45.438+0900][gc,heap       ] GC(48) Survivor regions: 7->4(7)
[2023-01-02T21:18:45.438+0900][gc,heap       ] GC(48) Old regions: 102->107
[2023-01-02T21:18:45.438+0900][gc,heap       ] GC(48) Humongous regions: 129->129
[2023-01-02T21:18:45.438+0900][gc,metaspace  ] GC(48) Metaspace: 51581K->51581K(1095680K)
[2023-01-02T21:18:45.438+0900][gc            ] GC(48) Pause Young (Normal) (G1 Evacuation Pause) 281M->238M(1024M) 22.231ms
[2023-01-02T21:18:45.438+0900][gc,cpu        ] GC(48) User=0.04s Sys=0.02s Real=0.02s
[2023-01-02T21:23:39.334+0900][gc,start      ] GC(49) Pause Young (Normal) (G1 Evacuation Pause)
[2023-01-02T21:23:39.336+0900][gc,task       ] GC(49) Using 8 workers of 8 for evacuation
[2023-01-02T21:23:39.360+0900][gc,mmu        ] GC(49) MMU target violated: 21.0ms (20.0ms/21.0ms)
[2023-01-02T21:23:39.361+0900][gc,phases     ] GC(49)   Pre Evacuate Collection Set: 0.9ms
[2023-01-02T21:23:39.361+0900][gc,phases     ] GC(49)   Evacuate Collection Set: 22.7ms
[2023-01-02T21:23:39.361+0900][gc,phases     ] GC(49)   Post Evacuate Collection Set: 0.6ms
[2023-01-02T21:23:39.361+0900][gc,phases     ] GC(49)   Other: 3.0ms
[2023-01-02T21:23:39.361+0900][gc,heap       ] GC(49) Eden regions: 57->0(44)
[2023-01-02T21:23:39.361+0900][gc,heap       ] GC(49) Survivor regions: 4->8(8)
[2023-01-02T21:23:39.361+0900][gc,heap       ] GC(49) Old regions: 107->107
[2023-01-02T21:23:39.361+0900][gc,heap       ] GC(49) Humongous regions: 129->129
[2023-01-02T21:23:39.361+0900][gc,metaspace  ] GC(49) Metaspace: 51591K->51591K(1095680K)
[2023-01-02T21:23:39.361+0900][gc            ] GC(49) Pause Young (Normal) (G1 Evacuation Pause) 295M->242M(1024M) 26.762ms
[2023-01-02T21:23:39.361+0900][gc,cpu        ] GC(49) User=0.07s Sys=0.02s Real=0.03s
[2023-01-02T21:27:11.012+0900][gc,start      ] GC(50) Pause Young (Normal) (G1 Evacuation Pause)
[2023-01-02T21:27:11.013+0900][gc,task       ] GC(50) Using 8 workers of 8 for evacuation
[2023-01-02T21:27:11.028+0900][gc,phases     ] GC(50)   Pre Evacuate Collection Set: 0.2ms
[2023-01-02T21:27:11.028+0900][gc,phases     ] GC(50)   Evacuate Collection Set: 14.0ms
[2023-01-02T21:27:11.028+0900][gc,phases     ] GC(50)   Post Evacuate Collection Set: 0.5ms
[2023-01-02T21:27:11.028+0900][gc,phases     ] GC(50)   Other: 2.1ms
[2023-01-02T21:27:11.028+0900][gc,heap       ] GC(50) Eden regions: 44->0(53)
[2023-01-02T21:27:11.028+0900][gc,heap       ] GC(50) Survivor regions: 8->5(7)
[2023-01-02T21:27:11.028+0900][gc,heap       ] GC(50) Old regions: 107->111
[2023-01-02T21:27:11.028+0900][gc,heap       ] GC(50) Humongous regions: 129->129
[2023-01-02T21:27:11.028+0900][gc,metaspace  ] GC(50) Metaspace: 51592K->51592K(1095680K)
[2023-01-02T21:27:11.028+0900][gc            ] GC(50) Pause Young (Normal) (G1 Evacuation Pause) 286M->244M(1024M) 16.875ms
[2023-01-02T21:27:11.028+0900][gc,cpu        ] GC(50) User=0.07s Sys=0.02s Real=0.01s
[2023-01-02T21:31:06.610+0900][gc,start      ] GC(51) Pause Young (Normal) (G1 Evacuation Pause)
[2023-01-02T21:31:06.611+0900][gc,task       ] GC(51) Using 8 workers of 8 for evacuation
[2023-01-02T21:31:06.635+0900][gc,mmu        ] GC(51) MMU target violated: 21.0ms (20.0ms/21.0ms)
[2023-01-02T21:31:06.635+0900][gc,phases     ] GC(51)   Pre Evacuate Collection Set: 1.2ms
[2023-01-02T21:31:06.635+0900][gc,phases     ] GC(51)   Evacuate Collection Set: 21.0ms
[2023-01-02T21:31:06.635+0900][gc,phases     ] GC(51)   Post Evacuate Collection Set: 0.7ms
[2023-01-02T21:31:06.635+0900][gc,phases     ] GC(51)   Other: 2.2ms
[2023-01-02T21:31:06.635+0900][gc,heap       ] GC(51) Eden regions: 46->0(50)
[2023-01-02T21:31:06.635+0900][gc,heap       ] GC(51) Survivor regions: 5->4(7)
[2023-01-02T21:31:06.635+0900][gc,heap       ] GC(51) Old regions: 111->114
[2023-01-02T21:31:06.635+0900][gc,heap       ] GC(51) Humongous regions: 129->129
[2023-01-02T21:31:06.635+0900][gc,metaspace  ] GC(51) Metaspace: 51595K->51595K(1095680K)
[2023-01-02T21:31:06.635+0900][gc            ] GC(51) Pause Young (Normal) (G1 Evacuation Pause) 290M->246M(1024M) 25.167ms
[2023-01-02T21:31:06.635+0900][gc,cpu        ] GC(51) User=0.05s Sys=0.04s Real=0.02s
[2023-01-02T21:35:23.978+0900][gc,start      ] GC(52) Pause Young (Normal) (G1 Evacuation Pause)
[2023-01-02T21:35:23.979+0900][gc,task       ] GC(52) Using 8 workers of 8 for evacuation
[2023-01-02T21:35:23.995+0900][gc,phases     ] GC(52)   Pre Evacuate Collection Set: 0.1ms
[2023-01-02T21:35:23.996+0900][gc,phases     ] GC(52)   Evacuate Collection Set: 14.6ms
[2023-01-02T21:35:23.996+0900][gc,phases     ] GC(52)   Post Evacuate Collection Set: 0.6ms
[2023-01-02T21:35:23.996+0900][gc,phases     ] GC(52)   Other: 2.0ms
[2023-01-02T21:35:23.996+0900][gc,heap       ] GC(52) Eden regions: 50->0(55)
[2023-01-02T21:35:23.996+0900][gc,heap       ] GC(52) Survivor regions: 4->5(7)
[2023-01-02T21:35:23.996+0900][gc,heap       ] GC(52) Old regions: 114->114
[2023-01-02T21:35:23.996+0900][gc,heap       ] GC(52) Humongous regions: 129->129
[2023-01-02T21:35:23.996+0900][gc,metaspace  ] GC(52) Metaspace: 51595K->51595K(1095680K)
[2023-01-02T21:35:23.996+0900][gc            ] GC(52) Pause Young (Normal) (G1 Evacuation Pause) 296M->247M(1024M) 17.627ms
[2023-01-02T21:35:23.996+0900][gc,cpu        ] GC(52) User=0.05s Sys=0.01s Real=0.02s
[2023-01-02T21:40:08.649+0900][gc,start      ] GC(53) Pause Young (Normal) (G1 Evacuation Pause)
[2023-01-02T21:40:08.650+0900][gc,task       ] GC(53) Using 8 workers of 8 for evacuation
[2023-01-02T21:40:08.675+0900][gc,mmu        ] GC(53) MMU target violated: 21.0ms (20.0ms/21.0ms)
[2023-01-02T21:40:08.676+0900][gc,phases     ] GC(53)   Pre Evacuate Collection Set: 1.2ms
[2023-01-02T21:40:08.676+0900][gc,phases     ] GC(53)   Evacuate Collection Set: 22.6ms
[2023-01-02T21:40:08.676+0900][gc,phases     ] GC(53)   Post Evacuate Collection Set: 0.7ms
[2023-01-02T21:40:08.676+0900][gc,phases     ] GC(53)   Other: 2.3ms
[2023-01-02T21:40:08.676+0900][gc,heap       ] GC(53) Eden regions: 55->0(43)
[2023-01-02T21:40:08.676+0900][gc,heap       ] GC(53) Survivor regions: 5->8(8)
[2023-01-02T21:40:08.676+0900][gc,heap       ] GC(53) Old regions: 114->115
[2023-01-02T21:40:08.676+0900][gc,heap       ] GC(53) Humongous regions: 129->129
[2023-01-02T21:40:08.676+0900][gc,metaspace  ] GC(53) Metaspace: 51597K->51597K(1095680K)
[2023-01-02T21:40:08.676+0900][gc            ] GC(53) Pause Young (Normal) (G1 Evacuation Pause) 302M->251M(1024M) 26.918ms
[2023-01-02T21:40:08.676+0900][gc,cpu        ] GC(53) User=0.06s Sys=0.03s Real=0.03s
[2023-01-02T22:15:08.008+0900][gc,start      ] GC(54) Pause Young (Normal) (G1 Evacuation Pause)
[2023-01-02T22:15:08.008+0900][gc,task       ] GC(54) Using 8 workers of 8 for evacuation
[2023-01-02T22:15:08.028+0900][gc,phases     ] GC(54)   Pre Evacuate Collection Set: 0.1ms
[2023-01-02T22:15:08.028+0900][gc,phases     ] GC(54)   Evacuate Collection Set: 18.5ms
[2023-01-02T22:15:08.028+0900][gc,phases     ] GC(54)   Post Evacuate Collection Set: 0.4ms
[2023-01-02T22:15:08.028+0900][gc,phases     ] GC(54)   Other: 0.7ms
[2023-01-02T22:15:08.028+0900][gc,heap       ] GC(54) Eden regions: 43->0(48)
[2023-01-02T22:15:08.028+0900][gc,heap       ] GC(54) Survivor regions: 8->3(7)
[2023-01-02T22:15:08.028+0900][gc,heap       ] GC(54) Old regions: 115->120
[2023-01-02T22:15:08.028+0900][gc,heap       ] GC(54) Humongous regions: 129->129
[2023-01-02T22:15:08.028+0900][gc,metaspace  ] GC(54) Metaspace: 51598K->51598K(1095680K)
[2023-01-02T22:15:08.028+0900][gc            ] GC(54) Pause Young (Normal) (G1 Evacuation Pause) 294M->251M(1024M) 19.826ms
[2023-01-02T22:15:08.028+0900][gc,cpu        ] GC(54) User=0.06s Sys=0.02s Real=0.02s
[2023-01-02T22:23:08.899+0900][gc,start      ] GC(55) Pause Young (Normal) (G1 Evacuation Pause)
[2023-01-02T22:23:08.900+0900][gc,task       ] GC(55) Using 8 workers of 8 for evacuation
[2023-01-02T22:23:08.917+0900][gc,phases     ] GC(55)   Pre Evacuate Collection Set: 0.6ms
[2023-01-02T22:23:08.917+0900][gc,phases     ] GC(55)   Evacuate Collection Set: 15.0ms
[2023-01-02T22:23:08.917+0900][gc,phases     ] GC(55)   Post Evacuate Collection Set: 0.6ms
[2023-01-02T22:23:08.917+0900][gc,phases     ] GC(55)   Other: 1.4ms
[2023-01-02T22:23:08.917+0900][gc,heap       ] GC(55) Eden regions: 48->0(45)
[2023-01-02T22:23:08.917+0900][gc,heap       ] GC(55) Survivor regions: 3->7(7)
[2023-01-02T22:23:08.917+0900][gc,heap       ] GC(55) Old regions: 120->120
[2023-01-02T22:23:08.917+0900][gc,heap       ] GC(55) Humongous regions: 129->129
[2023-01-02T22:23:08.917+0900][gc,metaspace  ] GC(55) Metaspace: 51599K->51599K(1095680K)
[2023-01-02T22:23:08.917+0900][gc            ] GC(55) Pause Young (Normal) (G1 Evacuation Pause) 299M->255M(1024M) 17.933ms
[2023-01-02T22:23:08.917+0900][gc,cpu        ] GC(55) User=0.04s Sys=0.01s Real=0.02s
[2023-01-02T22:26:56.152+0900][gc,start      ] GC(56) Pause Young (Normal) (G1 Evacuation Pause)
[2023-01-02T22:26:56.152+0900][gc,task       ] GC(56) Using 8 workers of 8 for evacuation
[2023-01-02T22:26:56.172+0900][gc,phases     ] GC(56)   Pre Evacuate Collection Set: 0.3ms
[2023-01-02T22:26:56.172+0900][gc,phases     ] GC(56)   Evacuate Collection Set: 18.1ms
[2023-01-02T22:26:56.172+0900][gc,phases     ] GC(56)   Post Evacuate Collection Set: 0.4ms
[2023-01-02T22:26:56.172+0900][gc,phases     ] GC(56)   Other: 0.8ms
[2023-01-02T22:26:56.172+0900][gc,heap       ] GC(56) Eden regions: 44->0(47)
[2023-01-02T22:26:56.172+0900][gc,heap       ] GC(56) Survivor regions: 7->5(7)
[2023-01-02T22:26:56.172+0900][gc,heap       ] GC(56) Old regions: 120->125
[2023-01-02T22:26:56.172+0900][gc,heap       ] GC(56) Humongous regions: 129->129
[2023-01-02T22:26:56.172+0900][gc,metaspace  ] GC(56) Metaspace: 51599K->51599K(1095680K)
[2023-01-02T22:26:56.172+0900][gc            ] GC(56) Pause Young (Normal) (G1 Evacuation Pause) 299M->258M(1024M) 19.696ms
[2023-01-02T22:26:56.172+0900][gc,cpu        ] GC(56) User=0.05s Sys=0.01s Real=0.02s
[2023-01-02T22:30:57.557+0900][gc,start      ] GC(57) Pause Young (Normal) (G1 Evacuation Pause)
[2023-01-02T22:30:57.558+0900][gc,task       ] GC(57) Using 8 workers of 8 for evacuation
[2023-01-02T22:30:57.574+0900][gc,phases     ] GC(57)   Pre Evacuate Collection Set: 0.2ms
[2023-01-02T22:30:57.574+0900][gc,phases     ] GC(57)   Evacuate Collection Set: 14.8ms
[2023-01-02T22:30:57.574+0900][gc,phases     ] GC(57)   Post Evacuate Collection Set: 0.6ms
[2023-01-02T22:30:57.574+0900][gc,phases     ] GC(57)   Other: 2.3ms
[2023-01-02T22:30:57.575+0900][gc,heap       ] GC(57) Eden regions: 47->0(52)
[2023-01-02T22:30:57.575+0900][gc,heap       ] GC(57) Survivor regions: 5->4(7)
[2023-01-02T22:30:57.575+0900][gc,heap       ] GC(57) Old regions: 125->127
[2023-01-02T22:30:57.575+0900][gc,heap       ] GC(57) Humongous regions: 129->129
[2023-01-02T22:30:57.575+0900][gc,metaspace  ] GC(57) Metaspace: 51600K->51600K(1095680K)
[2023-01-02T22:30:57.575+0900][gc            ] GC(57) Pause Young (Normal) (G1 Evacuation Pause) 305M->259M(1024M) 18.106ms
[2023-01-02T22:30:57.575+0900][gc,cpu        ] GC(57) User=0.04s Sys=0.00s Real=0.02s
[2023-01-02T22:35:25.464+0900][gc,start      ] GC(58) Pause Young (Normal) (G1 Evacuation Pause)
[2023-01-02T22:35:25.465+0900][gc,task       ] GC(58) Using 8 workers of 8 for evacuation
[2023-01-02T22:35:25.488+0900][gc,mmu        ] GC(58) MMU target violated: 21.0ms (20.0ms/21.0ms)
[2023-01-02T22:35:25.488+0900][gc,phases     ] GC(58)   Pre Evacuate Collection Set: 1.0ms
[2023-01-02T22:35:25.488+0900][gc,phases     ] GC(58)   Evacuate Collection Set: 21.0ms
[2023-01-02T22:35:25.488+0900][gc,phases     ] GC(58)   Post Evacuate Collection Set: 0.6ms
[2023-01-02T22:35:25.488+0900][gc,phases     ] GC(58)   Other: 1.2ms
[2023-01-02T22:35:25.488+0900][gc,heap       ] GC(58) Eden regions: 52->0(46)
[2023-01-02T22:35:25.488+0900][gc,heap       ] GC(58) Survivor regions: 4->7(7)
[2023-01-02T22:35:25.488+0900][gc,heap       ] GC(58) Old regions: 127->128
[2023-01-02T22:35:25.488+0900][gc,heap       ] GC(58) Humongous regions: 129->129
[2023-01-02T22:35:25.488+0900][gc,metaspace  ] GC(58) Metaspace: 51601K->51601K(1095680K)
[2023-01-02T22:35:25.488+0900][gc            ] GC(58) Pause Young (Normal) (G1 Evacuation Pause) 311M->263M(1024M) 23.903ms
[2023-01-02T22:35:25.488+0900][gc,cpu        ] GC(58) User=0.05s Sys=0.03s Real=0.02s
[2023-01-02T22:39:23.477+0900][gc,start      ] GC(59) Pause Young (Normal) (G1 Evacuation Pause)
[2023-01-02T22:39:23.478+0900][gc,task       ] GC(59) Using 8 workers of 8 for evacuation
[2023-01-02T22:39:23.512+0900][gc,mmu        ] GC(59) MMU target violated: 21.0ms (20.0ms/21.0ms)
[2023-01-02T22:39:23.512+0900][gc,phases     ] GC(59)   Pre Evacuate Collection Set: 0.8ms
[2023-01-02T22:39:23.512+0900][gc,phases     ] GC(59)   Evacuate Collection Set: 32.8ms
[2023-01-02T22:39:23.512+0900][gc,phases     ] GC(59)   Post Evacuate Collection Set: 0.6ms
[2023-01-02T22:39:23.512+0900][gc,phases     ] GC(59)   Other: 1.7ms
[2023-01-02T22:39:23.512+0900][gc,heap       ] GC(59) Eden regions: 46->0(47)
[2023-01-02T22:39:23.512+0900][gc,heap       ] GC(59) Survivor regions: 7->4(7)
[2023-01-02T22:39:23.512+0900][gc,heap       ] GC(59) Old regions: 128->132
[2023-01-02T22:39:23.512+0900][gc,heap       ] GC(59) Humongous regions: 129->129
[2023-01-02T22:39:23.512+0900][gc,metaspace  ] GC(59) Metaspace: 51607K->51607K(1095680K)
[2023-01-02T22:39:23.512+0900][gc            ] GC(59) Pause Young (Normal) (G1 Evacuation Pause) 309M->264M(1024M) 35.886ms
[2023-01-02T22:39:23.512+0900][gc,cpu        ] GC(59) User=0.06s Sys=0.04s Real=0.04s
[2023-01-02T22:43:25.568+0900][gc,start      ] GC(60) Pause Young (Normal) (G1 Evacuation Pause)
[2023-01-02T22:43:25.569+0900][gc,task       ] GC(60) Using 8 workers of 8 for evacuation
[2023-01-02T22:43:25.602+0900][gc,mmu        ] GC(60) MMU target violated: 21.0ms (20.0ms/21.0ms)
[2023-01-02T22:43:25.602+0900][gc,phases     ] GC(60)   Pre Evacuate Collection Set: 0.6ms
[2023-01-02T22:43:25.602+0900][gc,phases     ] GC(60)   Evacuate Collection Set: 30.8ms
[2023-01-02T22:43:25.602+0900][gc,phases     ] GC(60)   Post Evacuate Collection Set: 0.6ms
[2023-01-02T22:43:25.602+0900][gc,phases     ] GC(60)   Other: 1.7ms
[2023-01-02T22:43:25.602+0900][gc,heap       ] GC(60) Eden regions: 47->0(44)
[2023-01-02T22:43:25.602+0900][gc,heap       ] GC(60) Survivor regions: 4->7(7)
[2023-01-02T22:43:25.602+0900][gc,heap       ] GC(60) Old regions: 132->132
[2023-01-02T22:43:25.602+0900][gc,heap       ] GC(60) Humongous regions: 129->129
[2023-01-02T22:43:25.602+0900][gc,metaspace  ] GC(60) Metaspace: 51608K->51608K(1095680K)
[2023-01-02T22:43:25.602+0900][gc            ] GC(60) Pause Young (Normal) (G1 Evacuation Pause) 311M->267M(1024M) 33.632ms
[2023-01-02T22:43:25.602+0900][gc,cpu        ] GC(60) User=0.04s Sys=0.04s Real=0.04s
[2023-01-02T22:47:11.612+0900][gc,start      ] GC(61) Pause Young (Normal) (G1 Evacuation Pause)
[2023-01-02T22:47:11.614+0900][gc,task       ] GC(61) Using 8 workers of 8 for evacuation
[2023-01-02T22:47:11.639+0900][gc,mmu        ] GC(61) MMU target violated: 21.0ms (20.0ms/21.0ms)
[2023-01-02T22:47:11.639+0900][gc,phases     ] GC(61)   Pre Evacuate Collection Set: 1.3ms
[2023-01-02T22:47:11.639+0900][gc,phases     ] GC(61)   Evacuate Collection Set: 22.3ms
[2023-01-02T22:47:11.639+0900][gc,phases     ] GC(61)   Post Evacuate Collection Set: 0.8ms
[2023-01-02T22:47:11.639+0900][gc,phases     ] GC(61)   Other: 2.4ms
[2023-01-02T22:47:11.639+0900][gc,heap       ] GC(61) Eden regions: 44->0(48)
[2023-01-02T22:47:11.639+0900][gc,heap       ] GC(61) Survivor regions: 7->3(7)
[2023-01-02T22:47:11.639+0900][gc,heap       ] GC(61) Old regions: 132->137
[2023-01-02T22:47:11.639+0900][gc,heap       ] GC(61) Humongous regions: 129->129
[2023-01-02T22:47:11.639+0900][gc,metaspace  ] GC(61) Metaspace: 51609K->51609K(1095680K)
[2023-01-02T22:47:11.639+0900][gc            ] GC(61) Pause Young (Normal) (G1 Evacuation Pause) 311M->268M(1024M) 27.066ms
[2023-01-02T22:47:11.640+0900][gc,cpu        ] GC(61) User=0.06s Sys=0.02s Real=0.03s
[2023-01-02T22:51:20.308+0900][gc,start      ] GC(62) Pause Young (Normal) (G1 Evacuation Pause)
[2023-01-02T22:51:20.308+0900][gc,task       ] GC(62) Using 8 workers of 8 for evacuation
[2023-01-02T22:51:20.341+0900][gc,mmu        ] GC(62) MMU target violated: 21.0ms (20.0ms/21.0ms)
[2023-01-02T22:51:20.341+0900][gc,phases     ] GC(62)   Pre Evacuate Collection Set: 0.6ms
[2023-01-02T22:51:20.341+0900][gc,phases     ] GC(62)   Evacuate Collection Set: 31.0ms
[2023-01-02T22:51:20.341+0900][gc,phases     ] GC(62)   Post Evacuate Collection Set: 0.4ms
[2023-01-02T22:51:20.341+0900][gc,phases     ] GC(62)   Other: 1.3ms
[2023-01-02T22:51:20.341+0900][gc,heap       ] GC(62) Eden regions: 48->0(44)
[2023-01-02T22:51:20.341+0900][gc,heap       ] GC(62) Survivor regions: 3->7(7)
[2023-01-02T22:51:20.341+0900][gc,heap       ] GC(62) Old regions: 137->137
[2023-01-02T22:51:20.341+0900][gc,heap       ] GC(62) Humongous regions: 129->129
[2023-01-02T22:51:20.341+0900][gc,metaspace  ] GC(62) Metaspace: 51610K->51610K(1095680K)
[2023-01-02T22:51:20.341+0900][gc            ] GC(62) Pause Young (Normal) (G1 Evacuation Pause) 316M->271M(1024M) 33.323ms
[2023-01-02T22:51:20.341+0900][gc,cpu        ] GC(62) User=0.04s Sys=0.03s Real=0.04s
[2023-01-02T22:55:08.446+0900][gc,start      ] GC(63) Pause Young (Normal) (G1 Evacuation Pause)
[2023-01-02T22:55:08.447+0900][gc,task       ] GC(63) Using 8 workers of 8 for evacuation
[2023-01-02T22:55:08.471+0900][gc,mmu        ] GC(63) MMU target violated: 21.0ms (20.0ms/21.0ms)
[2023-01-02T22:55:08.471+0900][gc,phases     ] GC(63)   Pre Evacuate Collection Set: 0.7ms
[2023-01-02T22:55:08.471+0900][gc,phases     ] GC(63)   Evacuate Collection Set: 21.9ms
[2023-01-02T22:55:08.471+0900][gc,phases     ] GC(63)   Post Evacuate Collection Set: 0.6ms
[2023-01-02T22:55:08.471+0900][gc,phases     ] GC(63)   Other: 1.3ms
[2023-01-02T22:55:08.471+0900][gc,heap       ] GC(63) Eden regions: 44->0(45)
[2023-01-02T22:55:08.471+0900][gc,heap       ] GC(63) Survivor regions: 7->6(7)
[2023-01-02T22:55:08.471+0900][gc,heap       ] GC(63) Old regions: 137->141
[2023-01-02T22:55:08.471+0900][gc,heap       ] GC(63) Humongous regions: 129->129
[2023-01-02T22:55:08.471+0900][gc,metaspace  ] GC(63) Metaspace: 51612K->51612K(1095680K)
[2023-01-02T22:55:08.471+0900][gc            ] GC(63) Pause Young (Normal) (G1 Evacuation Pause) 315M->274M(1024M) 24.478ms
[2023-01-02T22:55:08.471+0900][gc,cpu        ] GC(63) User=0.03s Sys=0.04s Real=0.03s
[2023-01-02T22:59:00.322+0900][gc,start      ] GC(64) Pause Young (Normal) (G1 Evacuation Pause)
[2023-01-02T22:59:00.324+0900][gc,task       ] GC(64) Using 8 workers of 8 for evacuation
[2023-01-02T22:59:00.344+0900][gc,phases     ] GC(64)   Pre Evacuate Collection Set: 1.2ms
[2023-01-02T22:59:00.344+0900][gc,phases     ] GC(64)   Evacuate Collection Set: 17.5ms
[2023-01-02T22:59:00.344+0900][gc,phases     ] GC(64)   Post Evacuate Collection Set: 0.7ms
[2023-01-02T22:59:00.344+0900][gc,phases     ] GC(64)   Other: 2.4ms
[2023-01-02T22:59:00.344+0900][gc,heap       ] GC(64) Eden regions: 45->0(47)
[2023-01-02T22:59:00.344+0900][gc,heap       ] GC(64) Survivor regions: 6->4(7)
[2023-01-02T22:59:00.344+0900][gc,heap       ] GC(64) Old regions: 141->143
[2023-01-02T22:59:00.344+0900][gc,heap       ] GC(64) Humongous regions: 129->129
[2023-01-02T22:59:00.344+0900][gc,metaspace  ] GC(64) Metaspace: 51612K->51612K(1095680K)
[2023-01-02T22:59:00.344+0900][gc            ] GC(64) Pause Young (Normal) (G1 Evacuation Pause) 319M->275M(1024M) 22.048ms
[2023-01-02T22:59:00.344+0900][gc,cpu        ] GC(64) User=0.05s Sys=0.03s Real=0.02s
[2023-01-02T23:02:49.256+0900][gc,start      ] GC(65) Pause Young (Normal) (G1 Evacuation Pause)
[2023-01-02T23:02:49.257+0900][gc,task       ] GC(65) Using 8 workers of 8 for evacuation
[2023-01-02T23:02:49.286+0900][gc,mmu        ] GC(65) MMU target violated: 21.0ms (20.0ms/21.0ms)
[2023-01-02T23:02:49.286+0900][gc,phases     ] GC(65)   Pre Evacuate Collection Set: 0.7ms
[2023-01-02T23:02:49.286+0900][gc,phases     ] GC(65)   Evacuate Collection Set: 25.7ms
[2023-01-02T23:02:49.286+0900][gc,phases     ] GC(65)   Post Evacuate Collection Set: 1.0ms
[2023-01-02T23:02:49.286+0900][gc,phases     ] GC(65)   Other: 2.1ms
[2023-01-02T23:02:49.286+0900][gc,heap       ] GC(65) Eden regions: 47->0(44)
[2023-01-02T23:02:49.286+0900][gc,heap       ] GC(65) Survivor regions: 4->7(7)
[2023-01-02T23:02:49.286+0900][gc,heap       ] GC(65) Old regions: 143->144
[2023-01-02T23:02:49.286+0900][gc,heap       ] GC(65) Humongous regions: 129->129
[2023-01-02T23:02:49.286+0900][gc,metaspace  ] GC(65) Metaspace: 51612K->51612K(1095680K)
[2023-01-02T23:02:49.286+0900][gc            ] GC(65) Pause Young (Normal) (G1 Evacuation Pause) 322M->279M(1024M) 29.601ms
[2023-01-02T23:02:49.286+0900][gc,cpu        ] GC(65) User=0.06s Sys=0.03s Real=0.03s
[2023-01-02T23:06:33.887+0900][gc,start      ] GC(66) Pause Young (Normal) (G1 Evacuation Pause)
[2023-01-02T23:06:33.888+0900][gc,task       ] GC(66) Using 8 workers of 8 for evacuation
[2023-01-02T23:06:33.905+0900][gc,phases     ] GC(66)   Pre Evacuate Collection Set: 0.2ms
[2023-01-02T23:06:33.905+0900][gc,phases     ] GC(66)   Evacuate Collection Set: 16.0ms
[2023-01-02T23:06:33.905+0900][gc,phases     ] GC(66)   Post Evacuate Collection Set: 0.5ms
[2023-01-02T23:06:33.905+0900][gc,phases     ] GC(66)   Other: 1.6ms
[2023-01-02T23:06:33.905+0900][gc,heap       ] GC(66) Eden regions: 44->0(48)
[2023-01-02T23:06:33.905+0900][gc,heap       ] GC(66) Survivor regions: 7->3(7)
[2023-01-02T23:06:33.905+0900][gc,heap       ] GC(66) Old regions: 144->149
[2023-01-02T23:06:33.905+0900][gc,heap       ] GC(66) Humongous regions: 129->129
[2023-01-02T23:06:33.905+0900][gc,metaspace  ] GC(66) Metaspace: 51612K->51612K(1095680K)
[2023-01-02T23:06:33.905+0900][gc            ] GC(66) Pause Young (Normal) (G1 Evacuation Pause) 323M->280M(1024M) 18.371ms
[2023-01-02T23:06:33.905+0900][gc,cpu        ] GC(66) User=0.06s Sys=0.00s Real=0.02s
[2023-01-02T23:10:41.329+0900][gc,start      ] GC(67) Pause Young (Normal) (G1 Evacuation Pause)
[2023-01-02T23:10:41.331+0900][gc,task       ] GC(67) Using 8 workers of 8 for evacuation
[2023-01-02T23:10:41.347+0900][gc,phases     ] GC(67)   Pre Evacuate Collection Set: 0.7ms
[2023-01-02T23:10:41.347+0900][gc,phases     ] GC(67)   Evacuate Collection Set: 14.5ms
[2023-01-02T23:10:41.347+0900][gc,phases     ] GC(67)   Post Evacuate Collection Set: 0.5ms
[2023-01-02T23:10:41.347+0900][gc,phases     ] GC(67)   Other: 2.1ms
[2023-01-02T23:10:41.347+0900][gc,heap       ] GC(67) Eden regions: 48->0(45)
[2023-01-02T23:10:41.347+0900][gc,heap       ] GC(67) Survivor regions: 3->6(7)
[2023-01-02T23:10:41.347+0900][gc,heap       ] GC(67) Old regions: 149->149
[2023-01-02T23:10:41.347+0900][gc,heap       ] GC(67) Humongous regions: 129->129
[2023-01-02T23:10:41.347+0900][gc,metaspace  ] GC(67) Metaspace: 51612K->51612K(1095680K)
[2023-01-02T23:10:41.347+0900][gc            ] GC(67) Pause Young (Normal) (G1 Evacuation Pause) 328M->283M(1024M) 17.964ms
[2023-01-02T23:10:41.347+0900][gc,cpu        ] GC(67) User=0.05s Sys=0.01s Real=0.02s
[2023-01-02T23:14:31.123+0900][gc,start      ] GC(68) Pause Young (Normal) (G1 Evacuation Pause)
[2023-01-02T23:14:31.124+0900][gc,task       ] GC(68) Using 8 workers of 8 for evacuation
[2023-01-02T23:14:31.142+0900][gc,phases     ] GC(68)   Pre Evacuate Collection Set: 0.1ms
[2023-01-02T23:14:31.142+0900][gc,phases     ] GC(68)   Evacuate Collection Set: 16.4ms
[2023-01-02T23:14:31.142+0900][gc,phases     ] GC(68)   Post Evacuate Collection Set: 0.4ms
[2023-01-02T23:14:31.142+0900][gc,phases     ] GC(68)   Other: 2.0ms
[2023-01-02T23:14:31.142+0900][gc,heap       ] GC(68) Eden regions: 45->0(46)
[2023-01-02T23:14:31.142+0900][gc,heap       ] GC(68) Survivor regions: 6->5(7)
[2023-01-02T23:14:31.142+0900][gc,heap       ] GC(68) Old regions: 149->153
[2023-01-02T23:14:31.142+0900][gc,heap       ] GC(68) Humongous regions: 129->129
[2023-01-02T23:14:31.142+0900][gc,metaspace  ] GC(68) Metaspace: 51618K->51618K(1095680K)
[2023-01-02T23:14:31.142+0900][gc            ] GC(68) Pause Young (Normal) (G1 Evacuation Pause) 328M->286M(1024M) 18.968ms
[2023-01-02T23:14:31.142+0900][gc,cpu        ] GC(68) User=0.06s Sys=0.00s Real=0.02s
[2023-01-02T23:18:28.516+0900][gc,start      ] GC(69) Pause Young (Normal) (G1 Evacuation Pause)
[2023-01-02T23:18:28.517+0900][gc,task       ] GC(69) Using 8 workers of 8 for evacuation
[2023-01-02T23:18:28.537+0900][gc,phases     ] GC(69)   Pre Evacuate Collection Set: 1.4ms
[2023-01-02T23:18:28.537+0900][gc,phases     ] GC(69)   Evacuate Collection Set: 17.1ms
[2023-01-02T23:18:28.538+0900][gc,phases     ] GC(69)   Post Evacuate Collection Set: 0.8ms
[2023-01-02T23:18:28.538+0900][gc,phases     ] GC(69)   Other: 2.3ms
[2023-01-02T23:18:28.538+0900][gc,heap       ] GC(69) Eden regions: 46->0(49)
[2023-01-02T23:18:28.538+0900][gc,heap       ] GC(69) Survivor regions: 5->4(7)
[2023-01-02T23:18:28.538+0900][gc,heap       ] GC(69) Old regions: 153->155
[2023-01-02T23:18:28.538+0900][gc,heap       ] GC(69) Humongous regions: 129->129
[2023-01-02T23:18:28.538+0900][gc,metaspace  ] GC(69) Metaspace: 51632K->51632K(1095680K)
[2023-01-02T23:18:28.538+0900][gc            ] GC(69) Pause Young (Normal) (G1 Evacuation Pause) 332M->287M(1024M) 21.883ms
[2023-01-02T23:18:28.538+0900][gc,cpu        ] GC(69) User=0.05s Sys=0.02s Real=0.02s
[2023-01-02T23:22:36.115+0900][gc,start      ] GC(70) Pause Young (Normal) (G1 Evacuation Pause)
[2023-01-02T23:22:36.116+0900][gc,task       ] GC(70) Using 8 workers of 8 for evacuation
[2023-01-02T23:22:36.132+0900][gc,phases     ] GC(70)   Pre Evacuate Collection Set: 0.1ms
[2023-01-02T23:22:36.132+0900][gc,phases     ] GC(70)   Evacuate Collection Set: 14.6ms
[2023-01-02T23:22:36.132+0900][gc,phases     ] GC(70)   Post Evacuate Collection Set: 0.4ms
[2023-01-02T23:22:36.132+0900][gc,phases     ] GC(70)   Other: 1.9ms
[2023-01-02T23:22:36.132+0900][gc,heap       ] GC(70) Eden regions: 48->0(50)
[2023-01-02T23:22:36.132+0900][gc,heap       ] GC(70) Survivor regions: 4->7(7)
[2023-01-02T23:22:36.132+0900][gc,heap       ] GC(70) Old regions: 155->155
[2023-01-02T23:22:36.132+0900][gc,heap       ] GC(70) Humongous regions: 129->129
[2023-01-02T23:22:36.132+0900][gc,metaspace  ] GC(70) Metaspace: 51650K->51650K(1095680K)
[2023-01-02T23:22:36.132+0900][gc            ] GC(70) Pause Young (Normal) (G1 Evacuation Pause) 335M->290M(1024M) 17.160ms
[2023-01-02T23:22:36.132+0900][gc,cpu        ] GC(70) User=0.05s Sys=0.01s Real=0.02s
[2023-01-02T23:26:43.548+0900][gc,start      ] GC(71) Pause Young (Normal) (G1 Evacuation Pause)
[2023-01-02T23:26:43.549+0900][gc,task       ] GC(71) Using 8 workers of 8 for evacuation
[2023-01-02T23:26:43.571+0900][gc,mmu        ] GC(71) MMU target violated: 21.0ms (20.0ms/21.0ms)
[2023-01-02T23:26:43.571+0900][gc,phases     ] GC(71)   Pre Evacuate Collection Set: 1.4ms
[2023-01-02T23:26:43.571+0900][gc,phases     ] GC(71)   Evacuate Collection Set: 19.3ms
[2023-01-02T23:26:43.571+0900][gc,phases     ] GC(71)   Post Evacuate Collection Set: 0.6ms
[2023-01-02T23:26:43.571+0900][gc,phases     ] GC(71)   Other: 2.2ms
[2023-01-02T23:26:43.571+0900][gc,heap       ] GC(71) Eden regions: 48->0(53)
[2023-01-02T23:26:43.571+0900][gc,heap       ] GC(71) Survivor regions: 7->4(7)
[2023-01-02T23:26:43.571+0900][gc,heap       ] GC(71) Old regions: 155->160
[2023-01-02T23:26:43.571+0900][gc,heap       ] GC(71) Humongous regions: 129->129
[2023-01-02T23:26:43.571+0900][gc,metaspace  ] GC(71) Metaspace: 51651K->51651K(1095680K)
[2023-01-02T23:26:43.571+0900][gc            ] GC(71) Pause Young (Normal) (G1 Evacuation Pause) 338M->291M(1024M) 23.633ms
[2023-01-02T23:26:43.571+0900][gc,cpu        ] GC(71) User=0.05s Sys=0.03s Real=0.03s
[2023-01-02T23:31:18.347+0900][gc,start      ] GC(72) Pause Young (Normal) (G1 Evacuation Pause)
[2023-01-02T23:31:18.348+0900][gc,task       ] GC(72) Using 8 workers of 8 for evacuation
[2023-01-02T23:31:18.367+0900][gc,phases     ] GC(72)   Pre Evacuate Collection Set: 0.1ms
[2023-01-02T23:31:18.367+0900][gc,phases     ] GC(72)   Evacuate Collection Set: 17.5ms
[2023-01-02T23:31:18.367+0900][gc,phases     ] GC(72)   Post Evacuate Collection Set: 0.7ms
[2023-01-02T23:31:18.367+0900][gc,phases     ] GC(72)   Other: 1.7ms
[2023-01-02T23:31:18.367+0900][gc,heap       ] GC(72) Eden regions: 53->0(52)
[2023-01-02T23:31:18.367+0900][gc,heap       ] GC(72) Survivor regions: 4->8(8)
[2023-01-02T23:31:18.367+0900][gc,heap       ] GC(72) Old regions: 160->160
[2023-01-02T23:31:18.367+0900][gc,heap       ] GC(72) Humongous regions: 129->129
[2023-01-02T23:31:18.367+0900][gc,metaspace  ] GC(72) Metaspace: 51651K->51651K(1095680K)
[2023-01-02T23:31:18.367+0900][gc            ] GC(72) Pause Young (Normal) (G1 Evacuation Pause) 344M->295M(1024M) 20.297ms
[2023-01-02T23:31:18.367+0900][gc,cpu        ] GC(72) User=0.06s Sys=0.02s Real=0.02s
[2023-01-02T23:35:45.756+0900][gc,start      ] GC(73) Pause Young (Normal) (G1 Evacuation Pause)
[2023-01-02T23:35:45.758+0900][gc,task       ] GC(73) Using 8 workers of 8 for evacuation
[2023-01-02T23:35:45.786+0900][gc,mmu        ] GC(73) MMU target violated: 21.0ms (20.0ms/21.0ms)
[2023-01-02T23:35:45.787+0900][gc,phases     ] GC(73)   Pre Evacuate Collection Set: 1.0ms
[2023-01-02T23:35:45.787+0900][gc,phases     ] GC(73)   Evacuate Collection Set: 26.7ms
[2023-01-02T23:35:45.787+0900][gc,phases     ] GC(73)   Post Evacuate Collection Set: 0.7ms
[2023-01-02T23:35:45.787+0900][gc,phases     ] GC(73)   Other: 2.1ms
[2023-01-02T23:35:45.787+0900][gc,heap       ] GC(73) Eden regions: 52->0(50)
[2023-01-02T23:35:45.787+0900][gc,heap       ] GC(73) Survivor regions: 8->5(8)
[2023-01-02T23:35:45.787+0900][gc,heap       ] GC(73) Old regions: 160->164
[2023-01-02T23:35:45.787+0900][gc,heap       ] GC(73) Humongous regions: 129->129
[2023-01-02T23:35:45.787+0900][gc,metaspace  ] GC(73) Metaspace: 51651K->51651K(1095680K)
[2023-01-02T23:35:45.787+0900][gc            ] GC(73) Pause Young (Normal) (G1 Evacuation Pause) 347M->296M(1024M) 30.452ms
[2023-01-02T23:35:45.787+0900][gc,cpu        ] GC(73) User=0.07s Sys=0.03s Real=0.03s
[2023-01-02T23:40:04.854+0900][gc,start      ] GC(74) Pause Young (Normal) (G1 Evacuation Pause)
[2023-01-02T23:40:04.856+0900][gc,task       ] GC(74) Using 8 workers of 8 for evacuation
[2023-01-02T23:40:04.880+0900][gc,mmu        ] GC(74) MMU target violated: 21.0ms (20.0ms/21.0ms)
[2023-01-02T23:40:04.880+0900][gc,phases     ] GC(74)   Pre Evacuate Collection Set: 0.1ms
[2023-01-02T23:40:04.880+0900][gc,phases     ] GC(74)   Evacuate Collection Set: 22.7ms
[2023-01-02T23:40:04.880+0900][gc,phases     ] GC(74)   Post Evacuate Collection Set: 0.5ms
[2023-01-02T23:40:04.880+0900][gc,phases     ] GC(74)   Other: 2.1ms
[2023-01-02T23:40:04.880+0900][gc,heap       ] GC(74) Eden regions: 50->0(46)
[2023-01-02T23:40:04.880+0900][gc,heap       ] GC(74) Survivor regions: 5->6(7)
[2023-01-02T23:40:04.880+0900][gc,heap       ] GC(74) Old regions: 164->167
[2023-01-02T23:40:04.880+0900][gc,heap       ] GC(74) Humongous regions: 129->129
[2023-01-02T23:40:04.880+0900][gc,metaspace  ] GC(74) Metaspace: 51651K->51651K(1095680K)
[2023-01-02T23:40:04.880+0900][gc            ] GC(74) Pause Young (Normal) (G1 Evacuation Pause) 346M->300M(1024M) 25.487ms
[2023-01-02T23:40:04.880+0900][gc,cpu        ] GC(74) User=0.06s Sys=0.03s Real=0.03s
[2023-01-02T23:43:57.585+0900][gc,start      ] GC(75) Pause Young (Normal) (G1 Evacuation Pause)
[2023-01-02T23:43:57.586+0900][gc,task       ] GC(75) Using 8 workers of 8 for evacuation
[2023-01-02T23:43:57.616+0900][gc,mmu        ] GC(75) MMU target violated: 21.0ms (20.0ms/21.0ms)
[2023-01-02T23:43:57.616+0900][gc,phases     ] GC(75)   Pre Evacuate Collection Set: 0.7ms
[2023-01-02T23:43:57.616+0900][gc,phases     ] GC(75)   Evacuate Collection Set: 28.3ms
[2023-01-02T23:43:57.616+0900][gc,phases     ] GC(75)   Post Evacuate Collection Set: 0.7ms
[2023-01-02T23:43:57.616+0900][gc,phases     ] GC(75)   Other: 1.7ms
[2023-01-02T23:43:57.616+0900][gc,heap       ] GC(75) Eden regions: 45->0(47)
[2023-01-02T23:43:57.616+0900][gc,heap       ] GC(75) Survivor regions: 6->4(7)
[2023-01-02T23:43:57.616+0900][gc,heap       ] GC(75) Old regions: 167->169
[2023-01-02T23:43:57.616+0900][gc,heap       ] GC(75) Humongous regions: 129->129
[2023-01-02T23:43:57.617+0900][gc,metaspace  ] GC(75) Metaspace: 51651K->51651K(1095680K)
[2023-01-02T23:43:57.617+0900][gc            ] GC(75) Pause Young (Normal) (G1 Evacuation Pause) 345M->301M(1024M) 31.311ms
[2023-01-02T23:43:57.617+0900][gc,cpu        ] GC(75) User=0.04s Sys=0.04s Real=0.03s
[2023-01-02T23:48:01.300+0900][gc,start      ] GC(76) Pause Young (Normal) (G1 Evacuation Pause)
[2023-01-02T23:48:01.301+0900][gc,task       ] GC(76) Using 8 workers of 8 for evacuation
[2023-01-02T23:48:01.356+0900][gc,mmu        ] GC(76) MMU target violated: 21.0ms (20.0ms/21.0ms)
[2023-01-02T23:48:01.356+0900][gc,phases     ] GC(76)   Pre Evacuate Collection Set: 0.6ms
[2023-01-02T23:48:01.356+0900][gc,phases     ] GC(76)   Evacuate Collection Set: 52.9ms
[2023-01-02T23:48:01.356+0900][gc,phases     ] GC(76)   Post Evacuate Collection Set: 0.9ms
[2023-01-02T23:48:01.356+0900][gc,phases     ] GC(76)   Other: 1.5ms
[2023-01-02T23:48:01.356+0900][gc,heap       ] GC(76) Eden regions: 47->0(44)
[2023-01-02T23:48:01.356+0900][gc,heap       ] GC(76) Survivor regions: 4->7(7)
[2023-01-02T23:48:01.356+0900][gc,heap       ] GC(76) Old regions: 169->169
[2023-01-02T23:48:01.356+0900][gc,heap       ] GC(76) Humongous regions: 129->129
[2023-01-02T23:48:01.356+0900][gc,metaspace  ] GC(76) Metaspace: 51655K->51655K(1095680K)
[2023-01-02T23:48:01.356+0900][gc            ] GC(76) Pause Young (Normal) (G1 Evacuation Pause) 348M->304M(1024M) 55.994ms
[2023-01-02T23:48:01.356+0900][gc,cpu        ] GC(76) User=0.05s Sys=0.04s Real=0.05s
[2023-01-02T23:51:50.522+0900][gc,start      ] GC(77) Pause Young (Normal) (G1 Evacuation Pause)
[2023-01-02T23:51:50.523+0900][gc,task       ] GC(77) Using 8 workers of 8 for evacuation
[2023-01-02T23:51:50.548+0900][gc,mmu        ] GC(77) MMU target violated: 21.0ms (20.0ms/21.0ms)
[2023-01-02T23:51:50.548+0900][gc,phases     ] GC(77)   Pre Evacuate Collection Set: 0.7ms
[2023-01-02T23:51:50.548+0900][gc,phases     ] GC(77)   Evacuate Collection Set: 22.4ms
[2023-01-02T23:51:50.548+0900][gc,phases     ] GC(77)   Post Evacuate Collection Set: 0.6ms
[2023-01-02T23:51:50.548+0900][gc,phases     ] GC(77)   Other: 2.3ms
[2023-01-02T23:51:50.548+0900][gc,heap       ] GC(77) Eden regions: 44->0(47)
[2023-01-02T23:51:50.548+0900][gc,heap       ] GC(77) Survivor regions: 7->4(7)
[2023-01-02T23:51:50.548+0900][gc,heap       ] GC(77) Old regions: 169->174
[2023-01-02T23:51:50.548+0900][gc,heap       ] GC(77) Humongous regions: 129->129
[2023-01-02T23:51:50.548+0900][gc,metaspace  ] GC(77) Metaspace: 51657K->51657K(1095680K)
[2023-01-02T23:51:50.548+0900][gc            ] GC(77) Pause Young (Normal) (G1 Evacuation Pause) 348M->305M(1024M) 26.036ms
[2023-01-02T23:51:50.548+0900][gc,cpu        ] GC(77) User=0.05s Sys=0.02s Real=0.02s
[2023-01-02T23:55:54.969+0900][gc,start      ] GC(78) Pause Young (Normal) (G1 Evacuation Pause)
[2023-01-02T23:55:54.971+0900][gc,task       ] GC(78) Using 8 workers of 8 for evacuation
[2023-01-02T23:55:54.993+0900][gc,mmu        ] GC(78) MMU target violated: 21.0ms (20.0ms/21.0ms)
[2023-01-02T23:55:54.993+0900][gc,phases     ] GC(78)   Pre Evacuate Collection Set: 1.2ms
[2023-01-02T23:55:54.993+0900][gc,phases     ] GC(78)   Evacuate Collection Set: 19.2ms
[2023-01-02T23:55:54.993+0900][gc,phases     ] GC(78)   Post Evacuate Collection Set: 0.8ms
[2023-01-02T23:55:54.993+0900][gc,phases     ] GC(78)   Other: 2.6ms
[2023-01-02T23:55:54.993+0900][gc,heap       ] GC(78) Eden regions: 47->0(44)
[2023-01-02T23:55:54.993+0900][gc,heap       ] GC(78) Survivor regions: 4->7(7)
[2023-01-02T23:55:54.993+0900][gc,heap       ] GC(78) Old regions: 174->174
[2023-01-02T23:55:54.993+0900][gc,heap       ] GC(78) Humongous regions: 129->129
[2023-01-02T23:55:54.993+0900][gc,metaspace  ] GC(78) Metaspace: 51657K->51657K(1095680K)
[2023-01-02T23:55:54.993+0900][gc            ] GC(78) Pause Young (Normal) (G1 Evacuation Pause) 352M->308M(1024M) 23.909ms
[2023-01-02T23:55:54.993+0900][gc,cpu        ] GC(78) User=0.04s Sys=0.02s Real=0.03s
[2023-01-02T23:59:42.699+0900][gc,start      ] GC(79) Pause Young (Normal) (G1 Evacuation Pause)
[2023-01-02T23:59:42.700+0900][gc,task       ] GC(79) Using 8 workers of 8 for evacuation
[2023-01-02T23:59:42.750+0900][gc,mmu        ] GC(79) MMU target violated: 21.0ms (20.0ms/21.0ms)
[2023-01-02T23:59:42.750+0900][gc,phases     ] GC(79)   Pre Evacuate Collection Set: 0.8ms
[2023-01-02T23:59:42.750+0900][gc,phases     ] GC(79)   Evacuate Collection Set: 47.4ms
[2023-01-02T23:59:42.750+0900][gc,phases     ] GC(79)   Post Evacuate Collection Set: 0.7ms
[2023-01-02T23:59:42.750+0900][gc,phases     ] GC(79)   Other: 2.0ms
[2023-01-02T23:59:42.750+0900][gc,heap       ] GC(79) Eden regions: 44->0(45)
[2023-01-02T23:59:42.750+0900][gc,heap       ] GC(79) Survivor regions: 7->6(7)
[2023-01-02T23:59:42.750+0900][gc,heap       ] GC(79) Old regions: 174->178
[2023-01-02T23:59:42.750+0900][gc,heap       ] GC(79) Humongous regions: 129->129
[2023-01-02T23:59:42.750+0900][gc,metaspace  ] GC(79) Metaspace: 51657K->51657K(1095680K)
[2023-01-02T23:59:42.750+0900][gc            ] GC(79) Pause Young (Normal) (G1 Evacuation Pause) 352M->311M(1024M) 51.019ms
[2023-01-02T23:59:42.750+0900][gc,cpu        ] GC(79) User=0.06s Sys=0.03s Real=0.06s
[2023-01-03T00:03:20.138+0900][gc,start      ] GC(80) Pause Young (Normal) (G1 Evacuation Pause)
[2023-01-03T00:03:20.139+0900][gc,task       ] GC(80) Using 8 workers of 8 for evacuation
[2023-01-03T00:03:20.160+0900][gc,mmu        ] GC(80) MMU target violated: 20.9ms (20.0ms/21.0ms)
[2023-01-03T00:03:20.160+0900][gc,phases     ] GC(80)   Pre Evacuate Collection Set: 0.6ms
[2023-01-03T00:03:20.160+0900][gc,phases     ] GC(80)   Evacuate Collection Set: 19.7ms
[2023-01-03T00:03:20.160+0900][gc,phases     ] GC(80)   Post Evacuate Collection Set: 0.5ms
[2023-01-03T00:03:20.160+0900][gc,phases     ] GC(80)   Other: 1.5ms
[2023-01-03T00:03:20.160+0900][gc,heap       ] GC(80) Eden regions: 45->0(46)
[2023-01-03T00:03:20.160+0900][gc,heap       ] GC(80) Survivor regions: 6->5(7)
[2023-01-03T00:03:20.160+0900][gc,heap       ] GC(80) Old regions: 178->180
[2023-01-03T00:03:20.160+0900][gc,heap       ] GC(80) Humongous regions: 129->129
[2023-01-03T00:03:20.160+0900][gc,metaspace  ] GC(80) Metaspace: 51661K->51661K(1095680K)
[2023-01-03T00:03:20.160+0900][gc            ] GC(80) Pause Young (Normal) (G1 Evacuation Pause) 356M->313M(1024M) 22.290ms
[2023-01-03T00:03:20.160+0900][gc,cpu        ] GC(80) User=0.05s Sys=0.02s Real=0.03s
[2023-01-03T00:07:16.715+0900][gc,start      ] GC(81) Pause Young (Normal) (G1 Evacuation Pause)
[2023-01-03T00:07:16.716+0900][gc,task       ] GC(81) Using 8 workers of 8 for evacuation
[2023-01-03T00:07:16.733+0900][gc,phases     ] GC(81)   Pre Evacuate Collection Set: 0.2ms
[2023-01-03T00:07:16.733+0900][gc,phases     ] GC(81)   Evacuate Collection Set: 15.5ms
[2023-01-03T00:07:16.733+0900][gc,phases     ] GC(81)   Post Evacuate Collection Set: 0.5ms
[2023-01-03T00:07:16.733+0900][gc,phases     ] GC(81)   Other: 2.0ms
[2023-01-03T00:07:16.733+0900][gc,heap       ] GC(81) Eden regions: 46->0(47)
[2023-01-03T00:07:16.733+0900][gc,heap       ] GC(81) Survivor regions: 5->4(7)
[2023-01-03T00:07:16.733+0900][gc,heap       ] GC(81) Old regions: 180->183
[2023-01-03T00:07:16.733+0900][gc,heap       ] GC(81) Humongous regions: 129->129
[2023-01-03T00:07:16.733+0900][gc,metaspace  ] GC(81) Metaspace: 51661K->51661K(1095680K)
[2023-01-03T00:07:16.733+0900][gc            ] GC(81) Pause Young (Normal) (G1 Evacuation Pause) 359M->315M(1024M) 18.466ms
[2023-01-03T00:07:16.733+0900][gc,cpu        ] GC(81) User=0.04s Sys=0.01s Real=0.02s
[2023-01-03T00:11:18.846+0900][gc,start      ] GC(82) Pause Young (Normal) (G1 Evacuation Pause)
[2023-01-03T00:11:18.847+0900][gc,task       ] GC(82) Using 8 workers of 8 for evacuation
[2023-01-03T00:11:18.859+0900][gc,phases     ] GC(82)   Pre Evacuate Collection Set: 0.4ms
[2023-01-03T00:11:18.859+0900][gc,phases     ] GC(82)   Evacuate Collection Set: 11.0ms
[2023-01-03T00:11:18.859+0900][gc,phases     ] GC(82)   Post Evacuate Collection Set: 0.4ms
[2023-01-03T00:11:18.859+0900][gc,phases     ] GC(82)   Other: 1.5ms
[2023-01-03T00:11:18.859+0900][gc,heap       ] GC(82) Eden regions: 47->0(46)
[2023-01-03T00:11:18.859+0900][gc,heap       ] GC(82) Survivor regions: 4->5(7)
[2023-01-03T00:11:18.859+0900][gc,heap       ] GC(82) Old regions: 183->183
[2023-01-03T00:11:18.859+0900][gc,heap       ] GC(82) Humongous regions: 129->129
[2023-01-03T00:11:18.859+0900][gc,metaspace  ] GC(82) Metaspace: 51661K->51661K(1095680K)
[2023-01-03T00:11:18.859+0900][gc            ] GC(82) Pause Young (Normal) (G1 Evacuation Pause) 362M->315M(1024M) 13.436ms
[2023-01-03T00:11:18.859+0900][gc,cpu        ] GC(82) User=0.04s Sys=0.00s Real=0.01s
[2023-01-03T00:15:17.410+0900][gc,start      ] GC(83) Pause Young (Normal) (G1 Evacuation Pause)
[2023-01-03T00:15:17.411+0900][gc,task       ] GC(83) Using 8 workers of 8 for evacuation
[2023-01-03T00:15:17.429+0900][gc,phases     ] GC(83)   Pre Evacuate Collection Set: 0.1ms
[2023-01-03T00:15:17.429+0900][gc,phases     ] GC(83)   Evacuate Collection Set: 16.4ms
[2023-01-03T00:15:17.429+0900][gc,phases     ] GC(83)   Post Evacuate Collection Set: 0.8ms
[2023-01-03T00:15:17.429+0900][gc,phases     ] GC(83)   Other: 1.7ms
[2023-01-03T00:15:17.429+0900][gc,heap       ] GC(83) Eden regions: 46->0(48)
[2023-01-03T00:15:17.429+0900][gc,heap       ] GC(83) Survivor regions: 5->7(7)
[2023-01-03T00:15:17.429+0900][gc,heap       ] GC(83) Old regions: 183->184
[2023-01-03T00:15:17.429+0900][gc,heap       ] GC(83) Humongous regions: 129->129
[2023-01-03T00:15:17.429+0900][gc,metaspace  ] GC(83) Metaspace: 51662K->51662K(1095680K)
[2023-01-03T00:15:17.429+0900][gc            ] GC(83) Pause Young (Normal) (G1 Evacuation Pause) 361M->318M(1024M) 19.378ms
[2023-01-03T00:15:17.429+0900][gc,cpu        ] GC(83) User=0.05s Sys=0.01s Real=0.01s
[2023-01-03T00:19:26.453+0900][gc,start      ] GC(84) Pause Young (Normal) (G1 Evacuation Pause)
[2023-01-03T00:19:26.454+0900][gc,task       ] GC(84) Using 8 workers of 8 for evacuation
[2023-01-03T00:19:26.480+0900][gc,mmu        ] GC(84) MMU target violated: 21.0ms (20.0ms/21.0ms)
[2023-01-03T00:19:26.480+0900][gc,phases     ] GC(84)   Pre Evacuate Collection Set: 1.0ms
[2023-01-03T00:19:26.480+0900][gc,phases     ] GC(84)   Evacuate Collection Set: 23.5ms
[2023-01-03T00:19:26.480+0900][gc,phases     ] GC(84)   Post Evacuate Collection Set: 0.8ms
[2023-01-03T00:19:26.480+0900][gc,phases     ] GC(84)   Other: 2.1ms
[2023-01-03T00:19:26.480+0900][gc,heap       ] GC(84) Eden regions: 48->0(45)
[2023-01-03T00:19:26.480+0900][gc,heap       ] GC(84) Survivor regions: 7->6(7)
[2023-01-03T00:19:26.480+0900][gc,heap       ] GC(84) Old regions: 184->189
[2023-01-03T00:19:26.480+0900][gc,heap       ] GC(84) Humongous regions: 129->129
[2023-01-03T00:19:26.480+0900][gc,metaspace  ] GC(84) Metaspace: 51662K->51662K(1095680K)
[2023-01-03T00:19:26.480+0900][gc            ] GC(84) Pause Young (Normal) (G1 Evacuation Pause) 366M->322M(1024M) 27.480ms
[2023-01-03T00:19:26.480+0900][gc,cpu        ] GC(84) User=0.07s Sys=0.04s Real=0.03s
[2023-01-03T00:23:18.629+0900][gc,start      ] GC(85) Pause Young (Normal) (G1 Evacuation Pause)
[2023-01-03T00:23:18.631+0900][gc,task       ] GC(85) Using 8 workers of 8 for evacuation
[2023-01-03T00:23:18.655+0900][gc,mmu        ] GC(85) MMU target violated: 21.0ms (20.0ms/21.0ms)
[2023-01-03T00:23:18.655+0900][gc,phases     ] GC(85)   Pre Evacuate Collection Set: 1.4ms
[2023-01-03T00:23:18.655+0900][gc,phases     ] GC(85)   Evacuate Collection Set: 20.8ms
[2023-01-03T00:23:18.655+0900][gc,phases     ] GC(85)   Post Evacuate Collection Set: 0.8ms
[2023-01-03T00:23:18.655+0900][gc,phases     ] GC(85)   Other: 2.7ms
[2023-01-03T00:23:18.655+0900][gc,heap       ] GC(85) Eden regions: 45->0(47)
[2023-01-03T00:23:18.655+0900][gc,heap       ] GC(85) Survivor regions: 6->4(7)
[2023-01-03T00:23:18.655+0900][gc,heap       ] GC(85) Old regions: 189->191
[2023-01-03T00:23:18.655+0900][gc,heap       ] GC(85) Humongous regions: 129->129
[2023-01-03T00:23:18.655+0900][gc,metaspace  ] GC(85) Metaspace: 51662K->51662K(1095680K)
[2023-01-03T00:23:18.655+0900][gc            ] GC(85) Pause Young (Normal) (G1 Evacuation Pause) 367M->323M(1024M) 25.757ms
[2023-01-03T00:23:18.655+0900][gc,cpu        ] GC(85) User=0.05s Sys=0.03s Real=0.03s
[2023-01-03T00:27:22.103+0900][gc,start      ] GC(86) Pause Young (Normal) (G1 Evacuation Pause)
[2023-01-03T00:27:22.105+0900][gc,task       ] GC(86) Using 8 workers of 8 for evacuation
[2023-01-03T00:27:22.126+0900][gc,mmu        ] GC(86) MMU target violated: 21.0ms (20.0ms/21.0ms)
[2023-01-03T00:27:22.126+0900][gc,phases     ] GC(86)   Pre Evacuate Collection Set: 1.6ms
[2023-01-03T00:27:22.126+0900][gc,phases     ] GC(86)   Evacuate Collection Set: 18.3ms
[2023-01-03T00:27:22.126+0900][gc,phases     ] GC(86)   Post Evacuate Collection Set: 0.9ms
[2023-01-03T00:27:22.126+0900][gc,phases     ] GC(86)   Other: 2.6ms
[2023-01-03T00:27:22.126+0900][gc,heap       ] GC(86) Eden regions: 47->0(44)
[2023-01-03T00:27:22.126+0900][gc,heap       ] GC(86) Survivor regions: 4->7(7)
[2023-01-03T00:27:22.126+0900][gc,heap       ] GC(86) Old regions: 191->191
[2023-01-03T00:27:22.126+0900][gc,heap       ] GC(86) Humongous regions: 129->129
[2023-01-03T00:27:22.126+0900][gc,metaspace  ] GC(86) Metaspace: 51662K->51662K(1095680K)
[2023-01-03T00:27:22.126+0900][gc            ] GC(86) Pause Young (Normal) (G1 Evacuation Pause) 370M->326M(1024M) 23.467ms
[2023-01-03T00:27:22.127+0900][gc,cpu        ] GC(86) User=0.06s Sys=0.02s Real=0.02s
[2023-01-03T00:31:10.364+0900][gc,start      ] GC(87) Pause Young (Normal) (G1 Evacuation Pause)
[2023-01-03T00:31:10.365+0900][gc,task       ] GC(87) Using 8 workers of 8 for evacuation
[2023-01-03T00:31:10.376+0900][gc,phases     ] GC(87)   Pre Evacuate Collection Set: 0.1ms
[2023-01-03T00:31:10.376+0900][gc,phases     ] GC(87)   Evacuate Collection Set: 9.4ms
[2023-01-03T00:31:10.376+0900][gc,phases     ] GC(87)   Post Evacuate Collection Set: 0.5ms
[2023-01-03T00:31:10.376+0900][gc,phases     ] GC(87)   Other: 1.4ms
[2023-01-03T00:31:10.376+0900][gc,heap       ] GC(87) Eden regions: 44->0(63)
[2023-01-03T00:31:10.376+0900][gc,heap       ] GC(87) Survivor regions: 7->3(7)
[2023-01-03T00:31:10.376+0900][gc,heap       ] GC(87) Old regions: 191->195
[2023-01-03T00:31:10.376+0900][gc,heap       ] GC(87) Humongous regions: 129->129
[2023-01-03T00:31:10.376+0900][gc,metaspace  ] GC(87) Metaspace: 51662K->51662K(1095680K)
[2023-01-03T00:31:10.376+0900][gc            ] GC(87) Pause Young (Normal) (G1 Evacuation Pause) 370M->326M(1024M) 11.635ms
[2023-01-03T00:31:10.376+0900][gc,cpu        ] GC(87) User=0.05s Sys=0.01s Real=0.01s
[2023-01-03T00:36:37.306+0900][gc,start      ] GC(88) Pause Young (Normal) (G1 Evacuation Pause)
[2023-01-03T00:36:37.307+0900][gc,task       ] GC(88) Using 8 workers of 8 for evacuation
[2023-01-03T00:36:37.316+0900][gc,phases     ] GC(88)   Pre Evacuate Collection Set: 0.5ms
[2023-01-03T00:36:37.316+0900][gc,phases     ] GC(88)   Evacuate Collection Set: 8.0ms
[2023-01-03T00:36:37.316+0900][gc,phases     ] GC(88)   Post Evacuate Collection Set: 0.4ms
[2023-01-03T00:36:37.316+0900][gc,phases     ] GC(88)   Other: 1.3ms
[2023-01-03T00:36:37.316+0900][gc,heap       ] GC(88) Eden regions: 63->0(67)
[2023-01-03T00:36:37.316+0900][gc,heap       ] GC(88) Survivor regions: 3->6(9)
[2023-01-03T00:36:37.316+0900][gc,heap       ] GC(88) Old regions: 195->195
[2023-01-03T00:36:37.316+0900][gc,heap       ] GC(88) Humongous regions: 129->129
[2023-01-03T00:36:37.316+0900][gc,metaspace  ] GC(88) Metaspace: 51664K->51664K(1095680K)
[2023-01-03T00:36:37.316+0900][gc            ] GC(88) Pause Young (Normal) (G1 Evacuation Pause) 389M->329M(1024M) 10.272ms
[2023-01-03T00:36:37.317+0900][gc,cpu        ] GC(88) User=0.03s Sys=0.02s Real=0.01s
[2023-01-03T00:42:24.687+0900][gc,start      ] GC(89) Pause Young (Normal) (G1 Evacuation Pause)
[2023-01-03T00:42:24.687+0900][gc,task       ] GC(89) Using 8 workers of 8 for evacuation
[2023-01-03T00:42:24.711+0900][gc,mmu        ] GC(89) MMU target violated: 21.0ms (20.0ms/21.0ms)
[2023-01-03T00:42:24.711+0900][gc,phases     ] GC(89)   Pre Evacuate Collection Set: 0.6ms
[2023-01-03T00:42:24.711+0900][gc,phases     ] GC(89)   Evacuate Collection Set: 21.6ms
[2023-01-03T00:42:24.711+0900][gc,phases     ] GC(89)   Post Evacuate Collection Set: 0.8ms
[2023-01-03T00:42:24.711+0900][gc,phases     ] GC(89)   Other: 1.0ms
[2023-01-03T00:42:24.711+0900][gc,heap       ] GC(89) Eden regions: 67->0(63)
[2023-01-03T00:42:24.711+0900][gc,heap       ] GC(89) Survivor regions: 6->7(10)
[2023-01-03T00:42:24.711+0900][gc,heap       ] GC(89) Old regions: 195->198
[2023-01-03T00:42:24.711+0900][gc,heap       ] GC(89) Humongous regions: 129->129
[2023-01-03T00:42:24.711+0900][gc,metaspace  ] GC(89) Metaspace: 51669K->51669K(1095680K)
[2023-01-03T00:42:24.711+0900][gc            ] GC(89) Pause Young (Normal) (G1 Evacuation Pause) 396M->332M(1024M) 24.131ms
[2023-01-03T00:42:24.711+0900][gc,cpu        ] GC(89) User=0.05s Sys=0.02s Real=0.03s
[2023-01-03T00:47:51.560+0900][gc,start      ] GC(90) Pause Young (Normal) (G1 Evacuation Pause)
[2023-01-03T00:47:51.561+0900][gc,task       ] GC(90) Using 8 workers of 8 for evacuation
[2023-01-03T00:47:51.589+0900][gc,mmu        ] GC(90) MMU target violated: 21.0ms (20.0ms/21.0ms)
[2023-01-03T00:47:51.589+0900][gc,phases     ] GC(90)   Pre Evacuate Collection Set: 0.6ms
[2023-01-03T00:47:51.589+0900][gc,phases     ] GC(90)   Evacuate Collection Set: 26.4ms
[2023-01-03T00:47:51.589+0900][gc,phases     ] GC(90)   Post Evacuate Collection Set: 0.7ms
[2023-01-03T00:47:51.589+0900][gc,phases     ] GC(90)   Other: 1.6ms
[2023-01-03T00:47:51.589+0900][gc,heap       ] GC(90) Eden regions: 63->0(47)
[2023-01-03T00:47:51.589+0900][gc,heap       ] GC(90) Survivor regions: 7->7(9)
[2023-01-03T00:47:51.589+0900][gc,heap       ] GC(90) Old regions: 198->201
[2023-01-03T00:47:51.589+0900][gc,heap       ] GC(90) Humongous regions: 129->129
[2023-01-03T00:47:51.589+0900][gc,metaspace  ] GC(90) Metaspace: 51669K->51669K(1095680K)
[2023-01-03T00:47:51.590+0900][gc            ] GC(90) Pause Young (Normal) (G1 Evacuation Pause) 395M->335M(1024M) 29.489ms
[2023-01-03T00:47:51.590+0900][gc,cpu        ] GC(90) User=0.06s Sys=0.02s Real=0.03s
[2023-01-03T00:51:39.979+0900][gc,start      ] GC(91) Pause Young (Normal) (G1 Evacuation Pause)
[2023-01-03T00:51:39.980+0900][gc,task       ] GC(91) Using 8 workers of 8 for evacuation
[2023-01-03T00:51:40.012+0900][gc,mmu        ] GC(91) MMU target violated: 21.0ms (20.0ms/21.0ms)
[2023-01-03T00:51:40.012+0900][gc,phases     ] GC(91)   Pre Evacuate Collection Set: 1.1ms
[2023-01-03T00:51:40.012+0900][gc,phases     ] GC(91)   Evacuate Collection Set: 29.2ms
[2023-01-03T00:51:40.012+0900][gc,phases     ] GC(91)   Post Evacuate Collection Set: 0.6ms
[2023-01-03T00:51:40.012+0900][gc,phases     ] GC(91)   Other: 2.2ms
[2023-01-03T00:51:40.012+0900][gc,heap       ] GC(91) Eden regions: 44->0(44)
[2023-01-03T00:51:40.012+0900][gc,heap       ] GC(91) Survivor regions: 7->7(7)
[2023-01-03T00:51:40.012+0900][gc,heap       ] GC(91) Old regions: 201->204
[2023-01-03T00:51:40.012+0900][gc,heap       ] GC(91) Humongous regions: 129->129
[2023-01-03T00:51:40.012+0900][gc,metaspace  ] GC(91) Metaspace: 51669K->51669K(1095680K)
[2023-01-03T00:51:40.012+0900][gc            ] GC(91) Pause Young (Normal) (G1 Evacuation Pause) 379M->338M(1024M) 33.164ms
[2023-01-03T00:51:40.012+0900][gc,cpu        ] GC(91) User=0.06s Sys=0.04s Real=0.04s
[2023-01-03T00:55:27.384+0900][gc,start      ] GC(92) Pause Young (Normal) (G1 Evacuation Pause)
[2023-01-03T00:55:27.385+0900][gc,task       ] GC(92) Using 8 workers of 8 for evacuation
[2023-01-03T00:55:27.412+0900][gc,mmu        ] GC(92) MMU target violated: 21.0ms (20.0ms/21.0ms)
[2023-01-03T00:55:27.412+0900][gc,phases     ] GC(92)   Pre Evacuate Collection Set: 1.5ms
[2023-01-03T00:55:27.412+0900][gc,phases     ] GC(92)   Evacuate Collection Set: 23.1ms
[2023-01-03T00:55:27.412+0900][gc,phases     ] GC(92)   Post Evacuate Collection Set: 0.8ms
[2023-01-03T00:55:27.412+0900][gc,phases     ] GC(92)   Other: 2.7ms
[2023-01-03T00:55:27.412+0900][gc,heap       ] GC(92) Eden regions: 44->0(44)
[2023-01-03T00:55:27.412+0900][gc,heap       ] GC(92) Survivor regions: 7->7(7)
[2023-01-03T00:55:27.412+0900][gc,heap       ] GC(92) Old regions: 204->207
[2023-01-03T00:55:27.412+0900][gc,heap       ] GC(92) Humongous regions: 129->129
[2023-01-03T00:55:27.412+0900][gc,metaspace  ] GC(92) Metaspace: 51669K->51669K(1095680K)
[2023-01-03T00:55:27.412+0900][gc            ] GC(92) Pause Young (Normal) (G1 Evacuation Pause) 382M->342M(1024M) 28.169ms
[2023-01-03T00:55:27.412+0900][gc,cpu        ] GC(92) User=0.06s Sys=0.04s Real=0.03s
[2023-01-03T00:59:14.309+0900][gc,start      ] GC(93) Pause Young (Normal) (G1 Evacuation Pause)
[2023-01-03T00:59:14.311+0900][gc,task       ] GC(93) Using 8 workers of 8 for evacuation
[2023-01-03T00:59:14.331+0900][gc,mmu        ] GC(93) MMU target violated: 20.3ms (20.0ms/21.0ms)
[2023-01-03T00:59:14.332+0900][gc,phases     ] GC(93)   Pre Evacuate Collection Set: 1.1ms
[2023-01-03T00:59:14.332+0900][gc,phases     ] GC(93)   Evacuate Collection Set: 18.0ms
[2023-01-03T00:59:14.332+0900][gc,phases     ] GC(93)   Post Evacuate Collection Set: 0.7ms
[2023-01-03T00:59:14.332+0900][gc,phases     ] GC(93)   Other: 2.4ms
[2023-01-03T00:59:14.332+0900][gc,heap       ] GC(93) Eden regions: 44->0(55)
[2023-01-03T00:59:14.332+0900][gc,heap       ] GC(93) Survivor regions: 7->3(7)
[2023-01-03T00:59:14.332+0900][gc,heap       ] GC(93) Old regions: 207->211
[2023-01-03T00:59:14.332+0900][gc,heap       ] GC(93) Humongous regions: 129->129
[2023-01-03T00:59:14.332+0900][gc,metaspace  ] GC(93) Metaspace: 51670K->51670K(1095680K)
[2023-01-03T00:59:14.332+0900][gc            ] GC(93) Pause Young (Normal) (G1 Evacuation Pause) 386M->343M(1024M) 22.320ms
[2023-01-03T00:59:14.332+0900][gc,cpu        ] GC(93) User=0.05s Sys=0.03s Real=0.03s
[2023-01-03T01:03:21.686+0900][gc,start      ] GC(94) Pause Young (Normal) (G1 Evacuation Pause)
[2023-01-03T01:03:21.687+0900][gc,task       ] GC(94) Using 8 workers of 8 for evacuation
[2023-01-03T01:03:21.708+0900][gc,mmu        ] GC(94) MMU target violated: 21.0ms (20.0ms/21.0ms)
[2023-01-03T01:03:21.708+0900][gc,phases     ] GC(94)   Pre Evacuate Collection Set: 0.5ms
[2023-01-03T01:03:21.708+0900][gc,phases     ] GC(94)   Evacuate Collection Set: 19.6ms
[2023-01-03T01:03:21.708+0900][gc,phases     ] GC(94)   Post Evacuate Collection Set: 0.9ms
[2023-01-03T01:03:21.708+0900][gc,phases     ] GC(94)   Other: 1.8ms
[2023-01-03T01:03:21.708+0900][gc,heap       ] GC(94) Eden regions: 51->0(44)
[2023-01-03T01:03:21.708+0900][gc,heap       ] GC(94) Survivor regions: 3->7(7)
[2023-01-03T01:03:21.708+0900][gc,heap       ] GC(94) Old regions: 211->212
[2023-01-03T01:03:21.708+0900][gc,heap       ] GC(94) Humongous regions: 129->129
[2023-01-03T01:03:21.708+0900][gc,metaspace  ] GC(94) Metaspace: 51670K->51670K(1095680K)
[2023-01-03T01:03:21.709+0900][gc            ] GC(94) Pause Young (Normal) (G1 Evacuation Pause) 394M->347M(1024M) 22.925ms
[2023-01-03T01:03:21.709+0900][gc,cpu        ] GC(94) User=0.05s Sys=0.02s Real=0.02s
[2023-01-03T01:07:06.501+0900][gc,start      ] GC(95) Pause Young (Normal) (G1 Evacuation Pause)
[2023-01-03T01:07:06.503+0900][gc,task       ] GC(95) Using 8 workers of 8 for evacuation
[2023-01-03T01:07:06.529+0900][gc,mmu        ] GC(95) MMU target violated: 21.0ms (20.0ms/21.0ms)
[2023-01-03T01:07:06.529+0900][gc,phases     ] GC(95)   Pre Evacuate Collection Set: 1.0ms
[2023-01-03T01:07:06.529+0900][gc,phases     ] GC(95)   Evacuate Collection Set: 23.3ms
[2023-01-03T01:07:06.529+0900][gc,phases     ] GC(95)   Post Evacuate Collection Set: 0.8ms
[2023-01-03T01:07:06.529+0900][gc,phases     ] GC(95)   Other: 2.5ms
[2023-01-03T01:07:06.529+0900][gc,heap       ] GC(95) Eden regions: 44->0(46)
[2023-01-03T01:07:06.529+0900][gc,heap       ] GC(95) Survivor regions: 7->5(7)
[2023-01-03T01:07:06.529+0900][gc,heap       ] GC(95) Old regions: 212->217
[2023-01-03T01:07:06.529+0900][gc,heap       ] GC(95) Humongous regions: 129->129
[2023-01-03T01:07:06.529+0900][gc,metaspace  ] GC(95) Metaspace: 51670K->51670K(1095680K)
[2023-01-03T01:07:06.529+0900][gc            ] GC(95) Pause Young (Normal) (G1 Evacuation Pause) 391M->350M(1024M) 27.691ms
[2023-01-03T01:07:06.529+0900][gc,cpu        ] GC(95) User=0.07s Sys=0.03s Real=0.02s
[2023-01-03T01:11:04.460+0900][gc,start      ] GC(96) Pause Young (Normal) (G1 Evacuation Pause)
[2023-01-03T01:11:04.461+0900][gc,task       ] GC(96) Using 8 workers of 8 for evacuation
[2023-01-03T01:11:04.475+0900][gc,phases     ] GC(96)   Pre Evacuate Collection Set: 0.6ms
[2023-01-03T01:11:04.475+0900][gc,phases     ] GC(96)   Evacuate Collection Set: 12.5ms
[2023-01-03T01:11:04.475+0900][gc,phases     ] GC(96)   Post Evacuate Collection Set: 0.6ms
[2023-01-03T01:11:04.475+0900][gc,phases     ] GC(96)   Other: 1.8ms
[2023-01-03T01:11:04.475+0900][gc,heap       ] GC(96) Eden regions: 46->0(50)
[2023-01-03T01:11:04.475+0900][gc,heap       ] GC(96) Survivor regions: 5->4(7)
[2023-01-03T01:11:04.476+0900][gc,heap       ] GC(96) Old regions: 217->219
[2023-01-03T01:11:04.476+0900][gc,heap       ] GC(96) Humongous regions: 129->129
[2023-01-03T01:11:04.476+0900][gc,metaspace  ] GC(96) Metaspace: 51670K->51670K(1095680K)
[2023-01-03T01:11:04.476+0900][gc            ] GC(96) Pause Young (Normal) (G1 Evacuation Pause) 396M->350M(1024M) 15.712ms
[2023-01-03T01:11:04.476+0900][gc,cpu        ] GC(96) User=0.05s Sys=0.02s Real=0.01s
[2023-01-03T01:15:22.451+0900][gc,start      ] GC(97) Pause Young (Normal) (G1 Evacuation Pause)
[2023-01-03T01:15:22.453+0900][gc,task       ] GC(97) Using 8 workers of 8 for evacuation
[2023-01-03T01:15:22.472+0900][gc,phases     ] GC(97)   Pre Evacuate Collection Set: 0.2ms
[2023-01-03T01:15:22.473+0900][gc,phases     ] GC(97)   Evacuate Collection Set: 18.5ms
[2023-01-03T01:15:22.473+0900][gc,phases     ] GC(97)   Post Evacuate Collection Set: 0.6ms
[2023-01-03T01:15:22.473+0900][gc,phases     ] GC(97)   Other: 2.0ms
[2023-01-03T01:15:22.473+0900][gc,heap       ] GC(97) Eden regions: 50->0(47)
[2023-01-03T01:15:22.473+0900][gc,heap       ] GC(97) Survivor regions: 4->7(7)
[2023-01-03T01:15:22.473+0900][gc,heap       ] GC(97) Old regions: 219->219
[2023-01-03T01:15:22.473+0900][gc,heap       ] GC(97) Humongous regions: 129->129
[2023-01-03T01:15:22.473+0900][gc,metaspace  ] GC(97) Metaspace: 51672K->51672K(1095680K)
[2023-01-03T01:15:22.473+0900][gc            ] GC(97) Pause Young (Normal) (G1 Evacuation Pause) 400M->354M(1024M) 21.490ms
[2023-01-03T01:15:22.473+0900][gc,cpu        ] GC(97) User=0.06s Sys=0.01s Real=0.02s
[2023-01-03T01:19:24.689+0900][gc,start      ] GC(98) Pause Young (Normal) (G1 Evacuation Pause)
[2023-01-03T01:19:24.691+0900][gc,task       ] GC(98) Using 8 workers of 8 for evacuation
[2023-01-03T01:19:24.713+0900][gc,mmu        ] GC(98) MMU target violated: 21.0ms (20.0ms/21.0ms)
[2023-01-03T01:19:24.713+0900][gc,phases     ] GC(98)   Pre Evacuate Collection Set: 1.5ms
[2023-01-03T01:19:24.713+0900][gc,phases     ] GC(98)   Evacuate Collection Set: 19.9ms
[2023-01-03T01:19:24.713+0900][gc,phases     ] GC(98)   Post Evacuate Collection Set: 0.4ms
[2023-01-03T01:19:24.713+0900][gc,phases     ] GC(98)   Other: 2.5ms
[2023-01-03T01:19:24.713+0900][gc,heap       ] GC(98) Eden regions: 47->0(50)
[2023-01-03T01:19:24.713+0900][gc,heap       ] GC(98) Survivor regions: 7->4(7)
[2023-01-03T01:19:24.713+0900][gc,heap       ] GC(98) Old regions: 219->223
[2023-01-03T01:19:24.713+0900][gc,heap       ] GC(98) Humongous regions: 129->129
[2023-01-03T01:19:24.714+0900][gc,metaspace  ] GC(98) Metaspace: 51672K->51672K(1095680K)
[2023-01-03T01:19:24.714+0900][gc            ] GC(98) Pause Young (Normal) (G1 Evacuation Pause) 401M->355M(1024M) 24.317ms
[2023-01-03T01:19:24.714+0900][gc,cpu        ] GC(98) User=0.05s Sys=0.02s Real=0.03s
[2023-01-03T01:23:45.009+0900][gc,start      ] GC(99) Pause Young (Normal) (G1 Evacuation Pause)
[2023-01-03T01:23:45.010+0900][gc,task       ] GC(99) Using 8 workers of 8 for evacuation
[2023-01-03T01:23:45.035+0900][gc,mmu        ] GC(99) MMU target violated: 21.0ms (20.0ms/21.0ms)
[2023-01-03T01:23:45.035+0900][gc,phases     ] GC(99)   Pre Evacuate Collection Set: 0.1ms
[2023-01-03T01:23:45.035+0900][gc,phases     ] GC(99)   Evacuate Collection Set: 22.5ms
[2023-01-03T01:23:45.035+0900][gc,phases     ] GC(99)   Post Evacuate Collection Set: 0.4ms
[2023-01-03T01:23:45.035+0900][gc,phases     ] GC(99)   Other: 3.5ms
[2023-01-03T01:23:45.035+0900][gc,heap       ] GC(99) Eden regions: 50->0(44)
[2023-01-03T01:23:45.035+0900][gc,heap       ] GC(99) Survivor regions: 4->7(7)
[2023-01-03T01:23:45.035+0900][gc,heap       ] GC(99) Old regions: 223->223
[2023-01-03T01:23:45.035+0900][gc,heap       ] GC(99) Humongous regions: 129->129
[2023-01-03T01:23:45.035+0900][gc,metaspace  ] GC(99) Metaspace: 51672K->51672K(1095680K)
[2023-01-03T01:23:45.035+0900][gc            ] GC(99) Pause Young (Normal) (G1 Evacuation Pause) 405M->359M(1024M) 26.400ms
[2023-01-03T01:23:45.035+0900][gc,cpu        ] GC(99) User=0.06s Sys=0.02s Real=0.03s
[2023-01-03T01:27:30.615+0900][gc,start      ] GC(100) Pause Young (Normal) (G1 Evacuation Pause)
[2023-01-03T01:27:30.617+0900][gc,task       ] GC(100) Using 8 workers of 8 for evacuation
[2023-01-03T01:27:30.637+0900][gc,mmu        ] GC(100) MMU target violated: 20.4ms (20.0ms/21.0ms)
[2023-01-03T01:27:30.638+0900][gc,phases     ] GC(100)   Pre Evacuate Collection Set: 1.3ms
[2023-01-03T01:27:30.638+0900][gc,phases     ] GC(100)   Evacuate Collection Set: 18.3ms
[2023-01-03T01:27:30.638+0900][gc,phases     ] GC(100)   Post Evacuate Collection Set: 0.5ms
[2023-01-03T01:27:30.638+0900][gc,phases     ] GC(100)   Other: 2.3ms
[2023-01-03T01:27:30.638+0900][gc,heap       ] GC(100) Eden regions: 44->0(47)
[2023-01-03T01:27:30.638+0900][gc,heap       ] GC(100) Survivor regions: 7->4(7)
[2023-01-03T01:27:30.638+0900][gc,heap       ] GC(100) Old regions: 223->228
[2023-01-03T01:27:30.638+0900][gc,heap       ] GC(100) Humongous regions: 129->129
[2023-01-03T01:27:30.638+0900][gc,metaspace  ] GC(100) Metaspace: 51681K->51681K(1095680K)
[2023-01-03T01:27:30.638+0900][gc            ] GC(100) Pause Young (Normal) (G1 Evacuation Pause) 403M->359M(1024M) 22.485ms
[2023-01-03T01:27:30.638+0900][gc,cpu        ] GC(100) User=0.06s Sys=0.02s Real=0.02s
[2023-01-03T01:31:34.281+0900][gc,start      ] GC(101) Pause Young (Normal) (G1 Evacuation Pause)
[2023-01-03T01:31:34.282+0900][gc,task       ] GC(101) Using 8 workers of 8 for evacuation
[2023-01-03T01:31:34.303+0900][gc,mmu        ] GC(101) MMU target violated: 20.1ms (20.0ms/21.0ms)
[2023-01-03T01:31:34.303+0900][gc,phases     ] GC(101)   Pre Evacuate Collection Set: 1.1ms
[2023-01-03T01:31:34.303+0900][gc,phases     ] GC(101)   Evacuate Collection Set: 17.9ms
[2023-01-03T01:31:34.303+0900][gc,phases     ] GC(101)   Post Evacuate Collection Set: 0.8ms
[2023-01-03T01:31:34.303+0900][gc,phases     ] GC(101)   Other: 2.2ms
[2023-01-03T01:31:34.303+0900][gc,heap       ] GC(101) Eden regions: 47->0(46)
[2023-01-03T01:31:34.303+0900][gc,heap       ] GC(101) Survivor regions: 4->7(7)
[2023-01-03T01:31:34.303+0900][gc,heap       ] GC(101) Old regions: 228->228
[2023-01-03T01:31:34.303+0900][gc,heap       ] GC(101) Humongous regions: 129->129
[2023-01-03T01:31:34.303+0900][gc,metaspace  ] GC(101) Metaspace: 51681K->51681K(1095680K)
[2023-01-03T01:31:34.303+0900][gc            ] GC(101) Pause Young (Normal) (G1 Evacuation Pause) 406M->362M(1024M) 22.135ms
[2023-01-03T01:31:34.303+0900][gc,cpu        ] GC(101) User=0.06s Sys=0.03s Real=0.02s
[2023-01-03T01:35:30.602+0900][gc,start      ] GC(102) Pause Young (Normal) (G1 Evacuation Pause)
[2023-01-03T01:35:30.604+0900][gc,task       ] GC(102) Using 8 workers of 8 for evacuation
[2023-01-03T01:35:30.626+0900][gc,mmu        ] GC(102) MMU target violated: 21.0ms (20.0ms/21.0ms)
[2023-01-03T01:35:30.626+0900][gc,phases     ] GC(102)   Pre Evacuate Collection Set: 0.6ms
[2023-01-03T01:35:30.626+0900][gc,phases     ] GC(102)   Evacuate Collection Set: 18.3ms
[2023-01-03T01:35:30.626+0900][gc,phases     ] GC(102)   Post Evacuate Collection Set: 2.7ms
[2023-01-03T01:35:30.626+0900][gc,phases     ] GC(102)   Other: 2.4ms
[2023-01-03T01:35:30.626+0900][gc,heap       ] GC(102) Eden regions: 46->0(50)
[2023-01-03T01:35:30.627+0900][gc,heap       ] GC(102) Survivor regions: 7->3(7)
[2023-01-03T01:35:30.627+0900][gc,heap       ] GC(102) Old regions: 228->232
[2023-01-03T01:35:30.627+0900][gc,heap       ] GC(102) Humongous regions: 129->129
[2023-01-03T01:35:30.627+0900][gc,metaspace  ] GC(102) Metaspace: 51681K->51681K(1095680K)
[2023-01-03T01:35:30.627+0900][gc            ] GC(102) Pause Young (Normal) (G1 Evacuation Pause) 408M->363M(1024M) 24.208ms
[2023-01-03T01:35:30.627+0900][gc,cpu        ] GC(102) User=0.06s Sys=0.01s Real=0.02s
[2023-01-03T01:39:45.463+0900][gc,start      ] GC(103) Pause Young (Concurrent Start) (G1 Evacuation Pause)
[2023-01-03T01:39:45.463+0900][gc,task       ] GC(103) Using 8 workers of 8 for evacuation
[2023-01-03T01:39:45.487+0900][gc,mmu        ] GC(103) MMU target violated: 21.0ms (20.0ms/21.0ms)
[2023-01-03T01:39:45.487+0900][gc,phases     ] GC(103)   Pre Evacuate Collection Set: 1.8ms
[2023-01-03T01:39:45.487+0900][gc,phases     ] GC(103)   Evacuate Collection Set: 20.5ms
[2023-01-03T01:39:45.487+0900][gc,phases     ] GC(103)   Post Evacuate Collection Set: 0.5ms
[2023-01-03T01:39:45.488+0900][gc,phases     ] GC(103)   Other: 1.9ms
[2023-01-03T01:39:45.488+0900][gc,heap       ] GC(103) Eden regions: 49->0(46)
[2023-01-03T01:39:45.488+0900][gc,heap       ] GC(103) Survivor regions: 3->7(7)
[2023-01-03T01:39:45.488+0900][gc,heap       ] GC(103) Old regions: 232->232
[2023-01-03T01:39:45.488+0900][gc,heap       ] GC(103) Humongous regions: 129->129
[2023-01-03T01:39:45.488+0900][gc,metaspace  ] GC(103) Metaspace: 51681K->51681K(1095680K)
[2023-01-03T01:39:45.488+0900][gc            ] GC(103) Pause Young (Concurrent Start) (G1 Evacuation Pause) 412M->366M(1024M) 24.824ms
[2023-01-03T01:39:45.488+0900][gc,cpu        ] GC(103) User=0.05s Sys=0.02s Real=0.02s
[2023-01-03T01:39:45.488+0900][gc            ] GC(104) Concurrent Cycle
[2023-01-03T01:39:45.488+0900][gc,marking    ] GC(104) Concurrent Clear Claimed Marks
[2023-01-03T01:39:45.489+0900][gc,marking    ] GC(104) Concurrent Clear Claimed Marks 0.402ms
[2023-01-03T01:39:45.489+0900][gc,marking    ] GC(104) Concurrent Scan Root Regions
[2023-01-03T01:39:45.496+0900][gc,marking    ] GC(104) Concurrent Scan Root Regions 6.861ms
[2023-01-03T01:39:45.496+0900][gc,marking    ] GC(104) Concurrent Mark (23884.546s)
[2023-01-03T01:39:45.496+0900][gc,marking    ] GC(104) Concurrent Mark From Roots
[2023-01-03T01:39:45.496+0900][gc,task       ] GC(104) Using 2 workers of 2 for marking
[2023-01-03T01:39:45.529+0900][gc,marking    ] GC(104) Concurrent Mark From Roots 32.919ms
[2023-01-03T01:39:45.529+0900][gc,marking    ] GC(104) Concurrent Preclean
[2023-01-03T01:39:45.529+0900][gc,marking    ] GC(104) Concurrent Preclean 0.253ms
[2023-01-03T01:39:45.529+0900][gc,marking    ] GC(104) Concurrent Mark (23884.546s, 23884.579s) 33.271ms
[2023-01-03T01:39:45.530+0900][gc,start      ] GC(104) Pause Remark
[2023-01-03T01:39:45.606+0900][gc,stringtable] GC(104) Cleaned string and symbol table, strings: 17822 processed, 347 removed, symbols: 125703 processed, 10 removed
[2023-01-03T01:39:45.607+0900][gc,mmu        ] GC(104) MMU target violated: 21.0ms (20.0ms/21.0ms)
[2023-01-03T01:39:45.607+0900][gc            ] GC(104) Pause Remark 367M->291M(1024M) 77.446ms
[2023-01-03T01:39:45.607+0900][gc,cpu        ] GC(104) User=0.05s Sys=0.11s Real=0.07s
[2023-01-03T01:39:45.607+0900][gc,marking    ] GC(104) Concurrent Rebuild Remembered Sets
[2023-01-03T01:39:45.618+0900][gc,marking    ] GC(104) Concurrent Rebuild Remembered Sets 11.134ms
[2023-01-03T01:39:45.619+0900][gc,start      ] GC(104) Pause Cleanup
[2023-01-03T01:39:45.619+0900][gc            ] GC(104) Pause Cleanup 291M->291M(1024M) 0.139ms
[2023-01-03T01:39:45.619+0900][gc,cpu        ] GC(104) User=0.00s Sys=0.00s Real=0.00s
[2023-01-03T01:39:45.619+0900][gc,marking    ] GC(104) Concurrent Cleanup for Next Mark
[2023-01-03T01:39:45.627+0900][gc,marking    ] GC(104) Concurrent Cleanup for Next Mark 7.861ms
[2023-01-03T01:39:45.637+0900][gc            ] GC(104) Concurrent Cycle 149.040ms
[2023-01-03T01:43:31.384+0900][gc,start      ] GC(105) Pause Young (Prepare Mixed) (G1 Evacuation Pause)
[2023-01-03T01:43:31.385+0900][gc,task       ] GC(105) Using 8 workers of 8 for evacuation
[2023-01-03T01:43:31.409+0900][gc,mmu        ] GC(105) MMU target violated: 21.0ms (20.0ms/21.0ms)
[2023-01-03T01:43:31.409+0900][gc,phases     ] GC(105)   Pre Evacuate Collection Set: 0.9ms
[2023-01-03T01:43:31.409+0900][gc,phases     ] GC(105)   Evacuate Collection Set: 22.3ms
[2023-01-03T01:43:31.409+0900][gc,phases     ] GC(105)   Post Evacuate Collection Set: 0.7ms
[2023-01-03T01:43:31.409+0900][gc,phases     ] GC(105)   Other: 1.7ms
[2023-01-03T01:43:31.409+0900][gc,heap       ] GC(105) Eden regions: 44->0(45)
[2023-01-03T01:43:31.409+0900][gc,heap       ] GC(105) Survivor regions: 7->6(7)
[2023-01-03T01:43:31.409+0900][gc,heap       ] GC(105) Old regions: 156->161
[2023-01-03T01:43:31.409+0900][gc,heap       ] GC(105) Humongous regions: 129->129
[2023-01-03T01:43:31.409+0900][gc,metaspace  ] GC(105) Metaspace: 51484K->51484K(1095680K)
[2023-01-03T01:43:31.409+0900][gc            ] GC(105) Pause Young (Prepare Mixed) (G1 Evacuation Pause) 334M->294M(1024M) 25.741ms
[2023-01-03T01:43:31.409+0900][gc,cpu        ] GC(105) User=0.07s Sys=0.03s Real=0.02s
[2023-01-03T01:47:23.276+0900][gc,start      ] GC(106) Pause Young (Mixed) (G1 Evacuation Pause)
[2023-01-03T01:47:23.277+0900][gc,task       ] GC(106) Using 8 workers of 8 for evacuation
[2023-01-03T01:47:23.295+0900][gc,phases     ] GC(106)   Pre Evacuate Collection Set: 0.2ms
[2023-01-03T01:47:23.295+0900][gc,phases     ] GC(106)   Evacuate Collection Set: 16.1ms
[2023-01-03T01:47:23.295+0900][gc,phases     ] GC(106)   Post Evacuate Collection Set: 0.9ms
[2023-01-03T01:47:23.295+0900][gc,phases     ] GC(106)   Other: 2.0ms
[2023-01-03T01:47:23.295+0900][gc,heap       ] GC(106) Eden regions: 45->0(47)
[2023-01-03T01:47:23.295+0900][gc,heap       ] GC(106) Survivor regions: 6->4(7)
[2023-01-03T01:47:23.295+0900][gc,heap       ] GC(106) Old regions: 161->145
[2023-01-03T01:47:23.295+0900][gc,heap       ] GC(106) Humongous regions: 129->129
[2023-01-03T01:47:23.295+0900][gc,metaspace  ] GC(106) Metaspace: 51484K->51484K(1095680K)
[2023-01-03T01:47:23.296+0900][gc            ] GC(106) Pause Young (Mixed) (G1 Evacuation Pause) 339M->276M(1024M) 19.399ms
[2023-01-03T01:47:23.296+0900][gc,cpu        ] GC(106) User=0.05s Sys=0.01s Real=0.02s
[2023-01-03T01:51:26.567+0900][gc,start      ] GC(107) Pause Young (Mixed) (G1 Evacuation Pause)
[2023-01-03T01:51:26.568+0900][gc,task       ] GC(107) Using 8 workers of 8 for evacuation
[2023-01-03T01:51:26.584+0900][gc,phases     ] GC(107)   Pre Evacuate Collection Set: 0.7ms
[2023-01-03T01:51:26.585+0900][gc,phases     ] GC(107)   Evacuate Collection Set: 15.2ms
[2023-01-03T01:51:26.585+0900][gc,phases     ] GC(107)   Post Evacuate Collection Set: 0.5ms
[2023-01-03T01:51:26.585+0900][gc,phases     ] GC(107)   Other: 1.5ms
[2023-01-03T01:51:26.585+0900][gc,heap       ] GC(107) Eden regions: 47->0(44)
[2023-01-03T01:51:26.585+0900][gc,heap       ] GC(107) Survivor regions: 4->7(7)
[2023-01-03T01:51:26.585+0900][gc,heap       ] GC(107) Old regions: 145->127
[2023-01-03T01:51:26.585+0900][gc,heap       ] GC(107) Humongous regions: 129->129
[2023-01-03T01:51:26.585+0900][gc,metaspace  ] GC(107) Metaspace: 51484K->51484K(1095680K)
[2023-01-03T01:51:26.585+0900][gc            ] GC(107) Pause Young (Mixed) (G1 Evacuation Pause) 323M->262M(1024M) 18.032ms
[2023-01-03T01:51:26.585+0900][gc,cpu        ] GC(107) User=0.04s Sys=0.02s Real=0.02s
[2023-01-03T01:55:14.448+0900][gc,start      ] GC(108) Pause Young (Mixed) (G1 Evacuation Pause)
[2023-01-03T01:55:14.449+0900][gc,task       ] GC(108) Using 8 workers of 8 for evacuation
[2023-01-03T01:55:14.473+0900][gc,mmu        ] GC(108) MMU target violated: 21.0ms (20.0ms/21.0ms)
[2023-01-03T01:55:14.473+0900][gc,phases     ] GC(108)   Pre Evacuate Collection Set: 0.6ms
[2023-01-03T01:55:14.473+0900][gc,phases     ] GC(108)   Evacuate Collection Set: 21.6ms
[2023-01-03T01:55:14.473+0900][gc,phases     ] GC(108)   Post Evacuate Collection Set: 0.9ms
[2023-01-03T01:55:14.473+0900][gc,phases     ] GC(108)   Other: 2.3ms
[2023-01-03T01:55:14.473+0900][gc,heap       ] GC(108) Eden regions: 44->0(48)
[2023-01-03T01:55:14.473+0900][gc,heap       ] GC(108) Survivor regions: 7->3(7)
[2023-01-03T01:55:14.473+0900][gc,heap       ] GC(108) Old regions: 127->114
[2023-01-03T01:55:14.473+0900][gc,heap       ] GC(108) Humongous regions: 129->129
[2023-01-03T01:55:14.473+0900][gc,metaspace  ] GC(108) Metaspace: 51484K->51484K(1095680K)
[2023-01-03T01:55:14.473+0900][gc            ] GC(108) Pause Young (Mixed) (G1 Evacuation Pause) 306M->244M(1024M) 25.539ms
[2023-01-03T01:55:14.473+0900][gc,cpu        ] GC(108) User=0.05s Sys=0.02s Real=0.03s
[2023-01-03T01:59:22.103+0900][gc,start      ] GC(109) Pause Young (Mixed) (G1 Evacuation Pause)
[2023-01-03T01:59:22.103+0900][gc,task       ] GC(109) Using 8 workers of 8 for evacuation
[2023-01-03T01:59:22.123+0900][gc,phases     ] GC(109)   Pre Evacuate Collection Set: 0.7ms
[2023-01-03T01:59:22.123+0900][gc,phases     ] GC(109)   Evacuate Collection Set: 18.0ms
[2023-01-03T01:59:22.123+0900][gc,phases     ] GC(109)   Post Evacuate Collection Set: 0.8ms
[2023-01-03T01:59:22.123+0900][gc,phases     ] GC(109)   Other: 0.8ms
[2023-01-03T01:59:22.123+0900][gc,heap       ] GC(109) Eden regions: 48->0(45)
[2023-01-03T01:59:22.123+0900][gc,heap       ] GC(109) Survivor regions: 3->6(7)
[2023-01-03T01:59:22.123+0900][gc,heap       ] GC(109) Old regions: 114->96
[2023-01-03T01:59:22.123+0900][gc,heap       ] GC(109) Humongous regions: 129->129
[2023-01-03T01:59:22.123+0900][gc,metaspace  ] GC(109) Metaspace: 51484K->51484K(1095680K)
[2023-01-03T01:59:22.123+0900][gc            ] GC(109) Pause Young (Mixed) (G1 Evacuation Pause) 292M->230M(1024M) 20.525ms
[2023-01-03T01:59:22.123+0900][gc,cpu        ] GC(109) User=0.04s Sys=0.02s Real=0.02s
[2023-01-03T02:03:01.121+0900][gc,start      ] GC(110) Pause Young (Mixed) (G1 Evacuation Pause)
[2023-01-03T02:03:01.121+0900][gc,task       ] GC(110) Using 8 workers of 8 for evacuation
[2023-01-03T02:03:01.155+0900][gc,mmu        ] GC(110) MMU target violated: 21.0ms (20.0ms/21.0ms)
[2023-01-03T02:03:01.155+0900][gc,phases     ] GC(110)   Pre Evacuate Collection Set: 1.0ms
[2023-01-03T02:03:01.156+0900][gc,phases     ] GC(110)   Evacuate Collection Set: 30.5ms
[2023-01-03T02:03:01.156+0900][gc,phases     ] GC(110)   Post Evacuate Collection Set: 1.1ms
[2023-01-03T02:03:01.156+0900][gc,phases     ] GC(110)   Other: 4.7ms
[2023-01-03T02:03:01.156+0900][gc,heap       ] GC(110) Eden regions: 45->0(44)
[2023-01-03T02:03:01.156+0900][gc,heap       ] GC(110) Survivor regions: 6->7(7)
[2023-01-03T02:03:01.156+0900][gc,heap       ] GC(110) Old regions: 96->85
[2023-01-03T02:03:01.156+0900][gc,heap       ] GC(110) Humongous regions: 129->129
[2023-01-03T02:03:01.156+0900][gc,metaspace  ] GC(110) Metaspace: 51484K->51484K(1095680K)
[2023-01-03T02:03:01.156+0900][gc            ] GC(110) Pause Young (Mixed) (G1 Evacuation Pause) 275M->220M(1024M) 36.141ms
[2023-01-03T02:03:01.156+0900][gc,cpu        ] GC(110) User=0.07s Sys=0.06s Real=0.03s
[2023-01-03T02:06:45.170+0900][gc,start      ] GC(111) Pause Young (Normal) (G1 Evacuation Pause)
[2023-01-03T02:06:45.171+0900][gc,task       ] GC(111) Using 8 workers of 8 for evacuation
[2023-01-03T02:06:45.202+0900][gc,mmu        ] GC(111) MMU target violated: 21.0ms (20.0ms/21.0ms)
[2023-01-03T02:06:45.202+0900][gc,phases     ] GC(111)   Pre Evacuate Collection Set: 1.3ms
[2023-01-03T02:06:45.202+0900][gc,phases     ] GC(111)   Evacuate Collection Set: 27.6ms
[2023-01-03T02:06:45.202+0900][gc,phases     ] GC(111)   Post Evacuate Collection Set: 0.9ms
[2023-01-03T02:06:45.202+0900][gc,phases     ] GC(111)   Other: 2.5ms
[2023-01-03T02:06:45.202+0900][gc,heap       ] GC(111) Eden regions: 44->0(48)
[2023-01-03T02:06:45.202+0900][gc,heap       ] GC(111) Survivor regions: 7->3(7)
[2023-01-03T02:06:45.202+0900][gc,heap       ] GC(111) Old regions: 85->88
[2023-01-03T02:06:45.202+0900][gc,heap       ] GC(111) Humongous regions: 129->129
[2023-01-03T02:06:45.202+0900][gc,metaspace  ] GC(111) Metaspace: 51484K->51484K(1095680K)
[2023-01-03T02:06:45.202+0900][gc            ] GC(111) Pause Young (Normal) (G1 Evacuation Pause) 264M->219M(1024M) 32.447ms
[2023-01-03T02:06:45.202+0900][gc,cpu        ] GC(111) User=0.04s Sys=0.04s Real=0.03s
[2023-01-03T02:10:53.380+0900][gc,start      ] GC(112) Pause Young (Normal) (G1 Evacuation Pause)
[2023-01-03T02:10:53.380+0900][gc,task       ] GC(112) Using 8 workers of 8 for evacuation
[2023-01-03T02:10:53.402+0900][gc,mmu        ] GC(112) MMU target violated: 21.0ms (20.0ms/21.0ms)
[2023-01-03T02:10:53.402+0900][gc,phases     ] GC(112)   Pre Evacuate Collection Set: 1.0ms
[2023-01-03T02:10:53.402+0900][gc,phases     ] GC(112)   Evacuate Collection Set: 18.2ms
[2023-01-03T02:10:53.402+0900][gc,phases     ] GC(112)   Post Evacuate Collection Set: 0.8ms
[2023-01-03T02:10:53.402+0900][gc,phases     ] GC(112)   Other: 2.1ms
[2023-01-03T02:10:53.402+0900][gc,heap       ] GC(112) Eden regions: 48->0(45)
[2023-01-03T02:10:53.402+0900][gc,heap       ] GC(112) Survivor regions: 3->6(7)
[2023-01-03T02:10:53.402+0900][gc,heap       ] GC(112) Old regions: 88->88
[2023-01-03T02:10:53.402+0900][gc,heap       ] GC(112) Humongous regions: 129->129
[2023-01-03T02:10:53.402+0900][gc,metaspace  ] GC(112) Metaspace: 51484K->51484K(1095680K)
[2023-01-03T02:10:53.402+0900][gc            ] GC(112) Pause Young (Normal) (G1 Evacuation Pause) 267M->222M(1024M) 22.173ms
[2023-01-03T02:10:53.402+0900][gc,cpu        ] GC(112) User=0.04s Sys=0.02s Real=0.02s
[2023-01-03T02:14:46.426+0900][gc,start      ] GC(113) Pause Young (Normal) (G1 Evacuation Pause)
[2023-01-03T02:14:46.428+0900][gc,task       ] GC(113) Using 8 workers of 8 for evacuation
[2023-01-03T02:14:46.457+0900][gc,mmu        ] GC(113) MMU target violated: 21.0ms (20.0ms/21.0ms)
[2023-01-03T02:14:46.457+0900][gc,phases     ] GC(113)   Pre Evacuate Collection Set: 1.3ms
[2023-01-03T02:14:46.457+0900][gc,phases     ] GC(113)   Evacuate Collection Set: 26.7ms
[2023-01-03T02:14:46.457+0900][gc,phases     ] GC(113)   Post Evacuate Collection Set: 0.7ms
[2023-01-03T02:14:46.457+0900][gc,phases     ] GC(113)   Other: 2.6ms
[2023-01-03T02:14:46.457+0900][gc,heap       ] GC(113) Eden regions: 45->0(45)
[2023-01-03T02:14:46.457+0900][gc,heap       ] GC(113) Survivor regions: 6->6(7)
[2023-01-03T02:14:46.458+0900][gc,heap       ] GC(113) Old regions: 88->92
[2023-01-03T02:14:46.458+0900][gc,heap       ] GC(113) Humongous regions: 129->129
[2023-01-03T02:14:46.458+0900][gc,metaspace  ] GC(113) Metaspace: 51484K->51484K(1095680K)
[2023-01-03T02:14:46.458+0900][gc            ] GC(113) Pause Young (Normal) (G1 Evacuation Pause) 267M->225M(1024M) 31.361ms
[2023-01-03T02:14:46.458+0900][gc,cpu        ] GC(113) User=0.06s Sys=0.05s Real=0.03s
[2023-01-03T02:19:29.448+0900][gc,start      ] GC(114) Pause Young (Normal) (G1 Evacuation Pause)
[2023-01-03T02:19:29.449+0900][gc,task       ] GC(114) Using 8 workers of 8 for evacuation
[2023-01-03T02:19:29.481+0900][gc,mmu        ] GC(114) MMU target violated: 21.0ms (20.0ms/21.0ms)
[2023-01-03T02:19:29.481+0900][gc,phases     ] GC(114)   Pre Evacuate Collection Set: 1.2ms
[2023-01-03T02:19:29.481+0900][gc,phases     ] GC(114)   Evacuate Collection Set: 28.6ms
[2023-01-03T02:19:29.481+0900][gc,phases     ] GC(114)   Post Evacuate Collection Set: 0.7ms
[2023-01-03T02:19:29.481+0900][gc,phases     ] GC(114)   Other: 3.0ms
[2023-01-03T02:19:29.481+0900][gc,heap       ] GC(114) Eden regions: 45->0(47)
[2023-01-03T02:19:29.481+0900][gc,heap       ] GC(114) Survivor regions: 6->4(7)
[2023-01-03T02:19:29.481+0900][gc,heap       ] GC(114) Old regions: 92->94
[2023-01-03T02:19:29.481+0900][gc,heap       ] GC(114) Humongous regions: 129->129
[2023-01-03T02:19:29.481+0900][gc,metaspace  ] GC(114) Metaspace: 51484K->51484K(1095680K)
[2023-01-03T02:19:29.481+0900][gc            ] GC(114) Pause Young (Normal) (G1 Evacuation Pause) 270M->226M(1024M) 33.524ms
[2023-01-03T02:19:29.481+0900][gc,cpu        ] GC(114) User=0.05s Sys=0.04s Real=0.04s
[2023-01-03T03:43:20.363+0900][gc,start      ] GC(115) Pause Young (Normal) (G1 Evacuation Pause)
[2023-01-03T03:43:20.365+0900][gc,task       ] GC(115) Using 8 workers of 8 for evacuation
[2023-01-03T03:43:20.387+0900][gc,mmu        ] GC(115) MMU target violated: 21.0ms (20.0ms/21.0ms)
[2023-01-03T03:43:20.387+0900][gc,phases     ] GC(115)   Pre Evacuate Collection Set: 1.3ms
[2023-01-03T03:43:20.387+0900][gc,phases     ] GC(115)   Evacuate Collection Set: 19.2ms
[2023-01-03T03:43:20.387+0900][gc,phases     ] GC(115)   Post Evacuate Collection Set: 0.6ms
[2023-01-03T03:43:20.387+0900][gc,phases     ] GC(115)   Other: 2.6ms
[2023-01-03T03:43:20.387+0900][gc,heap       ] GC(115) Eden regions: 47->0(44)
[2023-01-03T03:43:20.387+0900][gc,heap       ] GC(115) Survivor regions: 4->7(7)
[2023-01-03T03:43:20.387+0900][gc,heap       ] GC(115) Old regions: 94->94
[2023-01-03T03:43:20.387+0900][gc,heap       ] GC(115) Humongous regions: 129->129
[2023-01-03T03:43:20.387+0900][gc,metaspace  ] GC(115) Metaspace: 51485K->51485K(1095680K)
[2023-01-03T03:43:20.387+0900][gc            ] GC(115) Pause Young (Normal) (G1 Evacuation Pause) 273M->229M(1024M) 23.823ms
[2023-01-03T03:43:20.387+0900][gc,cpu        ] GC(115) User=0.06s Sys=0.02s Real=0.02s
[2023-01-03T10:11:31.895+0900][gc,start      ] GC(116) Pause Young (Normal) (G1 Evacuation Pause)
[2023-01-03T10:11:31.896+0900][gc,task       ] GC(116) Using 8 workers of 8 for evacuation
[2023-01-03T10:11:31.912+0900][gc,phases     ] GC(116)   Pre Evacuate Collection Set: 0.1ms
[2023-01-03T10:11:31.912+0900][gc,phases     ] GC(116)   Evacuate Collection Set: 15.2ms
[2023-01-03T10:11:31.912+0900][gc,phases     ] GC(116)   Post Evacuate Collection Set: 0.6ms
[2023-01-03T10:11:31.912+0900][gc,phases     ] GC(116)   Other: 1.1ms
[2023-01-03T10:11:31.912+0900][gc,heap       ] GC(116) Eden regions: 44->0(48)
[2023-01-03T10:11:31.912+0900][gc,heap       ] GC(116) Survivor regions: 7->3(7)
[2023-01-03T10:11:31.912+0900][gc,heap       ] GC(116) Old regions: 94->99
[2023-01-03T10:11:31.912+0900][gc,heap       ] GC(116) Humongous regions: 129->129
[2023-01-03T10:11:31.912+0900][gc,metaspace  ] GC(116) Metaspace: 51490K->51490K(1095680K)
[2023-01-03T10:11:31.913+0900][gc            ] GC(116) Pause Young (Normal) (G1 Evacuation Pause) 273M->230M(1024M) 17.300ms
[2023-01-03T10:11:31.913+0900][gc,cpu        ] GC(116) User=0.04s Sys=0.01s Real=0.02s
[2023-01-03T12:45:03.061+0900][gc,start      ] GC(117) Pause Young (Normal) (G1 Evacuation Pause)
[2023-01-03T12:45:03.063+0900][gc,task       ] GC(117) Using 8 workers of 8 for evacuation
[2023-01-03T12:45:03.084+0900][gc,mmu        ] GC(117) MMU target violated: 21.0ms (20.0ms/21.0ms)
[2023-01-03T12:45:03.085+0900][gc,phases     ] GC(117)   Pre Evacuate Collection Set: 1.4ms
[2023-01-03T12:45:03.085+0900][gc,phases     ] GC(117)   Evacuate Collection Set: 18.5ms
[2023-01-03T12:45:03.085+0900][gc,phases     ] GC(117)   Post Evacuate Collection Set: 1.4ms
[2023-01-03T12:45:03.085+0900][gc,phases     ] GC(117)   Other: 2.0ms
[2023-01-03T12:45:03.085+0900][gc,heap       ] GC(117) Eden regions: 48->0(45)
[2023-01-03T12:45:03.085+0900][gc,heap       ] GC(117) Survivor regions: 3->6(7)
[2023-01-03T12:45:03.085+0900][gc,heap       ] GC(117) Old regions: 99->99
[2023-01-03T12:45:03.085+0900][gc,heap       ] GC(117) Humongous regions: 129->129
[2023-01-03T12:45:03.085+0900][gc,metaspace  ] GC(117) Metaspace: 51513K->51513K(1095680K)
[2023-01-03T12:45:03.085+0900][gc            ] GC(117) Pause Young (Normal) (G1 Evacuation Pause) 278M->233M(1024M) 23.415ms
[2023-01-03T12:45:03.085+0900][gc,cpu        ] GC(117) User=0.04s Sys=0.02s Real=0.02s
[2023-01-03T12:48:56.688+0900][gc,start      ] GC(118) Pause Young (Normal) (G1 Evacuation Pause)
[2023-01-03T12:48:56.689+0900][gc,task       ] GC(118) Using 8 workers of 8 for evacuation
[2023-01-03T12:48:56.710+0900][gc,mmu        ] GC(118) MMU target violated: 20.7ms (20.0ms/21.0ms)
[2023-01-03T12:48:56.710+0900][gc,phases     ] GC(118)   Pre Evacuate Collection Set: 0.8ms
[2023-01-03T12:48:56.710+0900][gc,phases     ] GC(118)   Evacuate Collection Set: 18.9ms
[2023-01-03T12:48:56.710+0900][gc,phases     ] GC(118)   Post Evacuate Collection Set: 0.6ms
[2023-01-03T12:48:56.710+0900][gc,phases     ] GC(118)   Other: 2.2ms
[2023-01-03T12:48:56.710+0900][gc,heap       ] GC(118) Eden regions: 45->0(45)
[2023-01-03T12:48:56.711+0900][gc,heap       ] GC(118) Survivor regions: 6->6(7)
[2023-01-03T12:48:56.711+0900][gc,heap       ] GC(118) Old regions: 99->103
[2023-01-03T12:48:56.711+0900][gc,heap       ] GC(118) Humongous regions: 129->129
[2023-01-03T12:48:56.711+0900][gc,metaspace  ] GC(118) Metaspace: 51513K->51513K(1095680K)
[2023-01-03T12:48:56.711+0900][gc            ] GC(118) Pause Young (Normal) (G1 Evacuation Pause) 278M->236M(1024M) 22.617ms
[2023-01-03T12:48:56.711+0900][gc,cpu        ] GC(118) User=0.06s Sys=0.05s Real=0.03s
[2023-01-03T12:52:49.529+0900][gc,start      ] GC(119) Pause Young (Normal) (G1 Evacuation Pause)
[2023-01-03T12:52:49.530+0900][gc,task       ] GC(119) Using 8 workers of 8 for evacuation
[2023-01-03T12:52:49.540+0900][gc,phases     ] GC(119)   Pre Evacuate Collection Set: 0.3ms
[2023-01-03T12:52:49.540+0900][gc,phases     ] GC(119)   Evacuate Collection Set: 8.7ms
[2023-01-03T12:52:49.540+0900][gc,phases     ] GC(119)   Post Evacuate Collection Set: 0.4ms
[2023-01-03T12:52:49.540+0900][gc,phases     ] GC(119)   Other: 1.6ms
[2023-01-03T12:52:49.540+0900][gc,heap       ] GC(119) Eden regions: 45->0(52)
[2023-01-03T12:52:49.540+0900][gc,heap       ] GC(119) Survivor regions: 6->4(7)
[2023-01-03T12:52:49.540+0900][gc,heap       ] GC(119) Old regions: 103->105
[2023-01-03T12:52:49.540+0900][gc,heap       ] GC(119) Humongous regions: 129->129
[2023-01-03T12:52:49.540+0900][gc,metaspace  ] GC(119) Metaspace: 51513K->51513K(1095680K)
[2023-01-03T12:52:49.540+0900][gc            ] GC(119) Pause Young (Normal) (G1 Evacuation Pause) 281M->237M(1024M) 11.156ms
[2023-01-03T12:52:49.540+0900][gc,cpu        ] GC(119) User=0.02s Sys=0.02s Real=0.02s
[2023-01-03T12:57:17.343+0900][gc,start      ] GC(120) Pause Young (Normal) (G1 Evacuation Pause)
[2023-01-03T12:57:17.344+0900][gc,task       ] GC(120) Using 8 workers of 8 for evacuation
[2023-01-03T12:57:17.358+0900][gc,phases     ] GC(120)   Pre Evacuate Collection Set: 0.6ms
[2023-01-03T12:57:17.358+0900][gc,phases     ] GC(120)   Evacuate Collection Set: 12.2ms
[2023-01-03T12:57:17.358+0900][gc,phases     ] GC(120)   Post Evacuate Collection Set: 0.6ms
[2023-01-03T12:57:17.358+0900][gc,phases     ] GC(120)   Other: 1.9ms
[2023-01-03T12:57:17.358+0900][gc,heap       ] GC(120) Eden regions: 52->0(50)
[2023-01-03T12:57:17.358+0900][gc,heap       ] GC(120) Survivor regions: 4->7(7)
[2023-01-03T12:57:17.358+0900][gc,heap       ] GC(120) Old regions: 105->106
[2023-01-03T12:57:17.358+0900][gc,heap       ] GC(120) Humongous regions: 129->129
[2023-01-03T12:57:17.358+0900][gc,metaspace  ] GC(120) Metaspace: 51513K->51513K(1095680K)
[2023-01-03T12:57:17.358+0900][gc            ] GC(120) Pause Young (Normal) (G1 Evacuation Pause) 289M->241M(1024M) 15.490ms
[2023-01-03T12:57:17.358+0900][gc,cpu        ] GC(120) User=0.06s Sys=0.02s Real=0.01s
[2023-01-03T13:01:37.173+0900][gc,start      ] GC(121) Pause Young (Normal) (G1 Evacuation Pause)
[2023-01-03T13:01:37.174+0900][gc,task       ] GC(121) Using 8 workers of 8 for evacuation
[2023-01-03T13:01:37.189+0900][gc,phases     ] GC(121)   Pre Evacuate Collection Set: 0.8ms
[2023-01-03T13:01:37.189+0900][gc,phases     ] GC(121)   Evacuate Collection Set: 12.9ms
[2023-01-03T13:01:37.189+0900][gc,phases     ] GC(121)   Post Evacuate Collection Set: 0.4ms
[2023-01-03T13:01:37.189+0900][gc,phases     ] GC(121)   Other: 2.1ms
[2023-01-03T13:01:37.189+0900][gc,heap       ] GC(121) Eden regions: 50->0(54)
[2023-01-03T13:01:37.189+0900][gc,heap       ] GC(121) Survivor regions: 7->5(8)
[2023-01-03T13:01:37.189+0900][gc,heap       ] GC(121) Old regions: 106->110
[2023-01-03T13:01:37.189+0900][gc,heap       ] GC(121) Humongous regions: 129->129
[2023-01-03T13:01:37.189+0900][gc,metaspace  ] GC(121) Metaspace: 51513K->51513K(1095680K)
[2023-01-03T13:01:37.189+0900][gc            ] GC(121) Pause Young (Normal) (G1 Evacuation Pause) 291M->242M(1024M) 16.198ms
[2023-01-03T13:01:37.189+0900][gc,cpu        ] GC(121) User=0.03s Sys=0.03s Real=0.01s
[2023-01-03T13:06:15.987+0900][gc,start      ] GC(122) Pause Young (Normal) (G1 Evacuation Pause)
[2023-01-03T13:06:15.988+0900][gc,task       ] GC(122) Using 8 workers of 8 for evacuation
[2023-01-03T13:06:15.998+0900][gc,phases     ] GC(122)   Pre Evacuate Collection Set: 0.4ms
[2023-01-03T13:06:15.998+0900][gc,phases     ] GC(122)   Evacuate Collection Set: 8.6ms
[2023-01-03T13:06:15.998+0900][gc,phases     ] GC(122)   Post Evacuate Collection Set: 0.4ms
[2023-01-03T13:06:15.998+0900][gc,phases     ] GC(122)   Other: 1.5ms
[2023-01-03T13:06:15.998+0900][gc,heap       ] GC(122) Eden regions: 54->0(58)
[2023-01-03T13:06:15.998+0900][gc,heap       ] GC(122) Survivor regions: 5->6(8)
[2023-01-03T13:06:15.998+0900][gc,heap       ] GC(122) Old regions: 110->110
[2023-01-03T13:06:15.998+0900][gc,heap       ] GC(122) Humongous regions: 129->129
[2023-01-03T13:06:15.998+0900][gc,metaspace  ] GC(122) Metaspace: 51513K->51513K(1095680K)
[2023-01-03T13:06:15.998+0900][gc            ] GC(122) Pause Young (Normal) (G1 Evacuation Pause) 296M->244M(1024M) 11.089ms
[2023-01-03T13:06:15.998+0900][gc,cpu        ] GC(122) User=0.03s Sys=0.02s Real=0.01s
[2023-01-03T13:11:19.568+0900][gc,start      ] GC(123) Pause Young (Normal) (G1 Evacuation Pause)
[2023-01-03T13:11:19.569+0900][gc,task       ] GC(123) Using 8 workers of 8 for evacuation
[2023-01-03T13:11:19.587+0900][gc,phases     ] GC(123)   Pre Evacuate Collection Set: 0.5ms
[2023-01-03T13:11:19.587+0900][gc,phases     ] GC(123)   Evacuate Collection Set: 15.8ms
[2023-01-03T13:11:19.587+0900][gc,phases     ] GC(123)   Post Evacuate Collection Set: 0.5ms
[2023-01-03T13:11:19.587+0900][gc,phases     ] GC(123)   Other: 1.9ms
[2023-01-03T13:11:19.587+0900][gc,heap       ] GC(123) Eden regions: 58->0(58)
[2023-01-03T13:11:19.587+0900][gc,heap       ] GC(123) Survivor regions: 6->8(8)
[2023-01-03T13:11:19.587+0900][gc,heap       ] GC(123) Old regions: 110->112
[2023-01-03T13:11:19.587+0900][gc,heap       ] GC(123) Humongous regions: 129->129
[2023-01-03T13:11:19.587+0900][gc,metaspace  ] GC(123) Metaspace: 51513K->51513K(1095680K)
[2023-01-03T13:11:19.587+0900][gc            ] GC(123) Pause Young (Normal) (G1 Evacuation Pause) 302M->248M(1024M) 18.839ms
[2023-01-03T13:11:19.587+0900][gc,cpu        ] GC(123) User=0.07s Sys=0.03s Real=0.02s
[2023-01-03T13:16:21.042+0900][gc,start      ] GC(124) Pause Young (Normal) (G1 Evacuation Pause)
[2023-01-03T13:16:21.043+0900][gc,task       ] GC(124) Using 8 workers of 8 for evacuation
[2023-01-03T13:16:21.072+0900][gc,mmu        ] GC(124) MMU target violated: 21.0ms (20.0ms/21.0ms)
[2023-01-03T13:16:21.073+0900][gc,phases     ] GC(124)   Pre Evacuate Collection Set: 0.6ms
[2023-01-03T13:16:21.073+0900][gc,phases     ] GC(124)   Evacuate Collection Set: 26.9ms
[2023-01-03T13:16:21.073+0900][gc,phases     ] GC(124)   Post Evacuate Collection Set: 1.3ms
[2023-01-03T13:16:21.073+0900][gc,phases     ] GC(124)   Other: 1.5ms
[2023-01-03T13:16:21.073+0900][gc,heap       ] GC(124) Eden regions: 58->0(51)
[2023-01-03T13:16:21.073+0900][gc,heap       ] GC(124) Survivor regions: 8->6(9)
[2023-01-03T13:16:21.073+0900][gc,heap       ] GC(124) Old regions: 112->118
[2023-01-03T13:16:21.073+0900][gc,heap       ] GC(124) Humongous regions: 129->129
[2023-01-03T13:16:21.073+0900][gc,metaspace  ] GC(124) Metaspace: 51513K->51513K(1095680K)
[2023-01-03T13:16:21.073+0900][gc            ] GC(124) Pause Young (Normal) (G1 Evacuation Pause) 306M->251M(1024M) 30.508ms
[2023-01-03T13:16:21.073+0900][gc,cpu        ] GC(124) User=0.07s Sys=0.04s Real=0.03s
[2023-01-03T13:20:31.016+0900][gc,start      ] GC(125) Pause Young (Normal) (G1 Evacuation Pause)
[2023-01-03T13:20:31.017+0900][gc,task       ] GC(125) Using 8 workers of 8 for evacuation
[2023-01-03T13:20:31.027+0900][gc,phases     ] GC(125)   Pre Evacuate Collection Set: 0.1ms
[2023-01-03T13:20:31.027+0900][gc,phases     ] GC(125)   Evacuate Collection Set: 9.4ms
[2023-01-03T13:20:31.027+0900][gc,phases     ] GC(125)   Post Evacuate Collection Set: 0.3ms
[2023-01-03T13:20:31.027+0900][gc,phases     ] GC(125)   Other: 1.3ms
[2023-01-03T13:20:31.027+0900][gc,heap       ] GC(125) Eden regions: 51->0(70)
[2023-01-03T13:20:31.027+0900][gc,heap       ] GC(125) Survivor regions: 6->4(8)
[2023-01-03T13:20:31.027+0900][gc,heap       ] GC(125) Old regions: 118->121
[2023-01-03T13:20:31.027+0900][gc,heap       ] GC(125) Humongous regions: 129->129
[2023-01-03T13:20:31.027+0900][gc,metaspace  ] GC(125) Metaspace: 51513K->51513K(1095680K)
[2023-01-03T13:20:31.027+0900][gc            ] GC(125) Pause Young (Normal) (G1 Evacuation Pause) 302M->252M(1024M) 11.234ms
[2023-01-03T13:20:31.027+0900][gc,cpu        ] GC(125) User=0.03s Sys=0.01s Real=0.01s
[2023-01-03T13:26:06.462+0900][gc,start      ] GC(126) Pause Young (Normal) (G1 Evacuation Pause)
[2023-01-03T13:26:06.464+0900][gc,task       ] GC(126) Using 8 workers of 8 for evacuation
[2023-01-03T13:26:06.480+0900][gc,phases     ] GC(126)   Pre Evacuate Collection Set: 0.9ms
[2023-01-03T13:26:06.480+0900][gc,phases     ] GC(126)   Evacuate Collection Set: 14.3ms
[2023-01-03T13:26:06.480+0900][gc,phases     ] GC(126)   Post Evacuate Collection Set: 0.8ms
[2023-01-03T13:26:06.480+0900][gc,phases     ] GC(126)   Other: 2.0ms
[2023-01-03T13:26:06.480+0900][gc,heap       ] GC(126) Eden regions: 65->0(74)
[2023-01-03T13:26:06.480+0900][gc,heap       ] GC(126) Survivor regions: 4->4(9)
[2023-01-03T13:26:06.480+0900][gc,heap       ] GC(126) Old regions: 121->121
[2023-01-03T13:26:06.480+0900][gc,heap       ] GC(126) Humongous regions: 129->129
[2023-01-03T13:26:06.480+0900][gc,metaspace  ] GC(126) Metaspace: 51513K->51513K(1095680K)
[2023-01-03T13:26:06.480+0900][gc            ] GC(126) Pause Young (Normal) (G1 Evacuation Pause) 317M->253M(1024M) 18.217ms
[2023-01-03T13:26:06.480+0900][gc,cpu        ] GC(126) User=0.04s Sys=0.01s Real=0.02s
[2023-01-03T13:31:28.071+0900][gc,start      ] GC(127) Pause Young (Normal) (G1 Evacuation Pause)
[2023-01-03T13:31:28.072+0900][gc,task       ] GC(127) Using 8 workers of 8 for evacuation
[2023-01-03T13:31:28.083+0900][gc,phases     ] GC(127)   Pre Evacuate Collection Set: 0.1ms
[2023-01-03T13:31:28.083+0900][gc,phases     ] GC(127)   Evacuate Collection Set: 9.8ms
[2023-01-03T13:31:28.083+0900][gc,phases     ] GC(127)   Post Evacuate Collection Set: 0.7ms
[2023-01-03T13:31:28.083+0900][gc,phases     ] GC(127)   Other: 1.5ms
[2023-01-03T13:31:28.083+0900][gc,heap       ] GC(127) Eden regions: 62->0(83)
[2023-01-03T13:31:28.083+0900][gc,heap       ] GC(127) Survivor regions: 4->4(9)
[2023-01-03T13:31:28.083+0900][gc,heap       ] GC(127) Old regions: 121->121
[2023-01-03T13:31:28.083+0900][gc,heap       ] GC(127) Humongous regions: 129->129
[2023-01-03T13:31:28.083+0900][gc,metaspace  ] GC(127) Metaspace: 51513K->51513K(1095680K)
[2023-01-03T13:31:28.084+0900][gc            ] GC(127) Pause Young (Normal) (G1 Evacuation Pause) 315M->252M(1024M) 12.367ms
[2023-01-03T13:31:28.084+0900][gc,cpu        ] GC(127) User=0.03s Sys=0.00s Real=0.01s
[2023-01-03T13:38:08.074+0900][gc,start      ] GC(128) Pause Young (Normal) (G1 Evacuation Pause)
[2023-01-03T13:38:08.076+0900][gc,task       ] GC(128) Using 8 workers of 8 for evacuation
[2023-01-03T13:38:08.095+0900][gc,phases     ] GC(128)   Pre Evacuate Collection Set: 0.8ms
[2023-01-03T13:38:08.095+0900][gc,phases     ] GC(128)   Evacuate Collection Set: 17.1ms
[2023-01-03T13:38:08.095+0900][gc,phases     ] GC(128)   Post Evacuate Collection Set: 0.7ms
[2023-01-03T13:38:08.095+0900][gc,phases     ] GC(128)   Other: 2.0ms
[2023-01-03T13:38:08.095+0900][gc,heap       ] GC(128) Eden regions: 77->0(133)
[2023-01-03T13:38:08.095+0900][gc,heap       ] GC(128) Survivor regions: 4->5(11)
[2023-01-03T13:38:08.095+0900][gc,heap       ] GC(128) Old regions: 121->121
[2023-01-03T13:38:08.095+0900][gc,heap       ] GC(128) Humongous regions: 129->129
[2023-01-03T13:38:08.095+0900][gc,metaspace  ] GC(128) Metaspace: 51514K->51514K(1095680K)
[2023-01-03T13:38:08.095+0900][gc            ] GC(128) Pause Young (Normal) (G1 Evacuation Pause) 329M->253M(1024M) 20.647ms
[2023-01-03T13:38:08.095+0900][gc,cpu        ] GC(128) User=0.03s Sys=0.02s Real=0.02s
[2023-01-03T13:44:50.705+0900][gc,start      ] GC(129) Pause Young (Normal) (G1 Evacuation Pause)
[2023-01-03T13:44:50.706+0900][gc,task       ] GC(129) Using 8 workers of 8 for evacuation
[2023-01-03T13:44:50.724+0900][gc,phases     ] GC(129)   Pre Evacuate Collection Set: 0.5ms
[2023-01-03T13:44:50.725+0900][gc,phases     ] GC(129)   Evacuate Collection Set: 16.9ms
[2023-01-03T13:44:50.725+0900][gc,phases     ] GC(129)   Post Evacuate Collection Set: 0.7ms
[2023-01-03T13:44:50.725+0900][gc,phases     ] GC(129)   Other: 1.8ms
[2023-01-03T13:44:50.725+0900][gc,heap       ] GC(129) Eden regions: 77->0(141)
[2023-01-03T13:44:50.725+0900][gc,heap       ] GC(129) Survivor regions: 5->6(11)
[2023-01-03T13:44:50.725+0900][gc,heap       ] GC(129) Old regions: 121->121
[2023-01-03T13:44:50.725+0900][gc,heap       ] GC(129) Humongous regions: 129->129
[2023-01-03T13:44:50.725+0900][gc,metaspace  ] GC(129) Metaspace: 51519K->51519K(1095680K)
[2023-01-03T13:44:50.725+0900][gc            ] GC(129) Pause Young (Normal) (G1 Evacuation Pause) 330M->255M(1024M) 20.161ms
[2023-01-03T13:44:50.725+0900][gc,cpu        ] GC(129) User=0.05s Sys=0.01s Real=0.02s
[2023-01-03T13:52:51.514+0900][gc,start      ] GC(130) Pause Young (Normal) (G1 Evacuation Pause)
[2023-01-03T13:52:51.515+0900][gc,task       ] GC(130) Using 8 workers of 8 for evacuation
[2023-01-03T13:52:51.534+0900][gc,phases     ] GC(130)   Pre Evacuate Collection Set: 0.6ms
[2023-01-03T13:52:51.534+0900][gc,phases     ] GC(130)   Evacuate Collection Set: 15.3ms
[2023-01-03T13:52:51.534+0900][gc,phases     ] GC(130)   Post Evacuate Collection Set: 0.6ms
[2023-01-03T13:52:51.534+0900][gc,phases     ] GC(130)   Other: 3.1ms
[2023-01-03T13:52:51.534+0900][gc,heap       ] GC(130) Eden regions: 92->0(136)
[2023-01-03T13:52:51.534+0900][gc,heap       ] GC(130) Survivor regions: 6->6(13)
[2023-01-03T13:52:51.534+0900][gc,heap       ] GC(130) Old regions: 121->121
[2023-01-03T13:52:51.534+0900][gc,heap       ] GC(130) Humongous regions: 129->129
[2023-01-03T13:52:51.534+0900][gc,metaspace  ] GC(130) Metaspace: 51525K->51525K(1095680K)
[2023-01-03T13:52:51.534+0900][gc            ] GC(130) Pause Young (Normal) (G1 Evacuation Pause) 347M->254M(1024M) 19.943ms
[2023-01-03T13:52:51.534+0900][gc,cpu        ] GC(130) User=0.04s Sys=0.01s Real=0.02s
[2023-01-03T14:04:43.468+0900][gc,start      ] GC(131) Pause Young (Normal) (G1 Evacuation Pause)
[2023-01-03T14:04:43.469+0900][gc,task       ] GC(131) Using 8 workers of 8 for evacuation
[2023-01-03T14:04:43.492+0900][gc,mmu        ] GC(131) MMU target violated: 21.0ms (20.0ms/21.0ms)
[2023-01-03T14:04:43.493+0900][gc,phases     ] GC(131)   Pre Evacuate Collection Set: 0.6ms
[2023-01-03T14:04:43.493+0900][gc,phases     ] GC(131)   Evacuate Collection Set: 21.9ms
[2023-01-03T14:04:43.493+0900][gc,phases     ] GC(131)   Post Evacuate Collection Set: 0.6ms
[2023-01-03T14:04:43.493+0900][gc,phases     ] GC(131)   Other: 1.8ms
[2023-01-03T14:04:43.493+0900][gc,heap       ] GC(131) Eden regions: 136->0(66)
[2023-01-03T14:04:43.493+0900][gc,heap       ] GC(131) Survivor regions: 6->6(18)
[2023-01-03T14:04:43.493+0900][gc,heap       ] GC(131) Old regions: 121->121
[2023-01-03T14:04:43.493+0900][gc,heap       ] GC(131) Humongous regions: 129->129
[2023-01-03T14:04:43.493+0900][gc,metaspace  ] GC(131) Metaspace: 51527K->51527K(1095680K)
[2023-01-03T14:04:43.493+0900][gc            ] GC(131) Pause Young (Normal) (G1 Evacuation Pause) 390M->255M(1024M) 24.974ms
[2023-01-03T14:04:43.493+0900][gc,cpu        ] GC(131) User=0.04s Sys=0.04s Real=0.03s
[2023-01-03T14:10:26.130+0900][gc,start      ] GC(132) Pause Young (Normal) (G1 Evacuation Pause)
[2023-01-03T14:10:26.131+0900][gc,task       ] GC(132) Using 8 workers of 8 for evacuation
[2023-01-03T14:10:26.147+0900][gc,phases     ] GC(132)   Pre Evacuate Collection Set: 0.7ms
[2023-01-03T14:10:26.147+0900][gc,phases     ] GC(132)   Evacuate Collection Set: 13.9ms
[2023-01-03T14:10:26.147+0900][gc,phases     ] GC(132)   Post Evacuate Collection Set: 0.6ms
[2023-01-03T14:10:26.147+0900][gc,phases     ] GC(132)   Other: 1.9ms
[2023-01-03T14:10:26.147+0900][gc,heap       ] GC(132) Eden regions: 66->0(85)
[2023-01-03T14:10:26.147+0900][gc,heap       ] GC(132) Survivor regions: 6->5(9)
[2023-01-03T14:10:26.147+0900][gc,heap       ] GC(132) Old regions: 121->122
[2023-01-03T14:10:26.147+0900][gc,heap       ] GC(132) Humongous regions: 129->129
[2023-01-03T14:10:26.147+0900][gc,metaspace  ] GC(132) Metaspace: 51527K->51527K(1095680K)
[2023-01-03T14:10:26.147+0900][gc            ] GC(132) Pause Young (Normal) (G1 Evacuation Pause) 321M->255M(1024M) 17.273ms
[2023-01-03T14:10:26.147+0900][gc,cpu        ] GC(132) User=0.04s Sys=0.04s Real=0.01s
[2023-01-03T14:17:35.005+0900][gc,start      ] GC(133) Pause Young (Normal) (G1 Evacuation Pause)
[2023-01-03T14:17:35.005+0900][gc,task       ] GC(133) Using 8 workers of 8 for evacuation
[2023-01-03T14:17:35.020+0900][gc,phases     ] GC(133)   Pre Evacuate Collection Set: 0.5ms
[2023-01-03T14:17:35.020+0900][gc,phases     ] GC(133)   Evacuate Collection Set: 13.7ms
[2023-01-03T14:17:35.020+0900][gc,phases     ] GC(133)   Post Evacuate Collection Set: 0.8ms
[2023-01-03T14:17:35.020+0900][gc,phases     ] GC(133)   Other: 0.8ms
[2023-01-03T14:17:35.020+0900][gc,heap       ] GC(133) Eden regions: 85->0(127)
[2023-01-03T14:17:35.020+0900][gc,heap       ] GC(133) Survivor regions: 5->5(12)
[2023-01-03T14:17:35.020+0900][gc,heap       ] GC(133) Old regions: 122->122
[2023-01-03T14:17:35.020+0900][gc,heap       ] GC(133) Humongous regions: 129->129
[2023-01-03T14:17:35.020+0900][gc,metaspace  ] GC(133) Metaspace: 51527K->51527K(1095680K)
[2023-01-03T14:17:35.020+0900][gc            ] GC(133) Pause Young (Normal) (G1 Evacuation Pause) 340M->254M(1024M) 15.929ms
[2023-01-03T14:17:35.020+0900][gc,cpu        ] GC(133) User=0.03s Sys=0.01s Real=0.02s
[2023-01-03T14:28:38.621+0900][gc,start      ] GC(134) Pause Young (Normal) (G1 Evacuation Pause)
[2023-01-03T14:28:38.622+0900][gc,task       ] GC(134) Using 8 workers of 8 for evacuation
[2023-01-03T14:28:38.633+0900][gc,phases     ] GC(134)   Pre Evacuate Collection Set: 0.7ms
[2023-01-03T14:28:38.633+0900][gc,phases     ] GC(134)   Evacuate Collection Set: 9.1ms
[2023-01-03T14:28:38.633+0900][gc,phases     ] GC(134)   Post Evacuate Collection Set: 0.9ms
[2023-01-03T14:28:38.634+0900][gc,phases     ] GC(134)   Other: 1.7ms
[2023-01-03T14:28:38.634+0900][gc,heap       ] GC(134) Eden regions: 127->0(171)
[2023-01-03T14:28:38.634+0900][gc,heap       ] GC(134) Survivor regions: 5->5(17)
[2023-01-03T14:28:38.634+0900][gc,heap       ] GC(134) Old regions: 122->122
[2023-01-03T14:28:38.634+0900][gc,heap       ] GC(134) Humongous regions: 129->129
[2023-01-03T14:28:38.634+0900][gc,metaspace  ] GC(134) Metaspace: 51527K->51527K(1095680K)
[2023-01-03T14:28:38.634+0900][gc            ] GC(134) Pause Young (Normal) (G1 Evacuation Pause) 381M->255M(1024M) 12.580ms
[2023-01-03T14:28:38.634+0900][gc,cpu        ] GC(134) User=0.03s Sys=0.02s Real=0.01s
[2023-01-03T14:43:35.157+0900][gc,start      ] GC(135) Pause Young (Normal) (G1 Evacuation Pause)
[2023-01-03T14:43:35.158+0900][gc,task       ] GC(135) Using 8 workers of 8 for evacuation
[2023-01-03T14:43:35.176+0900][gc,phases     ] GC(135)   Pre Evacuate Collection Set: 1.3ms
[2023-01-03T14:43:35.177+0900][gc,phases     ] GC(135)   Evacuate Collection Set: 15.4ms
[2023-01-03T14:43:35.177+0900][gc,phases     ] GC(135)   Post Evacuate Collection Set: 1.1ms
[2023-01-03T14:43:35.177+0900][gc,phases     ] GC(135)   Other: 1.9ms
[2023-01-03T14:43:35.177+0900][gc,heap       ] GC(135) Eden regions: 171->0(225)
[2023-01-03T14:43:35.177+0900][gc,heap       ] GC(135) Survivor regions: 5->6(22)
[2023-01-03T14:43:35.177+0900][gc,heap       ] GC(135) Old regions: 122->122
[2023-01-03T14:43:35.177+0900][gc,heap       ] GC(135) Humongous regions: 129->129
[2023-01-03T14:43:35.177+0900][gc,metaspace  ] GC(135) Metaspace: 51529K->51529K(1095680K)
[2023-01-03T14:43:35.177+0900][gc            ] GC(135) Pause Young (Normal) (G1 Evacuation Pause) 426M->255M(1024M) 19.831ms
[2023-01-03T14:43:35.177+0900][gc,cpu        ] GC(135) User=0.05s Sys=0.03s Real=0.02s
[2023-01-03T15:03:19.314+0900][gc,start      ] GC(136) Pause Young (Normal) (G1 Evacuation Pause)
[2023-01-03T15:03:19.315+0900][gc,task       ] GC(136) Using 8 workers of 8 for evacuation
[2023-01-03T15:03:19.345+0900][gc,mmu        ] GC(136) MMU target violated: 21.0ms (20.0ms/21.0ms)
[2023-01-03T15:03:19.345+0900][gc,phases     ] GC(136)   Pre Evacuate Collection Set: 0.9ms
[2023-01-03T15:03:19.345+0900][gc,phases     ] GC(136)   Evacuate Collection Set: 27.3ms
[2023-01-03T15:03:19.345+0900][gc,phases     ] GC(136)   Post Evacuate Collection Set: 0.9ms
[2023-01-03T15:03:19.345+0900][gc,phases     ] GC(136)   Other: 1.5ms
[2023-01-03T15:03:19.345+0900][gc,heap       ] GC(136) Eden regions: 225->0(49)
[2023-01-03T15:03:19.345+0900][gc,heap       ] GC(136) Survivor regions: 6->6(29)
[2023-01-03T15:03:19.345+0900][gc,heap       ] GC(136) Old regions: 122->122
[2023-01-03T15:03:19.345+0900][gc,heap       ] GC(136) Humongous regions: 129->129
[2023-01-03T15:03:19.345+0900][gc,metaspace  ] GC(136) Metaspace: 51530K->51530K(1095680K)
[2023-01-03T15:03:19.345+0900][gc            ] GC(136) Pause Young (Normal) (G1 Evacuation Pause) 480M->256M(1024M) 30.632ms
[2023-01-03T15:03:19.345+0900][gc,cpu        ] GC(136) User=0.04s Sys=0.05s Real=0.03s
[2023-01-03T15:07:33.349+0900][gc,start      ] GC(137) Pause Young (Normal) (G1 Evacuation Pause)
[2023-01-03T15:07:33.350+0900][gc,task       ] GC(137) Using 8 workers of 8 for evacuation
[2023-01-03T15:07:33.374+0900][gc,mmu        ] GC(137) MMU target violated: 21.0ms (20.0ms/21.0ms)
[2023-01-03T15:07:33.375+0900][gc,phases     ] GC(137)   Pre Evacuate Collection Set: 1.2ms
[2023-01-03T15:07:33.375+0900][gc,phases     ] GC(137)   Evacuate Collection Set: 21.4ms
[2023-01-03T15:07:33.375+0900][gc,phases     ] GC(137)   Post Evacuate Collection Set: 0.9ms
[2023-01-03T15:07:33.375+0900][gc,phases     ] GC(137)   Other: 2.6ms
[2023-01-03T15:07:33.375+0900][gc,heap       ] GC(137) Eden regions: 49->0(56)
[2023-01-03T15:07:33.375+0900][gc,heap       ] GC(137) Survivor regions: 6->3(7)
[2023-01-03T15:07:33.375+0900][gc,heap       ] GC(137) Old regions: 122->124
[2023-01-03T15:07:33.375+0900][gc,heap       ] GC(137) Humongous regions: 129->129
[2023-01-03T15:07:33.375+0900][gc,metaspace  ] GC(137) Metaspace: 51530K->51530K(1095680K)
[2023-01-03T15:07:33.375+0900][gc            ] GC(137) Pause Young (Normal) (G1 Evacuation Pause) 305M->254M(1024M) 26.219ms
[2023-01-03T15:07:33.375+0900][gc,cpu        ] GC(137) User=0.04s Sys=0.03s Real=0.03s
[2023-01-03T15:12:23.648+0900][gc,start      ] GC(138) Pause Young (Normal) (G1 Evacuation Pause)
[2023-01-03T15:12:23.649+0900][gc,task       ] GC(138) Using 8 workers of 8 for evacuation
[2023-01-03T15:12:23.666+0900][gc,phases     ] GC(138)   Pre Evacuate Collection Set: 1.5ms
[2023-01-03T15:12:23.666+0900][gc,phases     ] GC(138)   Evacuate Collection Set: 12.9ms
[2023-01-03T15:12:23.666+0900][gc,phases     ] GC(138)   Post Evacuate Collection Set: 1.0ms
[2023-01-03T15:12:23.666+0900][gc,phases     ] GC(138)   Other: 2.6ms
[2023-01-03T15:12:23.666+0900][gc,heap       ] GC(138) Eden regions: 56->0(56)
[2023-01-03T15:12:23.666+0900][gc,heap       ] GC(138) Survivor regions: 3->4(8)
[2023-01-03T15:12:23.666+0900][gc,heap       ] GC(138) Old regions: 124->124
[2023-01-03T15:12:23.666+0900][gc,heap       ] GC(138) Humongous regions: 129->129
[2023-01-03T15:12:23.666+0900][gc,metaspace  ] GC(138) Metaspace: 51530K->51530K(1095680K)
[2023-01-03T15:12:23.666+0900][gc            ] GC(138) Pause Young (Normal) (G1 Evacuation Pause) 310M->256M(1024M) 18.280ms
[2023-01-03T15:12:23.666+0900][gc,cpu        ] GC(138) User=0.03s Sys=0.02s Real=0.02s
[2023-01-03T15:17:00.918+0900][gc,start      ] GC(139) Pause Young (Normal) (G1 Evacuation Pause)
[2023-01-03T15:17:00.920+0900][gc,task       ] GC(139) Using 8 workers of 8 for evacuation
[2023-01-03T15:17:00.959+0900][gc,mmu        ] GC(139) MMU target violated: 21.0ms (20.0ms/21.0ms)
[2023-01-03T15:17:00.959+0900][gc,phases     ] GC(139)   Pre Evacuate Collection Set: 1.3ms
[2023-01-03T15:17:00.959+0900][gc,phases     ] GC(139)   Evacuate Collection Set: 36.8ms
[2023-01-03T15:17:00.959+0900][gc,phases     ] GC(139)   Post Evacuate Collection Set: 0.9ms
[2023-01-03T15:17:00.959+0900][gc,phases     ] GC(139)   Other: 2.3ms
[2023-01-03T15:17:00.959+0900][gc,heap       ] GC(139) Eden regions: 56->0(43)
[2023-01-03T15:17:00.959+0900][gc,heap       ] GC(139) Survivor regions: 4->8(8)
[2023-01-03T15:17:00.959+0900][gc,heap       ] GC(139) Old regions: 124->126
[2023-01-03T15:17:00.959+0900][gc,heap       ] GC(139) Humongous regions: 129->129
[2023-01-03T15:17:00.959+0900][gc,metaspace  ] GC(139) Metaspace: 51530K->51530K(1095680K)
[2023-01-03T15:17:00.960+0900][gc            ] GC(139) Pause Young (Normal) (G1 Evacuation Pause) 312M->262M(1024M) 41.344ms
[2023-01-03T15:17:00.960+0900][gc,cpu        ] GC(139) User=0.07s Sys=0.07s Real=0.05s
[2023-01-03T15:20:43.819+0900][gc,start      ] GC(140) Pause Young (Normal) (G1 Evacuation Pause)
[2023-01-03T15:20:43.819+0900][gc,task       ] GC(140) Using 8 workers of 8 for evacuation
[2023-01-03T15:20:43.846+0900][gc,mmu        ] GC(140) MMU target violated: 21.0ms (20.0ms/21.0ms)
[2023-01-03T15:20:43.846+0900][gc,phases     ] GC(140)   Pre Evacuate Collection Set: 1.4ms
[2023-01-03T15:20:43.846+0900][gc,phases     ] GC(140)   Evacuate Collection Set: 23.9ms
[2023-01-03T15:20:43.846+0900][gc,phases     ] GC(140)   Post Evacuate Collection Set: 0.7ms
[2023-01-03T15:20:43.846+0900][gc,phases     ] GC(140)   Other: 1.4ms
[2023-01-03T15:20:43.846+0900][gc,heap       ] GC(140) Eden regions: 43->0(48)
[2023-01-03T15:20:43.846+0900][gc,heap       ] GC(140) Survivor regions: 8->3(7)
[2023-01-03T15:20:43.846+0900][gc,heap       ] GC(140) Old regions: 126->132
[2023-01-03T15:20:43.846+0900][gc,heap       ] GC(140) Humongous regions: 129->129
[2023-01-03T15:20:43.846+0900][gc,metaspace  ] GC(140) Metaspace: 51530K->51530K(1095680K)
[2023-01-03T15:20:43.846+0900][gc            ] GC(140) Pause Young (Normal) (G1 Evacuation Pause) 305M->262M(1024M) 27.530ms
[2023-01-03T15:20:43.846+0900][gc,cpu        ] GC(140) User=0.05s Sys=0.04s Real=0.03s
[2023-01-03T15:24:50.146+0900][gc,start      ] GC(141) Pause Young (Normal) (G1 Evacuation Pause)
[2023-01-03T15:24:50.146+0900][gc,task       ] GC(141) Using 8 workers of 8 for evacuation
[2023-01-03T15:24:50.162+0900][gc,phases     ] GC(141)   Pre Evacuate Collection Set: 0.1ms
[2023-01-03T15:24:50.162+0900][gc,phases     ] GC(141)   Evacuate Collection Set: 14.6ms
[2023-01-03T15:24:50.162+0900][gc,phases     ] GC(141)   Post Evacuate Collection Set: 0.7ms
[2023-01-03T15:24:50.162+0900][gc,phases     ] GC(141)   Other: 1.0ms
[2023-01-03T15:24:50.162+0900][gc,heap       ] GC(141) Eden regions: 48->0(45)
[2023-01-03T15:24:50.162+0900][gc,heap       ] GC(141) Survivor regions: 3->6(7)
[2023-01-03T15:24:50.162+0900][gc,heap       ] GC(141) Old regions: 132->132
[2023-01-03T15:24:50.162+0900][gc,heap       ] GC(141) Humongous regions: 129->129
[2023-01-03T15:24:50.162+0900][gc,metaspace  ] GC(141) Metaspace: 51530K->51530K(1095680K)
[2023-01-03T15:24:50.162+0900][gc            ] GC(141) Pause Young (Normal) (G1 Evacuation Pause) 310M->265M(1024M) 16.714ms
[2023-01-03T15:24:50.162+0900][gc,cpu        ] GC(141) User=0.04s Sys=0.01s Real=0.02s
[2023-01-03T15:28:44.554+0900][gc,start      ] GC(142) Pause Young (Normal) (G1 Evacuation Pause)
[2023-01-03T15:28:44.556+0900][gc,task       ] GC(142) Using 8 workers of 8 for evacuation
[2023-01-03T15:28:44.580+0900][gc,mmu        ] GC(142) MMU target violated: 21.0ms (20.0ms/21.0ms)
[2023-01-03T15:28:44.580+0900][gc,phases     ] GC(142)   Pre Evacuate Collection Set: 1.2ms
[2023-01-03T15:28:44.580+0900][gc,phases     ] GC(142)   Evacuate Collection Set: 21.6ms
[2023-01-03T15:28:44.580+0900][gc,phases     ] GC(142)   Post Evacuate Collection Set: 0.7ms
[2023-01-03T15:28:44.580+0900][gc,phases     ] GC(142)   Other: 2.8ms
[2023-01-03T15:28:44.580+0900][gc,heap       ] GC(142) Eden regions: 45->0(45)
[2023-01-03T15:28:44.581+0900][gc,heap       ] GC(142) Survivor regions: 6->6(7)
[2023-01-03T15:28:44.581+0900][gc,heap       ] GC(142) Old regions: 132->136
[2023-01-03T15:28:44.581+0900][gc,heap       ] GC(142) Humongous regions: 129->129
[2023-01-03T15:28:44.581+0900][gc,metaspace  ] GC(142) Metaspace: 51530K->51530K(1095680K)
[2023-01-03T15:28:44.581+0900][gc            ] GC(142) Pause Young (Normal) (G1 Evacuation Pause) 310M->269M(1024M) 26.459ms
[2023-01-03T15:28:44.581+0900][gc,cpu        ] GC(142) User=0.06s Sys=0.02s Real=0.03s
[2023-01-03T15:32:37.004+0900][gc,start      ] GC(143) Pause Young (Normal) (G1 Evacuation Pause)
[2023-01-03T15:32:37.005+0900][gc,task       ] GC(143) Using 8 workers of 8 for evacuation
[2023-01-03T15:32:37.025+0900][gc,phases     ] GC(143)   Pre Evacuate Collection Set: 0.3ms
[2023-01-03T15:32:37.025+0900][gc,phases     ] GC(143)   Evacuate Collection Set: 18.3ms
[2023-01-03T15:32:37.025+0900][gc,phases     ] GC(143)   Post Evacuate Collection Set: 0.6ms
[2023-01-03T15:32:37.026+0900][gc,phases     ] GC(143)   Other: 2.3ms
[2023-01-03T15:32:37.026+0900][gc,heap       ] GC(143) Eden regions: 45->0(47)
[2023-01-03T15:32:37.026+0900][gc,heap       ] GC(143) Survivor regions: 6->4(7)
[2023-01-03T15:32:37.026+0900][gc,heap       ] GC(143) Old regions: 136->138
[2023-01-03T15:32:37.026+0900][gc,heap       ] GC(143) Humongous regions: 129->129
[2023-01-03T15:32:37.026+0900][gc,metaspace  ] GC(143) Metaspace: 51530K->51530K(1095680K)
[2023-01-03T15:32:37.026+0900][gc            ] GC(143) Pause Young (Normal) (G1 Evacuation Pause) 314M->269M(1024M) 21.885ms
[2023-01-03T15:32:37.026+0900][gc,cpu        ] GC(143) User=0.05s Sys=0.02s Real=0.02s
[2023-01-03T15:36:40.458+0900][gc,start      ] GC(144) Pause Young (Normal) (G1 Evacuation Pause)
[2023-01-03T15:36:40.458+0900][gc,task       ] GC(144) Using 8 workers of 8 for evacuation
[2023-01-03T15:36:40.479+0900][gc,mmu        ] GC(144) MMU target violated: 20.1ms (20.0ms/21.0ms)
[2023-01-03T15:36:40.479+0900][gc,phases     ] GC(144)   Pre Evacuate Collection Set: 1.2ms
[2023-01-03T15:36:40.479+0900][gc,phases     ] GC(144)   Evacuate Collection Set: 18.2ms
[2023-01-03T15:36:40.479+0900][gc,phases     ] GC(144)   Post Evacuate Collection Set: 0.5ms
[2023-01-03T15:36:40.479+0900][gc,phases     ] GC(144)   Other: 1.4ms
[2023-01-03T15:36:40.479+0900][gc,heap       ] GC(144) Eden regions: 47->0(44)
[2023-01-03T15:36:40.479+0900][gc,heap       ] GC(144) Survivor regions: 4->7(7)
[2023-01-03T15:36:40.479+0900][gc,heap       ] GC(144) Old regions: 138->138
[2023-01-03T15:36:40.479+0900][gc,heap       ] GC(144) Humongous regions: 129->129
[2023-01-03T15:36:40.479+0900][gc,metaspace  ] GC(144) Metaspace: 51530K->51530K(1095680K)
[2023-01-03T15:36:40.479+0900][gc            ] GC(144) Pause Young (Normal) (G1 Evacuation Pause) 316M->272M(1024M) 21.271ms
[2023-01-03T15:36:40.479+0900][gc,cpu        ] GC(144) User=0.04s Sys=0.02s Real=0.02s
[2023-01-03T15:40:28.373+0900][gc,start      ] GC(145) Pause Young (Normal) (G1 Evacuation Pause)
[2023-01-03T15:40:28.375+0900][gc,task       ] GC(145) Using 8 workers of 8 for evacuation
[2023-01-03T15:40:28.404+0900][gc,mmu        ] GC(145) MMU target violated: 21.0ms (20.0ms/21.0ms)
[2023-01-03T15:40:28.404+0900][gc,phases     ] GC(145)   Pre Evacuate Collection Set: 1.2ms
[2023-01-03T15:40:28.404+0900][gc,phases     ] GC(145)   Evacuate Collection Set: 26.6ms
[2023-01-03T15:40:28.404+0900][gc,phases     ] GC(145)   Post Evacuate Collection Set: 0.7ms
[2023-01-03T15:40:28.404+0900][gc,phases     ] GC(145)   Other: 2.4ms
[2023-01-03T15:40:28.404+0900][gc,heap       ] GC(145) Eden regions: 44->0(48)
[2023-01-03T15:40:28.404+0900][gc,heap       ] GC(145) Survivor regions: 7->3(7)
[2023-01-03T15:40:28.404+0900][gc,heap       ] GC(145) Old regions: 138->142
[2023-01-03T15:40:28.404+0900][gc,heap       ] GC(145) Humongous regions: 129->129
[2023-01-03T15:40:28.404+0900][gc,metaspace  ] GC(145) Metaspace: 51530K->51530K(1095680K)
[2023-01-03T15:40:28.404+0900][gc            ] GC(145) Pause Young (Normal) (G1 Evacuation Pause) 316M->273M(1024M) 31.060ms
[2023-01-03T15:40:28.404+0900][gc,cpu        ] GC(145) User=0.05s Sys=0.04s Real=0.03s
[2023-01-03T15:44:36.956+0900][gc,start      ] GC(146) Pause Young (Normal) (G1 Evacuation Pause)
[2023-01-03T15:44:36.957+0900][gc,task       ] GC(146) Using 8 workers of 8 for evacuation
[2023-01-03T15:44:36.987+0900][gc,mmu        ] GC(146) MMU target violated: 21.0ms (20.0ms/21.0ms)
[2023-01-03T15:44:36.987+0900][gc,phases     ] GC(146)   Pre Evacuate Collection Set: 0.6ms
[2023-01-03T15:44:36.987+0900][gc,phases     ] GC(146)   Evacuate Collection Set: 27.0ms
[2023-01-03T15:44:36.987+0900][gc,phases     ] GC(146)   Post Evacuate Collection Set: 1.7ms
[2023-01-03T15:44:36.987+0900][gc,phases     ] GC(146)   Other: 1.8ms
[2023-01-03T15:44:36.987+0900][gc,heap       ] GC(146) Eden regions: 48->0(44)
[2023-01-03T15:44:36.987+0900][gc,heap       ] GC(146) Survivor regions: 3->7(7)
[2023-01-03T15:44:36.987+0900][gc,heap       ] GC(146) Old regions: 142->142
[2023-01-03T15:44:36.987+0900][gc,heap       ] GC(146) Humongous regions: 129->129
[2023-01-03T15:44:36.987+0900][gc,metaspace  ] GC(146) Metaspace: 51530K->51530K(1095680K)
[2023-01-03T15:44:36.987+0900][gc            ] GC(146) Pause Young (Normal) (G1 Evacuation Pause) 321M->276M(1024M) 31.023ms
[2023-01-03T15:44:36.987+0900][gc,cpu        ] GC(146) User=0.06s Sys=0.03s Real=0.03s
[2023-01-03T15:48:26.343+0900][gc,start      ] GC(147) Pause Young (Normal) (G1 Evacuation Pause)
[2023-01-03T15:48:26.344+0900][gc,task       ] GC(147) Using 8 workers of 8 for evacuation
[2023-01-03T15:48:26.368+0900][gc,mmu        ] GC(147) MMU target violated: 21.0ms (20.0ms/21.0ms)
[2023-01-03T15:48:26.368+0900][gc,phases     ] GC(147)   Pre Evacuate Collection Set: 0.5ms
[2023-01-03T15:48:26.368+0900][gc,phases     ] GC(147)   Evacuate Collection Set: 23.2ms
[2023-01-03T15:48:26.368+0900][gc,phases     ] GC(147)   Post Evacuate Collection Set: 0.4ms
[2023-01-03T15:48:26.368+0900][gc,phases     ] GC(147)   Other: 1.8ms
[2023-01-03T15:48:26.368+0900][gc,heap       ] GC(147) Eden regions: 44->0(45)
[2023-01-03T15:48:26.368+0900][gc,heap       ] GC(147) Survivor regions: 7->6(7)
[2023-01-03T15:48:26.369+0900][gc,heap       ] GC(147) Old regions: 142->146
[2023-01-03T15:48:26.369+0900][gc,heap       ] GC(147) Humongous regions: 129->129
[2023-01-03T15:48:26.369+0900][gc,metaspace  ] GC(147) Metaspace: 51530K->51530K(1095680K)
[2023-01-03T15:48:26.369+0900][gc            ] GC(147) Pause Young (Normal) (G1 Evacuation Pause) 320M->280M(1024M) 25.863ms
[2023-01-03T15:48:26.369+0900][gc,cpu        ] GC(147) User=0.06s Sys=0.02s Real=0.02s
[2023-01-03T15:52:19.168+0900][gc,start      ] GC(148) Pause Young (Normal) (G1 Evacuation Pause)
[2023-01-03T15:52:19.170+0900][gc,task       ] GC(148) Using 8 workers of 8 for evacuation
[2023-01-03T15:52:19.189+0900][gc,phases     ] GC(148)   Pre Evacuate Collection Set: 0.4ms
[2023-01-03T15:52:19.189+0900][gc,phases     ] GC(148)   Evacuate Collection Set: 18.0ms
[2023-01-03T15:52:19.189+0900][gc,phases     ] GC(148)   Post Evacuate Collection Set: 0.7ms
[2023-01-03T15:52:19.190+0900][gc,phases     ] GC(148)   Other: 2.2ms
[2023-01-03T15:52:19.190+0900][gc,heap       ] GC(148) Eden regions: 45->0(52)
[2023-01-03T15:52:19.190+0900][gc,heap       ] GC(148) Survivor regions: 6->4(7)
[2023-01-03T15:52:19.190+0900][gc,heap       ] GC(148) Old regions: 146->149
[2023-01-03T15:52:19.190+0900][gc,heap       ] GC(148) Humongous regions: 129->129
[2023-01-03T15:52:19.190+0900][gc,metaspace  ] GC(148) Metaspace: 51536K->51536K(1095680K)
[2023-01-03T15:52:19.190+0900][gc            ] GC(148) Pause Young (Normal) (G1 Evacuation Pause) 325M->280M(1024M) 21.521ms
[2023-01-03T15:52:19.190+0900][gc,cpu        ] GC(148) User=0.04s Sys=0.01s Real=0.03s
[2023-01-03T15:56:49.219+0900][gc,start      ] GC(149) Pause Young (Normal) (G1 Evacuation Pause)
[2023-01-03T15:56:49.219+0900][gc,task       ] GC(149) Using 8 workers of 8 for evacuation
[2023-01-03T15:56:49.237+0900][gc,phases     ] GC(149)   Pre Evacuate Collection Set: 1.0ms
[2023-01-03T15:56:49.237+0900][gc,phases     ] GC(149)   Evacuate Collection Set: 15.0ms
[2023-01-03T15:56:49.237+0900][gc,phases     ] GC(149)   Post Evacuate Collection Set: 0.6ms
[2023-01-03T15:56:49.237+0900][gc,phases     ] GC(149)   Other: 1.3ms
[2023-01-03T15:56:49.237+0900][gc,heap       ] GC(149) Eden regions: 52->0(47)
[2023-01-03T15:56:49.237+0900][gc,heap       ] GC(149) Survivor regions: 4->7(7)
[2023-01-03T15:56:49.237+0900][gc,heap       ] GC(149) Old regions: 149->149
[2023-01-03T15:56:49.237+0900][gc,heap       ] GC(149) Humongous regions: 129->129
[2023-01-03T15:56:49.237+0900][gc,metaspace  ] GC(149) Metaspace: 51538K->51538K(1095680K)
[2023-01-03T15:56:49.237+0900][gc            ] GC(149) Pause Young (Normal) (G1 Evacuation Pause) 332M->284M(1024M) 18.047ms
[2023-01-03T15:56:49.237+0900][gc,cpu        ] GC(149) User=0.06s Sys=0.03s Real=0.02s
[2023-01-03T16:00:52.235+0900][gc,start      ] GC(150) Pause Young (Normal) (G1 Evacuation Pause)
[2023-01-03T16:00:52.235+0900][gc,task       ] GC(150) Using 8 workers of 8 for evacuation
[2023-01-03T16:00:52.257+0900][gc,mmu        ] GC(150) MMU target violated: 21.0ms (20.0ms/21.0ms)
[2023-01-03T16:00:52.257+0900][gc,phases     ] GC(150)   Pre Evacuate Collection Set: 0.8ms
[2023-01-03T16:00:52.257+0900][gc,phases     ] GC(150)   Evacuate Collection Set: 19.5ms
[2023-01-03T16:00:52.257+0900][gc,phases     ] GC(150)   Post Evacuate Collection Set: 0.6ms
[2023-01-03T16:00:52.257+0900][gc,phases     ] GC(150)   Other: 1.3ms
[2023-01-03T16:00:52.257+0900][gc,heap       ] GC(150) Eden regions: 47->0(50)
[2023-01-03T16:00:52.257+0900][gc,heap       ] GC(150) Survivor regions: 7->4(7)
[2023-01-03T16:00:52.257+0900][gc,heap       ] GC(150) Old regions: 149->154
[2023-01-03T16:00:52.257+0900][gc,heap       ] GC(150) Humongous regions: 129->129
[2023-01-03T16:00:52.257+0900][gc,metaspace  ] GC(150) Metaspace: 51542K->51542K(1095680K)
[2023-01-03T16:00:52.257+0900][gc            ] GC(150) Pause Young (Normal) (G1 Evacuation Pause) 331M->286M(1024M) 22.429ms
[2023-01-03T16:00:52.257+0900][gc,cpu        ] GC(150) User=0.05s Sys=0.04s Real=0.02s
[2023-01-03T16:05:12.356+0900][gc,start      ] GC(151) Pause Young (Normal) (G1 Evacuation Pause)
[2023-01-03T16:05:12.357+0900][gc,task       ] GC(151) Using 8 workers of 8 for evacuation
[2023-01-03T16:05:12.382+0900][gc,mmu        ] GC(151) MMU target violated: 21.0ms (20.0ms/21.0ms)
[2023-01-03T16:05:12.383+0900][gc,phases     ] GC(151)   Pre Evacuate Collection Set: 1.1ms
[2023-01-03T16:05:12.383+0900][gc,phases     ] GC(151)   Evacuate Collection Set: 22.3ms
[2023-01-03T16:05:12.383+0900][gc,phases     ] GC(151)   Post Evacuate Collection Set: 0.8ms
[2023-01-03T16:05:12.383+0900][gc,phases     ] GC(151)   Other: 2.7ms
[2023-01-03T16:05:12.383+0900][gc,heap       ] GC(151) Eden regions: 50->0(44)
[2023-01-03T16:05:12.383+0900][gc,heap       ] GC(151) Survivor regions: 4->7(7)
[2023-01-03T16:05:12.383+0900][gc,heap       ] GC(151) Old regions: 154->154
[2023-01-03T16:05:12.383+0900][gc,heap       ] GC(151) Humongous regions: 129->129
[2023-01-03T16:05:12.383+0900][gc,metaspace  ] GC(151) Metaspace: 51542K->51542K(1095680K)
[2023-01-03T16:05:12.383+0900][gc            ] GC(151) Pause Young (Normal) (G1 Evacuation Pause) 336M->289M(1024M) 26.973ms
[2023-01-03T16:05:12.383+0900][gc,cpu        ] GC(151) User=0.06s Sys=0.03s Real=0.03s
[2023-01-03T16:09:00.002+0900][gc,start      ] GC(152) Pause Young (Normal) (G1 Evacuation Pause)
[2023-01-03T16:09:00.003+0900][gc,task       ] GC(152) Using 8 workers of 8 for evacuation
[2023-01-03T16:09:00.023+0900][gc,phases     ] GC(152)   Pre Evacuate Collection Set: 0.7ms
[2023-01-03T16:09:00.023+0900][gc,phases     ] GC(152)   Evacuate Collection Set: 17.6ms
[2023-01-03T16:09:00.023+0900][gc,phases     ] GC(152)   Post Evacuate Collection Set: 0.6ms
[2023-01-03T16:09:00.023+0900][gc,phases     ] GC(152)   Other: 1.7ms
[2023-01-03T16:09:00.023+0900][gc,heap       ] GC(152) Eden regions: 44->0(47)
[2023-01-03T16:09:00.023+0900][gc,heap       ] GC(152) Survivor regions: 7->4(7)
[2023-01-03T16:09:00.023+0900][gc,heap       ] GC(152) Old regions: 154->159
[2023-01-03T16:09:00.023+0900][gc,heap       ] GC(152) Humongous regions: 129->129
[2023-01-03T16:09:00.023+0900][gc,metaspace  ] GC(152) Metaspace: 51542K->51542K(1095680K)
[2023-01-03T16:09:00.023+0900][gc            ] GC(152) Pause Young (Normal) (G1 Evacuation Pause) 333M->290M(1024M) 20.765ms
[2023-01-03T16:09:00.023+0900][gc,cpu        ] GC(152) User=0.04s Sys=0.04s Real=0.02s
[2023-01-03T16:13:04.190+0900][gc,start      ] GC(153) Pause Young (Normal) (G1 Evacuation Pause)
[2023-01-03T16:13:04.192+0900][gc,task       ] GC(153) Using 8 workers of 8 for evacuation
[2023-01-03T16:13:04.205+0900][gc,phases     ] GC(153)   Pre Evacuate Collection Set: 0.8ms
[2023-01-03T16:13:04.205+0900][gc,phases     ] GC(153)   Evacuate Collection Set: 11.4ms
[2023-01-03T16:13:04.205+0900][gc,phases     ] GC(153)   Post Evacuate Collection Set: 0.6ms
[2023-01-03T16:13:04.205+0900][gc,phases     ] GC(153)   Other: 1.7ms
[2023-01-03T16:13:04.205+0900][gc,heap       ] GC(153) Eden regions: 47->0(49)
[2023-01-03T16:13:04.205+0900][gc,heap       ] GC(153) Survivor regions: 4->7(7)
[2023-01-03T16:13:04.205+0900][gc,heap       ] GC(153) Old regions: 159->159
[2023-01-03T16:13:04.205+0900][gc,heap       ] GC(153) Humongous regions: 129->129
[2023-01-03T16:13:04.205+0900][gc,metaspace  ] GC(153) Metaspace: 51542K->51542K(1095680K)
[2023-01-03T16:13:04.205+0900][gc            ] GC(153) Pause Young (Normal) (G1 Evacuation Pause) 337M->293M(1024M) 14.860ms
[2023-01-03T16:13:04.205+0900][gc,cpu        ] GC(153) User=0.04s Sys=0.03s Real=0.01s
[2023-01-03T16:16:51.633+0900][gc,start      ] GC(154) Pause Young (Normal) (G1 Evacuation Pause)
[2023-01-03T16:16:51.634+0900][gc,task       ] GC(154) Using 8 workers of 8 for evacuation
[2023-01-03T16:16:51.661+0900][gc,mmu        ] GC(154) MMU target violated: 21.0ms (20.0ms/21.0ms)
[2023-01-03T16:16:51.662+0900][gc,phases     ] GC(154)   Pre Evacuate Collection Set: 0.8ms
[2023-01-03T16:16:51.662+0900][gc,phases     ] GC(154)   Evacuate Collection Set: 24.7ms
[2023-01-03T16:16:51.662+0900][gc,phases     ] GC(154)   Post Evacuate Collection Set: 1.2ms
[2023-01-03T16:16:51.662+0900][gc,phases     ] GC(154)   Other: 1.8ms
[2023-01-03T16:16:51.662+0900][gc,heap       ] GC(154) Eden regions: 47->0(46)
[2023-01-03T16:16:51.662+0900][gc,heap       ] GC(154) Survivor regions: 7->5(7)
[2023-01-03T16:16:51.662+0900][gc,heap       ] GC(154) Old regions: 159->163
[2023-01-03T16:16:51.662+0900][gc,heap       ] GC(154) Humongous regions: 129->129
[2023-01-03T16:16:51.662+0900][gc,metaspace  ] GC(154) Metaspace: 51542K->51542K(1095680K)
[2023-01-03T16:16:51.662+0900][gc            ] GC(154) Pause Young (Normal) (G1 Evacuation Pause) 340M->296M(1024M) 28.748ms
[2023-01-03T16:16:51.662+0900][gc,cpu        ] GC(154) User=0.06s Sys=0.04s Real=0.03s
[2023-01-03T16:20:51.577+0900][gc,start      ] GC(155) Pause Young (Normal) (G1 Evacuation Pause)
[2023-01-03T16:20:51.577+0900][gc,task       ] GC(155) Using 8 workers of 8 for evacuation
[2023-01-03T16:20:51.597+0900][gc,phases     ] GC(155)   Pre Evacuate Collection Set: 0.7ms
[2023-01-03T16:20:51.597+0900][gc,phases     ] GC(155)   Evacuate Collection Set: 17.0ms
[2023-01-03T16:20:51.597+0900][gc,phases     ] GC(155)   Post Evacuate Collection Set: 0.6ms
[2023-01-03T16:20:51.597+0900][gc,phases     ] GC(155)   Other: 1.5ms
[2023-01-03T16:20:51.597+0900][gc,heap       ] GC(155) Eden regions: 46->0(50)
[2023-01-03T16:20:51.597+0900][gc,heap       ] GC(155) Survivor regions: 5->3(7)
[2023-01-03T16:20:51.597+0900][gc,heap       ] GC(155) Old regions: 163->166
[2023-01-03T16:20:51.597+0900][gc,heap       ] GC(155) Humongous regions: 129->129
[2023-01-03T16:20:51.597+0900][gc,metaspace  ] GC(155) Metaspace: 51542K->51542K(1095680K)
[2023-01-03T16:20:51.597+0900][gc            ] GC(155) Pause Young (Normal) (G1 Evacuation Pause) 342M->297M(1024M) 19.953ms
[2023-01-03T16:20:51.597+0900][gc,cpu        ] GC(155) User=0.03s Sys=0.03s Real=0.02s
[2023-01-03T16:25:09.177+0900][gc,start      ] GC(156) Pause Young (Normal) (G1 Evacuation Pause)
[2023-01-03T16:25:09.178+0900][gc,task       ] GC(156) Using 8 workers of 8 for evacuation
[2023-01-03T16:25:09.194+0900][gc,phases     ] GC(156)   Pre Evacuate Collection Set: 0.5ms
[2023-01-03T16:25:09.194+0900][gc,phases     ] GC(156)   Evacuate Collection Set: 13.9ms
[2023-01-03T16:25:09.194+0900][gc,phases     ] GC(156)   Post Evacuate Collection Set: 0.7ms
[2023-01-03T16:25:09.194+0900][gc,phases     ] GC(156)   Other: 1.4ms
[2023-01-03T16:25:09.194+0900][gc,heap       ] GC(156) Eden regions: 50->0(49)
[2023-01-03T16:25:09.194+0900][gc,heap       ] GC(156) Survivor regions: 3->7(7)
[2023-01-03T16:25:09.194+0900][gc,heap       ] GC(156) Old regions: 166->166
[2023-01-03T16:25:09.194+0900][gc,heap       ] GC(156) Humongous regions: 129->129
[2023-01-03T16:25:09.194+0900][gc,metaspace  ] GC(156) Metaspace: 51542K->51542K(1095680K)
[2023-01-03T16:25:09.194+0900][gc            ] GC(156) Pause Young (Normal) (G1 Evacuation Pause) 347M->301M(1024M) 16.688ms
[2023-01-03T16:25:09.194+0900][gc,cpu        ] GC(156) User=0.04s Sys=0.01s Real=0.02s
[2023-01-03T16:29:23.042+0900][gc,start      ] GC(157) Pause Young (Normal) (G1 Evacuation Pause)
[2023-01-03T16:29:23.043+0900][gc,task       ] GC(157) Using 8 workers of 8 for evacuation
[2023-01-03T16:29:23.056+0900][gc,phases     ] GC(157)   Pre Evacuate Collection Set: 0.7ms
[2023-01-03T16:29:23.056+0900][gc,phases     ] GC(157)   Evacuate Collection Set: 12.2ms
[2023-01-03T16:29:23.056+0900][gc,phases     ] GC(157)   Post Evacuate Collection Set: 0.4ms
[2023-01-03T16:29:23.056+0900][gc,phases     ] GC(157)   Other: 1.1ms
[2023-01-03T16:29:23.057+0900][gc,heap       ] GC(157) Eden regions: 49->0(57)
[2023-01-03T16:29:23.057+0900][gc,heap       ] GC(157) Survivor regions: 7->5(7)
[2023-01-03T16:29:23.057+0900][gc,heap       ] GC(157) Old regions: 166->170
[2023-01-03T16:29:23.057+0900][gc,heap       ] GC(157) Humongous regions: 129->129
[2023-01-03T16:29:23.057+0900][gc,metaspace  ] GC(157) Metaspace: 51542K->51542K(1095680K)
[2023-01-03T16:29:23.057+0900][gc            ] GC(157) Pause Young (Normal) (G1 Evacuation Pause) 350M->303M(1024M) 14.530ms
[2023-01-03T16:29:23.057+0900][gc,cpu        ] GC(157) User=0.03s Sys=0.02s Real=0.01s
[2023-01-03T16:34:19.202+0900][gc,start      ] GC(158) Pause Young (Normal) (G1 Evacuation Pause)
[2023-01-03T16:34:19.202+0900][gc,task       ] GC(158) Using 8 workers of 8 for evacuation
[2023-01-03T16:34:19.226+0900][gc,mmu        ] GC(158) MMU target violated: 21.0ms (20.0ms/21.0ms)
[2023-01-03T16:34:19.226+0900][gc,phases     ] GC(158)   Pre Evacuate Collection Set: 0.9ms
[2023-01-03T16:34:19.226+0900][gc,phases     ] GC(158)   Evacuate Collection Set: 22.1ms
[2023-01-03T16:34:19.227+0900][gc,phases     ] GC(158)   Post Evacuate Collection Set: 0.4ms
[2023-01-03T16:34:19.227+0900][gc,phases     ] GC(158)   Other: 1.3ms
[2023-01-03T16:34:19.227+0900][gc,heap       ] GC(158) Eden regions: 57->0(52)
[2023-01-03T16:34:19.227+0900][gc,heap       ] GC(158) Survivor regions: 5->6(8)
[2023-01-03T16:34:19.227+0900][gc,heap       ] GC(158) Old regions: 170->170
[2023-01-03T16:34:19.227+0900][gc,heap       ] GC(158) Humongous regions: 129->129
[2023-01-03T16:34:19.227+0900][gc,metaspace  ] GC(158) Metaspace: 51542K->51542K(1095680K)
[2023-01-03T16:34:19.227+0900][gc            ] GC(158) Pause Young (Normal) (G1 Evacuation Pause) 360M->304M(1024M) 24.674ms
[2023-01-03T16:34:19.227+0900][gc,cpu        ] GC(158) User=0.05s Sys=0.02s Real=0.02s
[2023-01-03T16:38:10.421+0900][gc,start      ] GC(159) Pause Young (Normal) (G1 Evacuation Pause)
[2023-01-03T16:38:10.422+0900][gc,task       ] GC(159) Using 8 workers of 8 for evacuation
[2023-01-03T16:38:10.454+0900][gc,mmu        ] GC(159) MMU target violated: 21.0ms (20.0ms/21.0ms)
[2023-01-03T16:38:10.454+0900][gc,phases     ] GC(159)   Pre Evacuate Collection Set: 1.0ms
[2023-01-03T16:38:10.454+0900][gc,phases     ] GC(159)   Evacuate Collection Set: 29.5ms
[2023-01-03T16:38:10.454+0900][gc,phases     ] GC(159)   Post Evacuate Collection Set: 0.6ms
[2023-01-03T16:38:10.454+0900][gc,phases     ] GC(159)   Other: 2.2ms
[2023-01-03T16:38:10.454+0900][gc,heap       ] GC(159) Eden regions: 45->0(44)
[2023-01-03T16:38:10.454+0900][gc,heap       ] GC(159) Survivor regions: 6->7(7)
[2023-01-03T16:38:10.454+0900][gc,heap       ] GC(159) Old regions: 170->172
[2023-01-03T16:38:10.454+0900][gc,heap       ] GC(159) Humongous regions: 129->129
[2023-01-03T16:38:10.454+0900][gc,metaspace  ] GC(159) Metaspace: 51542K->51542K(1095680K)
[2023-01-03T16:38:10.454+0900][gc            ] GC(159) Pause Young (Normal) (G1 Evacuation Pause) 349M->307M(1024M) 33.426ms
[2023-01-03T16:38:10.454+0900][gc,cpu        ] GC(159) User=0.06s Sys=0.04s Real=0.03s
[2023-01-03T16:41:58.807+0900][gc,start      ] GC(160) Pause Young (Normal) (G1 Evacuation Pause)
[2023-01-03T16:41:58.808+0900][gc,task       ] GC(160) Using 8 workers of 8 for evacuation
[2023-01-03T16:41:58.845+0900][gc,mmu        ] GC(160) MMU target violated: 21.0ms (20.0ms/21.0ms)
[2023-01-03T16:41:58.845+0900][gc,phases     ] GC(160)   Pre Evacuate Collection Set: 0.7ms
[2023-01-03T16:41:58.845+0900][gc,phases     ] GC(160)   Evacuate Collection Set: 35.3ms
[2023-01-03T16:41:58.845+0900][gc,phases     ] GC(160)   Post Evacuate Collection Set: 0.6ms
[2023-01-03T16:41:58.845+0900][gc,phases     ] GC(160)   Other: 1.5ms
[2023-01-03T16:41:58.845+0900][gc,heap       ] GC(160) Eden regions: 44->0(45)
[2023-01-03T16:41:58.845+0900][gc,heap       ] GC(160) Survivor regions: 7->6(7)
[2023-01-03T16:41:58.845+0900][gc,heap       ] GC(160) Old regions: 172->177
[2023-01-03T16:41:58.845+0900][gc,heap       ] GC(160) Humongous regions: 129->129
[2023-01-03T16:41:58.845+0900][gc,metaspace  ] GC(160) Metaspace: 51542K->51542K(1095680K)
[2023-01-03T16:41:58.846+0900][gc            ] GC(160) Pause Young (Normal) (G1 Evacuation Pause) 351M->310M(1024M) 38.243ms
[2023-01-03T16:41:58.846+0900][gc,cpu        ] GC(160) User=0.07s Sys=0.05s Real=0.04s
[2023-01-03T16:45:52.279+0900][gc,start      ] GC(161) Pause Young (Normal) (G1 Evacuation Pause)
[2023-01-03T16:45:52.280+0900][gc,task       ] GC(161) Using 8 workers of 8 for evacuation
[2023-01-03T16:45:52.302+0900][gc,mmu        ] GC(161) MMU target violated: 21.0ms (20.0ms/21.0ms)
[2023-01-03T16:45:52.302+0900][gc,phases     ] GC(161)   Pre Evacuate Collection Set: 1.0ms
[2023-01-03T16:45:52.302+0900][gc,phases     ] GC(161)   Evacuate Collection Set: 19.8ms
[2023-01-03T16:45:52.302+0900][gc,phases     ] GC(161)   Post Evacuate Collection Set: 0.6ms
[2023-01-03T16:45:52.302+0900][gc,phases     ] GC(161)   Other: 1.5ms
[2023-01-03T16:45:52.302+0900][gc,heap       ] GC(161) Eden regions: 45->0(47)
[2023-01-03T16:45:52.302+0900][gc,heap       ] GC(161) Survivor regions: 6->4(7)
[2023-01-03T16:45:52.302+0900][gc,heap       ] GC(161) Old regions: 177->180
[2023-01-03T16:45:52.302+0900][gc,heap       ] GC(161) Humongous regions: 129->129
[2023-01-03T16:45:52.302+0900][gc,metaspace  ] GC(161) Metaspace: 51542K->51542K(1095680K)
[2023-01-03T16:45:52.302+0900][gc            ] GC(161) Pause Young (Normal) (G1 Evacuation Pause) 355M->311M(1024M) 22.982ms
[2023-01-03T16:45:52.302+0900][gc,cpu        ] GC(161) User=0.03s Sys=0.04s Real=0.03s
[2023-01-03T16:49:56.765+0900][gc,start      ] GC(162) Pause Young (Normal) (G1 Evacuation Pause)
[2023-01-03T16:49:56.766+0900][gc,task       ] GC(162) Using 8 workers of 8 for evacuation
[2023-01-03T16:49:56.801+0900][gc,mmu        ] GC(162) MMU target violated: 21.0ms (20.0ms/21.0ms)
[2023-01-03T16:49:56.801+0900][gc,phases     ] GC(162)   Pre Evacuate Collection Set: 1.3ms
[2023-01-03T16:49:56.801+0900][gc,phases     ] GC(162)   Evacuate Collection Set: 31.3ms
[2023-01-03T16:49:56.801+0900][gc,phases     ] GC(162)   Post Evacuate Collection Set: 0.9ms
[2023-01-03T16:49:56.801+0900][gc,phases     ] GC(162)   Other: 2.4ms
[2023-01-03T16:49:56.801+0900][gc,heap       ] GC(162) Eden regions: 47->0(44)
[2023-01-03T16:49:56.801+0900][gc,heap       ] GC(162) Survivor regions: 4->7(7)
[2023-01-03T16:49:56.801+0900][gc,heap       ] GC(162) Old regions: 180->180
[2023-01-03T16:49:56.801+0900][gc,heap       ] GC(162) Humongous regions: 129->129
[2023-01-03T16:49:56.801+0900][gc,metaspace  ] GC(162) Metaspace: 51543K->51543K(1095680K)
[2023-01-03T16:49:56.801+0900][gc            ] GC(162) Pause Young (Normal) (G1 Evacuation Pause) 358M->315M(1024M) 36.000ms
[2023-01-03T16:49:56.801+0900][gc,cpu        ] GC(162) User=0.05s Sys=0.06s Real=0.04s
[2023-01-03T16:53:44.053+0900][gc,start      ] GC(163) Pause Young (Normal) (G1 Evacuation Pause)
[2023-01-03T16:53:44.055+0900][gc,task       ] GC(163) Using 8 workers of 8 for evacuation
[2023-01-03T16:53:44.088+0900][gc,mmu        ] GC(163) MMU target violated: 21.0ms (20.0ms/21.0ms)
[2023-01-03T16:53:44.088+0900][gc,phases     ] GC(163)   Pre Evacuate Collection Set: 1.4ms
[2023-01-03T16:53:44.088+0900][gc,phases     ] GC(163)   Evacuate Collection Set: 29.9ms
[2023-01-03T16:53:44.088+0900][gc,phases     ] GC(163)   Post Evacuate Collection Set: 0.9ms
[2023-01-03T16:53:44.088+0900][gc,phases     ] GC(163)   Other: 3.1ms
[2023-01-03T16:53:44.088+0900][gc,heap       ] GC(163) Eden regions: 44->0(48)
[2023-01-03T16:53:44.088+0900][gc,heap       ] GC(163) Survivor regions: 7->3(7)
[2023-01-03T16:53:44.088+0900][gc,heap       ] GC(163) Old regions: 180->184
[2023-01-03T16:53:44.088+0900][gc,heap       ] GC(163) Humongous regions: 129->129
[2023-01-03T16:53:44.088+0900][gc,metaspace  ] GC(163) Metaspace: 51543K->51543K(1095680K)
[2023-01-03T16:53:44.088+0900][gc            ] GC(163) Pause Young (Normal) (G1 Evacuation Pause) 359M->315M(1024M) 35.147ms
[2023-01-03T16:53:44.088+0900][gc,cpu        ] GC(163) User=0.06s Sys=0.05s Real=0.03s
[2023-01-03T16:57:52.333+0900][gc,start      ] GC(164) Pause Young (Normal) (G1 Evacuation Pause)
[2023-01-03T16:57:52.335+0900][gc,task       ] GC(164) Using 8 workers of 8 for evacuation
[2023-01-03T16:57:52.356+0900][gc,mmu        ] GC(164) MMU target violated: 21.0ms (20.0ms/21.0ms)
[2023-01-03T16:57:52.356+0900][gc,phases     ] GC(164)   Pre Evacuate Collection Set: 1.4ms
[2023-01-03T16:57:52.356+0900][gc,phases     ] GC(164)   Evacuate Collection Set: 18.9ms
[2023-01-03T16:57:52.356+0900][gc,phases     ] GC(164)   Post Evacuate Collection Set: 0.7ms
[2023-01-03T16:57:52.356+0900][gc,phases     ] GC(164)   Other: 2.5ms
[2023-01-03T16:57:52.356+0900][gc,heap       ] GC(164) Eden regions: 48->0(44)
[2023-01-03T16:57:52.356+0900][gc,heap       ] GC(164) Survivor regions: 3->7(7)
[2023-01-03T16:57:52.357+0900][gc,heap       ] GC(164) Old regions: 184->184
[2023-01-03T16:57:52.357+0900][gc,heap       ] GC(164) Humongous regions: 129->129
[2023-01-03T16:57:52.357+0900][gc,metaspace  ] GC(164) Metaspace: 51543K->51543K(1095680K)
[2023-01-03T16:57:52.357+0900][gc            ] GC(164) Pause Young (Normal) (G1 Evacuation Pause) 363M->318M(1024M) 23.516ms
[2023-01-03T16:57:52.357+0900][gc,cpu        ] GC(164) User=0.05s Sys=0.03s Real=0.02s
[2023-01-03T17:01:40.749+0900][gc,start      ] GC(165) Pause Young (Normal) (G1 Evacuation Pause)
[2023-01-03T17:01:40.751+0900][gc,task       ] GC(165) Using 8 workers of 8 for evacuation
[2023-01-03T17:01:40.773+0900][gc,mmu        ] GC(165) MMU target violated: 21.0ms (20.0ms/21.0ms)
[2023-01-03T17:01:40.773+0900][gc,phases     ] GC(165)   Pre Evacuate Collection Set: 0.1ms
[2023-01-03T17:01:40.773+0900][gc,phases     ] GC(165)   Evacuate Collection Set: 21.2ms
[2023-01-03T17:01:40.773+0900][gc,phases     ] GC(165)   Post Evacuate Collection Set: 0.3ms
[2023-01-03T17:01:40.773+0900][gc,phases     ] GC(165)   Other: 2.0ms
[2023-01-03T17:01:40.773+0900][gc,heap       ] GC(165) Eden regions: 44->0(45)
[2023-01-03T17:01:40.773+0900][gc,heap       ] GC(165) Survivor regions: 7->6(7)
[2023-01-03T17:01:40.773+0900][gc,heap       ] GC(165) Old regions: 184->188
[2023-01-03T17:01:40.773+0900][gc,heap       ] GC(165) Humongous regions: 129->129
[2023-01-03T17:01:40.773+0900][gc,metaspace  ] GC(165) Metaspace: 51543K->51543K(1095680K)
[2023-01-03T17:01:40.773+0900][gc            ] GC(165) Pause Young (Normal) (G1 Evacuation Pause) 362M->322M(1024M) 23.743ms
[2023-01-03T17:01:40.773+0900][gc,cpu        ] GC(165) User=0.06s Sys=0.02s Real=0.03s
[2023-01-03T17:05:33.472+0900][gc,start      ] GC(166) Pause Young (Normal) (G1 Evacuation Pause)
[2023-01-03T17:05:33.474+0900][gc,task       ] GC(166) Using 8 workers of 8 for evacuation
[2023-01-03T17:05:33.497+0900][gc,mmu        ] GC(166) MMU target violated: 21.0ms (20.0ms/21.0ms)
[2023-01-03T17:05:33.497+0900][gc,phases     ] GC(166)   Pre Evacuate Collection Set: 1.3ms
[2023-01-03T17:05:33.497+0900][gc,phases     ] GC(166)   Evacuate Collection Set: 19.6ms
[2023-01-03T17:05:33.497+0900][gc,phases     ] GC(166)   Post Evacuate Collection Set: 0.8ms
[2023-01-03T17:05:33.497+0900][gc,phases     ] GC(166)   Other: 2.6ms
[2023-01-03T17:05:33.497+0900][gc,heap       ] GC(166) Eden regions: 45->0(47)
[2023-01-03T17:05:33.497+0900][gc,heap       ] GC(166) Survivor regions: 6->4(7)
[2023-01-03T17:05:33.497+0900][gc,heap       ] GC(166) Old regions: 188->191
[2023-01-03T17:05:33.497+0900][gc,heap       ] GC(166) Humongous regions: 129->129
[2023-01-03T17:05:33.497+0900][gc,metaspace  ] GC(166) Metaspace: 51543K->51543K(1095680K)
[2023-01-03T17:05:33.497+0900][gc            ] GC(166) Pause Young (Normal) (G1 Evacuation Pause) 367M->322M(1024M) 24.464ms
[2023-01-03T17:05:33.497+0900][gc,cpu        ] GC(166) User=0.05s Sys=0.03s Real=0.02s
[2023-01-03T17:09:37.998+0900][gc,start      ] GC(167) Pause Young (Normal) (G1 Evacuation Pause)
[2023-01-03T17:09:37.999+0900][gc,task       ] GC(167) Using 8 workers of 8 for evacuation
[2023-01-03T17:09:38.018+0900][gc,phases     ] GC(167)   Pre Evacuate Collection Set: 0.6ms
[2023-01-03T17:09:38.018+0900][gc,phases     ] GC(167)   Evacuate Collection Set: 16.4ms
[2023-01-03T17:09:38.018+0900][gc,phases     ] GC(167)   Post Evacuate Collection Set: 0.7ms
[2023-01-03T17:09:38.018+0900][gc,phases     ] GC(167)   Other: 2.2ms
[2023-01-03T17:09:38.018+0900][gc,heap       ] GC(167) Eden regions: 47->0(44)
[2023-01-03T17:09:38.018+0900][gc,heap       ] GC(167) Survivor regions: 4->7(7)
[2023-01-03T17:09:38.018+0900][gc,heap       ] GC(167) Old regions: 191->191
[2023-01-03T17:09:38.018+0900][gc,heap       ] GC(167) Humongous regions: 129->129
[2023-01-03T17:09:38.018+0900][gc,metaspace  ] GC(167) Metaspace: 51543K->51543K(1095680K)
[2023-01-03T17:09:38.018+0900][gc            ] GC(167) Pause Young (Normal) (G1 Evacuation Pause) 369M->326M(1024M) 20.125ms
[2023-01-03T17:09:38.018+0900][gc,cpu        ] GC(167) User=0.05s Sys=0.02s Real=0.02s
[2023-01-03T17:13:25.223+0900][gc,start      ] GC(168) Pause Young (Normal) (G1 Evacuation Pause)
[2023-01-03T17:13:25.223+0900][gc,task       ] GC(168) Using 8 workers of 8 for evacuation
[2023-01-03T17:13:25.252+0900][gc,mmu        ] GC(168) MMU target violated: 21.0ms (20.0ms/21.0ms)
[2023-01-03T17:13:25.252+0900][gc,phases     ] GC(168)   Pre Evacuate Collection Set: 0.6ms
[2023-01-03T17:13:25.252+0900][gc,phases     ] GC(168)   Evacuate Collection Set: 27.6ms
[2023-01-03T17:13:25.252+0900][gc,phases     ] GC(168)   Post Evacuate Collection Set: 0.4ms
[2023-01-03T17:13:25.252+0900][gc,phases     ] GC(168)   Other: 1.0ms
[2023-01-03T17:13:25.252+0900][gc,heap       ] GC(168) Eden regions: 44->0(47)
[2023-01-03T17:13:25.252+0900][gc,heap       ] GC(168) Survivor regions: 7->4(7)
[2023-01-03T17:13:25.252+0900][gc,heap       ] GC(168) Old regions: 191->195
[2023-01-03T17:13:25.252+0900][gc,heap       ] GC(168) Humongous regions: 129->129
[2023-01-03T17:13:25.252+0900][gc,metaspace  ] GC(168) Metaspace: 51543K->51543K(1095680K)
[2023-01-03T17:13:25.252+0900][gc            ] GC(168) Pause Young (Normal) (G1 Evacuation Pause) 370M->326M(1024M) 29.627ms
[2023-01-03T17:13:25.252+0900][gc,cpu        ] GC(168) User=0.05s Sys=0.04s Real=0.03s
[2023-01-03T17:17:14.799+0900][gc,start      ] GC(169) Pause Young (Normal) (G1 Evacuation Pause)
[2023-01-03T17:17:14.800+0900][gc,task       ] GC(169) Using 8 workers of 8 for evacuation
[2023-01-03T17:17:14.838+0900][gc,mmu        ] GC(169) MMU target violated: 21.0ms (20.0ms/21.0ms)
[2023-01-03T17:17:14.838+0900][gc,phases     ] GC(169)   Pre Evacuate Collection Set: 0.9ms
[2023-01-03T17:17:14.838+0900][gc,phases     ] GC(169)   Evacuate Collection Set: 35.9ms
[2023-01-03T17:17:14.838+0900][gc,phases     ] GC(169)   Post Evacuate Collection Set: 0.8ms
[2023-01-03T17:17:14.838+0900][gc,phases     ] GC(169)   Other: 2.1ms
[2023-01-03T17:17:14.838+0900][gc,heap       ] GC(169) Eden regions: 47->0(44)
[2023-01-03T17:17:14.838+0900][gc,heap       ] GC(169) Survivor regions: 4->7(7)
[2023-01-03T17:17:14.838+0900][gc,heap       ] GC(169) Old regions: 195->196
[2023-01-03T17:17:14.838+0900][gc,heap       ] GC(169) Humongous regions: 129->129
[2023-01-03T17:17:14.838+0900][gc,metaspace  ] GC(169) Metaspace: 51543K->51543K(1095680K)
[2023-01-03T17:17:14.838+0900][gc            ] GC(169) Pause Young (Normal) (G1 Evacuation Pause) 373M->331M(1024M) 39.690ms
[2023-01-03T17:17:14.838+0900][gc,cpu        ] GC(169) User=0.06s Sys=0.07s Real=0.04s
[2023-01-03T17:21:02.676+0900][gc,start      ] GC(170) Pause Young (Normal) (G1 Evacuation Pause)
[2023-01-03T17:21:02.678+0900][gc,task       ] GC(170) Using 8 workers of 8 for evacuation
[2023-01-03T17:21:02.708+0900][gc,mmu        ] GC(170) MMU target violated: 21.0ms (20.0ms/21.0ms)
[2023-01-03T17:21:02.708+0900][gc,phases     ] GC(170)   Pre Evacuate Collection Set: 1.0ms
[2023-01-03T17:21:02.708+0900][gc,phases     ] GC(170)   Evacuate Collection Set: 27.4ms
[2023-01-03T17:21:02.708+0900][gc,phases     ] GC(170)   Post Evacuate Collection Set: 0.8ms
[2023-01-03T17:21:02.708+0900][gc,phases     ] GC(170)   Other: 2.2ms
[2023-01-03T17:21:02.708+0900][gc,heap       ] GC(170) Eden regions: 44->0(45)
[2023-01-03T17:21:02.708+0900][gc,heap       ] GC(170) Survivor regions: 7->6(7)
[2023-01-03T17:21:02.708+0900][gc,heap       ] GC(170) Old regions: 196->201
[2023-01-03T17:21:02.708+0900][gc,heap       ] GC(170) Humongous regions: 129->129
[2023-01-03T17:21:02.708+0900][gc,metaspace  ] GC(170) Metaspace: 51543K->51543K(1095680K)
[2023-01-03T17:21:02.708+0900][gc            ] GC(170) Pause Young (Normal) (G1 Evacuation Pause) 375M->334M(1024M) 31.498ms
[2023-01-03T17:21:02.708+0900][gc,cpu        ] GC(170) User=0.06s Sys=0.04s Real=0.03s
[2023-01-03T17:24:46.354+0900][gc,start      ] GC(171) Pause Young (Normal) (G1 Evacuation Pause)
[2023-01-03T17:24:46.355+0900][gc,task       ] GC(171) Using 8 workers of 8 for evacuation
[2023-01-03T17:24:46.361+0900][gc,phases     ] GC(171)   Pre Evacuate Collection Set: 0.3ms
[2023-01-03T17:24:46.361+0900][gc,phases     ] GC(171)   Evacuate Collection Set: 6.1ms
[2023-01-03T17:24:46.361+0900][gc,phases     ] GC(171)   Post Evacuate Collection Set: 0.3ms
[2023-01-03T17:24:46.361+0900][gc,phases     ] GC(171)   Other: 0.4ms
[2023-01-03T17:24:46.361+0900][gc,heap       ] GC(171) Eden regions: 45->0(47)
[2023-01-03T17:24:46.361+0900][gc,heap       ] GC(171) Survivor regions: 6->4(7)
[2023-01-03T17:24:46.361+0900][gc,heap       ] GC(171) Old regions: 201->203
[2023-01-03T17:24:46.361+0900][gc,heap       ] GC(171) Humongous regions: 129->129
[2023-01-03T17:24:46.361+0900][gc,metaspace  ] GC(171) Metaspace: 51627K->51627K(1095680K)
[2023-01-03T17:24:46.361+0900][gc            ] GC(171) Pause Young (Normal) (G1 Evacuation Pause) 379M->335M(1024M) 7.178ms
[2023-01-03T17:24:46.362+0900][gc,cpu        ] GC(171) User=0.02s Sys=0.02s Real=0.01s
[2023-01-03T17:24:50.064+0900][gc,heap,exit  ] Heap
[2023-01-03T17:24:50.064+0900][gc,heap,exit  ]  garbage-first heap   total 1048576K, used 352556K [0x00000007c0000000, 0x0000000800000000)
[2023-01-03T17:24:50.064+0900][gc,heap,exit  ]   region size 1024K, 15 young (15360K), 4 survivors (4096K)
[2023-01-03T17:24:50.064+0900][gc,heap,exit  ]  Metaspace       used 52328K, capacity 55238K, committed 55424K, reserved 1097728K
[2023-01-03T17:24:50.064+0900][gc,heap,exit  ]   class space    used 6562K, capacity 7954K, committed 8064K, reserved 1048576K
