[2023-01-02T16:10:31.054+0900][gc,heap] Heap region size: 1M
[2023-01-02T16:10:31.058+0900][gc     ] Using G1
[2023-01-02T16:10:31.058+0900][gc,heap,coops] Heap address: 0x00000007e0000000, size: 512 MB, Compressed Oops mode: Zero based, Oop shift amount: 3
[2023-01-02T16:10:36.970+0900][gc,start     ] GC(0) Pause Young (Normal) (G1 Evacuation Pause)
[2023-01-02T16:10:36.970+0900][gc,task      ] GC(0) Using 8 workers of 8 for evacuation
[2023-01-02T16:10:36.981+0900][gc,phases    ] GC(0)   Pre Evacuate Collection Set: 0.0ms
[2023-01-02T16:10:36.981+0900][gc,phases    ] GC(0)   Evacuate Collection Set: 10.6ms
[2023-01-02T16:10:36.981+0900][gc,phases    ] GC(0)   Post Evacuate Collection Set: 0.3ms
[2023-01-02T16:10:36.981+0900][gc,phases    ] GC(0)   Other: 0.6ms
[2023-01-02T16:10:36.981+0900][gc,heap      ] GC(0) Eden regions: 25->0(21)
[2023-01-02T16:10:36.981+0900][gc,heap      ] GC(0) Survivor regions: 0->4(4)
[2023-01-02T16:10:36.981+0900][gc,heap      ] GC(0) Old regions: 0->4
[2023-01-02T16:10:36.981+0900][gc,heap      ] GC(0) Humongous regions: 0->0
[2023-01-02T16:10:36.981+0900][gc,metaspace ] GC(0) Metaspace: 14642K->14642K(1062912K)
[2023-01-02T16:10:36.981+0900][gc           ] GC(0) Pause Young (Normal) (G1 Evacuation Pause) 25M->7M(512M) 11.603ms
[2023-01-02T16:10:36.981+0900][gc,cpu       ] GC(0) User=0.04s Sys=0.01s Real=0.01s
[2023-01-02T17:53:10.973+0900][gc,start     ] GC(1) Pause Young (Normal) (G1 Evacuation Pause)
[2023-01-02T17:53:10.973+0900][gc,task      ] GC(1) Using 8 workers of 8 for evacuation
[2023-01-02T17:53:11.003+0900][gc,mmu       ] GC(1) MMU target violated: 21.0ms (20.0ms/21.0ms)
[2023-01-02T17:53:11.003+0900][gc,phases    ] GC(1)   Pre Evacuate Collection Set: 0.2ms
[2023-01-02T17:53:11.003+0900][gc,phases    ] GC(1)   Evacuate Collection Set: 28.9ms
[2023-01-02T17:53:11.003+0900][gc,phases    ] GC(1)   Post Evacuate Collection Set: 0.4ms
[2023-01-02T17:53:11.003+0900][gc,phases    ] GC(1)   Other: 0.6ms
[2023-01-02T17:53:11.003+0900][gc,heap      ] GC(1) Eden regions: 21->0(24)
[2023-01-02T17:53:11.003+0900][gc,heap      ] GC(1) Survivor regions: 4->1(4)
[2023-01-02T17:53:11.003+0900][gc,heap      ] GC(1) Old regions: 4->8
[2023-01-02T17:53:11.003+0900][gc,heap      ] GC(1) Humongous regions: 0->0
[2023-01-02T17:53:11.003+0900][gc,metaspace ] GC(1) Metaspace: 16667K->16667K(1064960K)
[2023-01-02T17:53:11.003+0900][gc           ] GC(1) Pause Young (Normal) (G1 Evacuation Pause) 28M->8M(512M) 30.111ms
[2023-01-02T17:53:11.003+0900][gc,cpu       ] GC(1) User=0.07s Sys=0.05s Real=0.03s
[2023-01-02T17:53:11.007+0900][gc,heap,exit ] Heap
[2023-01-02T17:53:11.007+0900][gc,heap,exit ]  garbage-first heap   total 524288K, used 8226K [0x00000007e0000000, 0x0000000800000000)
[2023-01-02T17:53:11.007+0900][gc,heap,exit ]   region size 1024K, 2 young (2048K), 1 survivors (1024K)
[2023-01-02T17:53:11.007+0900][gc,heap,exit ]  Metaspace       used 16677K, capacity 17032K, committed 17408K, reserved 1064960K
[2023-01-02T17:53:11.007+0900][gc,heap,exit ]   class space    used 1637K, capacity 1751K, committed 1792K, reserved 1048576K
