[2022-12-31T19:35:28.318+0900][gc,heap] Heap region size: 1M
[2022-12-31T19:35:28.321+0900][gc     ] Using G1
[2022-12-31T19:35:28.321+0900][gc,heap,coops] Heap address: 0x00000007e0000000, size: 512 MB, Compressed Oops mode: Zero based, Oop shift amount: 3
[2022-12-31T19:35:34.181+0900][gc,start     ] GC(0) Pause Young (Normal) (G1 Evacuation Pause)
[2022-12-31T19:35:34.182+0900][gc,task      ] GC(0) Using 8 workers of 8 for evacuation
[2022-12-31T19:35:34.191+0900][gc,phases    ] GC(0)   Pre Evacuate Collection Set: 0.0ms
[2022-12-31T19:35:34.191+0900][gc,phases    ] GC(0)   Evacuate Collection Set: 9.0ms
[2022-12-31T19:35:34.191+0900][gc,phases    ] GC(0)   Post Evacuate Collection Set: 0.3ms
[2022-12-31T19:35:34.191+0900][gc,phases    ] GC(0)   Other: 0.6ms
[2022-12-31T19:35:34.191+0900][gc,heap      ] GC(0) Eden regions: 25->0(21)
[2022-12-31T19:35:34.191+0900][gc,heap      ] GC(0) Survivor regions: 0->4(4)
[2022-12-31T19:35:34.191+0900][gc,heap      ] GC(0) Old regions: 0->4
[2022-12-31T19:35:34.191+0900][gc,heap      ] GC(0) Humongous regions: 0->0
[2022-12-31T19:35:34.191+0900][gc,metaspace ] GC(0) Metaspace: 14659K->14659K(1062912K)
[2022-12-31T19:35:34.191+0900][gc           ] GC(0) Pause Young (Normal) (G1 Evacuation Pause) 25M->7M(512M) 9.990ms
[2022-12-31T19:35:34.191+0900][gc,cpu       ] GC(0) User=0.02s Sys=0.01s Real=0.01s
[2022-12-31T19:36:51.533+0900][gc,heap,exit ] Heap
[2022-12-31T19:36:51.533+0900][gc,heap,exit ]  garbage-first heap   total 524288K, used 12616K [0x00000007e0000000, 0x0000000800000000)
[2022-12-31T19:36:51.533+0900][gc,heap,exit ]   region size 1024K, 10 young (10240K), 4 survivors (4096K)
[2022-12-31T19:36:51.533+0900][gc,heap,exit ]  Metaspace       used 15354K, capacity 15775K, committed 16128K, reserved 1062912K
[2022-12-31T19:36:51.533+0900][gc,heap,exit ]   class space    used 1556K, capacity 1716K, committed 1792K, reserved 1048576K
