[2022-12-31T20:40:36.033+0900][gc,heap] Heap region size: 1M
[2022-12-31T20:40:36.036+0900][gc     ] Using G1
[2022-12-31T20:40:36.036+0900][gc,heap,coops] Heap address: 0x00000007e0000000, size: 512 MB, Compressed Oops mode: Zero based, Oop shift amount: 3
[2022-12-31T20:40:41.946+0900][gc,start     ] GC(0) Pause Young (Normal) (G1 Evacuation Pause)
[2022-12-31T20:40:41.947+0900][gc,task      ] GC(0) Using 8 workers of 8 for evacuation
[2022-12-31T20:40:41.957+0900][gc,phases    ] GC(0)   Pre Evacuate Collection Set: 0.1ms
[2022-12-31T20:40:41.957+0900][gc,phases    ] GC(0)   Evacuate Collection Set: 9.9ms
[2022-12-31T20:40:41.957+0900][gc,phases    ] GC(0)   Post Evacuate Collection Set: 0.3ms
[2022-12-31T20:40:41.957+0900][gc,phases    ] GC(0)   Other: 0.5ms
[2022-12-31T20:40:41.957+0900][gc,heap      ] GC(0) Eden regions: 25->0(21)
[2022-12-31T20:40:41.957+0900][gc,heap      ] GC(0) Survivor regions: 0->4(4)
[2022-12-31T20:40:41.957+0900][gc,heap      ] GC(0) Old regions: 0->4
[2022-12-31T20:40:41.957+0900][gc,heap      ] GC(0) Humongous regions: 0->0
[2022-12-31T20:40:41.957+0900][gc,metaspace ] GC(0) Metaspace: 14660K->14660K(1062912K)
[2022-12-31T20:40:41.957+0900][gc           ] GC(0) Pause Young (Normal) (G1 Evacuation Pause) 25M->7M(512M) 10.982ms
[2022-12-31T20:40:41.957+0900][gc,cpu       ] GC(0) User=0.03s Sys=0.01s Real=0.01s
[2023-01-01T00:07:18.570+0900][gc,start     ] GC(1) Pause Young (Normal) (G1 Evacuation Pause)
[2023-01-01T00:07:18.571+0900][gc,task      ] GC(1) Using 8 workers of 8 for evacuation
[2023-01-01T00:07:18.621+0900][gc,mmu       ] GC(1) MMU target violated: 21.0ms (20.0ms/21.0ms)
[2023-01-01T00:07:18.621+0900][gc,phases    ] GC(1)   Pre Evacuate Collection Set: 0.7ms
[2023-01-01T00:07:18.621+0900][gc,phases    ] GC(1)   Evacuate Collection Set: 48.1ms
[2023-01-01T00:07:18.621+0900][gc,phases    ] GC(1)   Post Evacuate Collection Set: 0.5ms
[2023-01-01T00:07:18.621+0900][gc,phases    ] GC(1)   Other: 1.8ms
[2023-01-01T00:07:18.621+0900][gc,heap      ] GC(1) Eden regions: 21->0(24)
[2023-01-01T00:07:18.621+0900][gc,heap      ] GC(1) Survivor regions: 4->1(4)
[2023-01-01T00:07:18.621+0900][gc,heap      ] GC(1) Old regions: 4->8
[2023-01-01T00:07:18.621+0900][gc,heap      ] GC(1) Humongous regions: 0->0
[2023-01-01T00:07:18.621+0900][gc,metaspace ] GC(1) Metaspace: 16636K->16636K(1064960K)
[2023-01-01T00:07:18.621+0900][gc           ] GC(1) Pause Young (Normal) (G1 Evacuation Pause) 28M->7M(512M) 51.113ms
[2023-01-01T00:07:18.621+0900][gc,cpu       ] GC(1) User=0.14s Sys=0.08s Real=0.05s
[2023-01-01T14:07:52.897+0900][gc,heap,exit ] Heap
[2023-01-01T14:07:52.898+0900][gc,heap,exit ]  garbage-first heap   total 524288K, used 13262K [0x00000007e0000000, 0x0000000800000000)
[2023-01-01T14:07:52.898+0900][gc,heap,exit ]   region size 1024K, 7 young (7168K), 1 survivors (1024K)
[2023-01-01T14:07:52.898+0900][gc,heap,exit ]  Metaspace       used 16657K, capacity 17063K, committed 17408K, reserved 1064960K
[2023-01-01T14:07:52.898+0900][gc,heap,exit ]   class space    used 1638K, capacity 1783K, committed 1792K, reserved 1048576K
