[2023-01-02T18:04:57.640+0900][gc,heap] Heap region size: 1M
[2023-01-02T18:04:57.643+0900][gc     ] Using G1
[2023-01-02T18:04:57.643+0900][gc,heap,coops] Heap address: 0x00000007e0000000, size: 512 MB, Compressed Oops mode: Zero based, Oop shift amount: 3
[2023-01-02T18:05:03.589+0900][gc,start     ] GC(0) Pause Young (Normal) (G1 Evacuation Pause)
[2023-01-02T18:05:03.590+0900][gc,task      ] GC(0) Using 8 workers of 8 for evacuation
[2023-01-02T18:05:03.600+0900][gc,phases    ] GC(0)   Pre Evacuate Collection Set: 0.1ms
[2023-01-02T18:05:03.600+0900][gc,phases    ] GC(0)   Evacuate Collection Set: 9.9ms
[2023-01-02T18:05:03.600+0900][gc,phases    ] GC(0)   Post Evacuate Collection Set: 0.3ms
[2023-01-02T18:05:03.600+0900][gc,phases    ] GC(0)   Other: 0.5ms
[2023-01-02T18:05:03.600+0900][gc,heap      ] GC(0) Eden regions: 25->0(21)
[2023-01-02T18:05:03.600+0900][gc,heap      ] GC(0) Survivor regions: 0->4(4)
[2023-01-02T18:05:03.600+0900][gc,heap      ] GC(0) Old regions: 0->4
[2023-01-02T18:05:03.600+0900][gc,heap      ] GC(0) Humongous regions: 0->0
[2023-01-02T18:05:03.600+0900][gc,metaspace ] GC(0) Metaspace: 14645K->14645K(1062912K)
[2023-01-02T18:05:03.600+0900][gc           ] GC(0) Pause Young (Normal) (G1 Evacuation Pause) 25M->7M(512M) 10.917ms
[2023-01-02T18:05:03.600+0900][gc,cpu       ] GC(0) User=0.03s Sys=0.02s Real=0.02s
[2023-01-02T20:10:50.569+0900][gc,start     ] GC(1) Pause Young (Normal) (G1 Evacuation Pause)
[2023-01-02T20:10:50.571+0900][gc,task      ] GC(1) Using 8 workers of 8 for evacuation
[2023-01-02T20:10:50.622+0900][gc,mmu       ] GC(1) MMU target violated: 21.0ms (20.0ms/21.0ms)
[2023-01-02T20:10:50.622+0900][gc,phases    ] GC(1)   Pre Evacuate Collection Set: 0.6ms
[2023-01-02T20:10:50.622+0900][gc,phases    ] GC(1)   Evacuate Collection Set: 49.8ms
[2023-01-02T20:10:50.622+0900][gc,phases    ] GC(1)   Post Evacuate Collection Set: 0.5ms
[2023-01-02T20:10:50.622+0900][gc,phases    ] GC(1)   Other: 2.2ms
[2023-01-02T20:10:50.622+0900][gc,heap      ] GC(1) Eden regions: 21->0(24)
[2023-01-02T20:10:50.622+0900][gc,heap      ] GC(1) Survivor regions: 4->1(4)
[2023-01-02T20:10:50.622+0900][gc,heap      ] GC(1) Old regions: 4->8
[2023-01-02T20:10:50.622+0900][gc,heap      ] GC(1) Humongous regions: 0->0
[2023-01-02T20:10:50.622+0900][gc,metaspace ] GC(1) Metaspace: 16665K->16665K(1064960K)
[2023-01-02T20:10:50.622+0900][gc           ] GC(1) Pause Young (Normal) (G1 Evacuation Pause) 28M->8M(512M) 53.059ms
[2023-01-02T20:10:50.622+0900][gc,cpu       ] GC(1) User=0.14s Sys=0.08s Real=0.06s
[2023-01-03T14:25:25.427+0900][gc,start     ] GC(2) Pause Young (Normal) (G1 Evacuation Pause)
[2023-01-03T14:25:25.428+0900][gc,task      ] GC(2) Using 8 workers of 8 for evacuation
[2023-01-03T14:25:25.459+0900][gc,mmu       ] GC(2) MMU target violated: 21.0ms (20.0ms/21.0ms)
[2023-01-03T14:25:25.459+0900][gc,phases    ] GC(2)   Pre Evacuate Collection Set: 1.6ms
[2023-01-03T14:25:25.460+0900][gc,phases    ] GC(2)   Evacuate Collection Set: 28.4ms
[2023-01-03T14:25:25.460+0900][gc,phases    ] GC(2)   Post Evacuate Collection Set: 1.0ms
[2023-01-03T14:25:25.460+0900][gc,phases    ] GC(2)   Other: 3.6ms
[2023-01-03T14:25:25.460+0900][gc,heap      ] GC(2) Eden regions: 24->0(24)
[2023-01-03T14:25:25.460+0900][gc,heap      ] GC(2) Survivor regions: 1->1(4)
[2023-01-03T14:25:25.460+0900][gc,heap      ] GC(2) Old regions: 8->8
[2023-01-03T14:25:25.460+0900][gc,heap      ] GC(2) Humongous regions: 0->0
[2023-01-03T14:25:25.460+0900][gc,metaspace ] GC(2) Metaspace: 16679K->16679K(1064960K)
[2023-01-03T14:25:25.460+0900][gc           ] GC(2) Pause Young (Normal) (G1 Evacuation Pause) 32M->8M(512M) 32.678ms
[2023-01-03T14:25:25.460+0900][gc,cpu       ] GC(2) User=0.09s Sys=0.04s Real=0.04s
[2023-01-03T17:24:42.202+0900][gc,heap,exit ] Heap
[2023-01-03T17:24:42.202+0900][gc,heap,exit ]  garbage-first heap   total 524288K, used 18710K [0x00000007e0000000, 0x0000000800000000)
[2023-01-03T17:24:42.202+0900][gc,heap,exit ]   region size 1024K, 12 young (12288K), 1 survivors (1024K)
[2023-01-03T17:24:42.202+0900][gc,heap,exit ]  Metaspace       used 16689K, capacity 17032K, committed 17408K, reserved 1064960K
[2023-01-03T17:24:42.202+0900][gc,heap,exit ]   class space    used 1636K, capacity 1751K, committed 1792K, reserved 1048576K
